Component: ARM Compiler 5.06 update 5 (build 528) Tool: armlink [4d35e2]

==============================================================================

Section Cross References

    startup_stm32f750xx.o(RESET) refers to startup_stm32f750xx.o(STACK) for __initial_sp
    startup_stm32f750xx.o(RESET) refers to startup_stm32f750xx.o(.text) for Reset_Handler
    startup_stm32f750xx.o(RESET) refers to stm32f7xx_it.o(i.NMI_Handler) for NMI_Handler
    startup_stm32f750xx.o(RESET) refers to stm32f7xx_it.o(i.HardFault_Handler) for HardFault_Handler
    startup_stm32f750xx.o(RESET) refers to stm32f7xx_it.o(i.MemManage_Handler) for MemManage_Handler
    startup_stm32f750xx.o(RESET) refers to stm32f7xx_it.o(i.BusFault_Handler) for BusFault_Handler
    startup_stm32f750xx.o(RESET) refers to stm32f7xx_it.o(i.UsageFault_Handler) for UsageFault_Handler
    startup_stm32f750xx.o(RESET) refers to stm32f7xx_it.o(i.SVC_Handler) for SVC_Handler
    startup_stm32f750xx.o(RESET) refers to stm32f7xx_it.o(i.DebugMon_Handler) for DebugMon_Handler
    startup_stm32f750xx.o(RESET) refers to stm32f7xx_it.o(i.PendSV_Handler) for PendSV_Handler
    startup_stm32f750xx.o(RESET) refers to stm32f7xx_it.o(i.SysTick_Handler) for SysTick_Handler
    startup_stm32f750xx.o(RESET) refers to stm32f7xx_it.o(i.TIM3_IRQHandler) for TIM3_IRQHandler
    startup_stm32f750xx.o(RESET) refers to usmart.o(i.TIM4_IRQHandler) for TIM4_IRQHandler
    startup_stm32f750xx.o(RESET) refers to stm32f7xx_it.o(i.USART1_IRQHandler) for USART1_IRQHandler
    startup_stm32f750xx.o(RESET) refers to stm32f7xx_it.o(i.TIM5_IRQHandler) for TIM5_IRQHandler
    startup_stm32f750xx.o(RESET) refers to stm32f7xx_it.o(i.UART5_IRQHandler) for UART5_IRQHandler
    startup_stm32f750xx.o(RESET) refers to stm32f7xx_it.o(i.TIM6_DAC_IRQHandler) for TIM6_DAC_IRQHandler
    startup_stm32f750xx.o(.text) refers to system_stm32f7xx.o(i.SystemInit) for SystemInit
    startup_stm32f750xx.o(.text) refers to entry.o(.ARM.Collect$$$$00000000) for __main
    stm32f7xx_hal_cortex.o(i.HAL_NVIC_SetPriority) refers to stm32f7xx_hal_cortex.o(i.__NVIC_SetPriority) for __NVIC_SetPriority
    stm32f7xx_hal_cortex.o(i.HAL_SYSTICK_Config) refers to stm32f7xx_hal_cortex.o(i.__NVIC_SetPriority) for __NVIC_SetPriority
    stm32f7xx_hal_cortex.o(i.HAL_SYSTICK_IRQHandler) refers to stm32f7xx_hal_cortex.o(i.HAL_SYSTICK_Callback) for HAL_SYSTICK_Callback
    stm32f7xx_hal_tim.o(i.HAL_TIM_Base_DeInit) refers to tim.o(i.HAL_TIM_Base_MspDeInit) for HAL_TIM_Base_MspDeInit
    stm32f7xx_hal_tim.o(i.HAL_TIM_Base_Init) refers to tim.o(i.HAL_TIM_Base_MspInit) for HAL_TIM_Base_MspInit
    stm32f7xx_hal_tim.o(i.HAL_TIM_Base_Init) refers to stm32f7xx_hal_tim.o(i.TIM_Base_SetConfig) for TIM_Base_SetConfig
    stm32f7xx_hal_tim.o(i.HAL_TIM_Base_Start_DMA) refers to stm32f7xx_hal_dma.o(i.HAL_DMA_Start_IT) for HAL_DMA_Start_IT
    stm32f7xx_hal_tim.o(i.HAL_TIM_Base_Start_DMA) refers to stm32f7xx_hal_tim.o(i.TIM_DMAPeriodElapsedCplt) for TIM_DMAPeriodElapsedCplt
    stm32f7xx_hal_tim.o(i.HAL_TIM_Base_Start_DMA) refers to stm32f7xx_hal_tim.o(i.TIM_DMAPeriodElapsedHalfCplt) for TIM_DMAPeriodElapsedHalfCplt
    stm32f7xx_hal_tim.o(i.HAL_TIM_Base_Start_DMA) refers to stm32f7xx_hal_tim.o(i.TIM_DMAError) for TIM_DMAError
    stm32f7xx_hal_tim.o(i.HAL_TIM_Base_Stop_DMA) refers to stm32f7xx_hal_dma.o(i.HAL_DMA_Abort_IT) for HAL_DMA_Abort_IT
    stm32f7xx_hal_tim.o(i.HAL_TIM_ConfigClockSource) refers to stm32f7xx_hal_tim.o(i.TIM_ETR_SetConfig) for TIM_ETR_SetConfig
    stm32f7xx_hal_tim.o(i.HAL_TIM_ConfigClockSource) refers to stm32f7xx_hal_tim.o(i.TIM_TI1_ConfigInputStage) for TIM_TI1_ConfigInputStage
    stm32f7xx_hal_tim.o(i.HAL_TIM_ConfigClockSource) refers to stm32f7xx_hal_tim.o(i.TIM_TI2_ConfigInputStage) for TIM_TI2_ConfigInputStage
    stm32f7xx_hal_tim.o(i.HAL_TIM_ConfigClockSource) refers to stm32f7xx_hal_tim.o(i.TIM_ITRx_SetConfig) for TIM_ITRx_SetConfig
    stm32f7xx_hal_tim.o(i.HAL_TIM_ConfigOCrefClear) refers to stm32f7xx_hal_tim.o(i.TIM_ETR_SetConfig) for TIM_ETR_SetConfig
    stm32f7xx_hal_tim.o(i.HAL_TIM_DMABurst_MultiReadStart) refers to stm32f7xx_hal_dma.o(i.HAL_DMA_Start_IT) for HAL_DMA_Start_IT
    stm32f7xx_hal_tim.o(i.HAL_TIM_DMABurst_MultiReadStart) refers to stm32f7xx_hal_tim.o(i.TIM_DMAError) for TIM_DMAError
    stm32f7xx_hal_tim.o(i.HAL_TIM_DMABurst_MultiReadStart) refers to stm32f7xx_hal_tim.o(i.TIM_DMACaptureCplt) for TIM_DMACaptureCplt
    stm32f7xx_hal_tim.o(i.HAL_TIM_DMABurst_MultiReadStart) refers to stm32f7xx_hal_tim.o(i.TIM_DMACaptureHalfCplt) for TIM_DMACaptureHalfCplt
    stm32f7xx_hal_tim.o(i.HAL_TIM_DMABurst_MultiReadStart) refers to stm32f7xx_hal_tim.o(i.TIM_DMAPeriodElapsedCplt) for TIM_DMAPeriodElapsedCplt
    stm32f7xx_hal_tim.o(i.HAL_TIM_DMABurst_MultiReadStart) refers to stm32f7xx_hal_tim.o(i.TIM_DMAPeriodElapsedHalfCplt) for TIM_DMAPeriodElapsedHalfCplt
[...]
    i.TIM6_DAC_IRQHandler                    0x08003c10   Section        0  stm32f7xx_it.o(i.TIM6_DAC_IRQHandler)
    i.TIM6_IRQ                               0x08003c24   Section        0  globalclock.o(i.TIM6_IRQ)
    i.TIM_Base_SetConfig                     0x08003c48   Section        0  stm32f7xx_hal_tim.o(i.TIM_Base_SetConfig)
    i.TIM_CCxChannelCmd                      0x08003d14   Section        0  stm32f7xx_hal_tim.o(i.TIM_CCxChannelCmd)
    i.TIM_OC1_SetConfig                      0x08003d30   Section        0  stm32f7xx_hal_tim.o(i.TIM_OC1_SetConfig)
    TIM_OC1_SetConfig                        0x08003d31   Thumb Code   102  stm32f7xx_hal_tim.o(i.TIM_OC1_SetConfig)
    i.TIM_OC2_SetConfig                      0x08003da4   Section        0  stm32f7xx_hal_tim.o(i.TIM_OC2_SetConfig)
    i.TIM_OC3_SetConfig                      0x08003e1c   Section        0  stm32f7xx_hal_tim.o(i.TIM_OC3_SetConfig)
    TIM_OC3_SetConfig                        0x08003e1d   Thumb Code   108  stm32f7xx_hal_tim.o(i.TIM_OC3_SetConfig)
    i.TIM_OC4_SetConfig                      0x08003e94   Section        0  stm32f7xx_hal_tim.o(i.TIM_OC4_SetConfig)
    TIM_OC4_SetConfig                        0x08003e95   Thumb Code    76  stm32f7xx_hal_tim.o(i.TIM_OC4_SetConfig)
    i.TIM_OC5_SetConfig                      0x08003eec   Section        0  stm32f7xx_hal_tim.o(i.TIM_OC5_SetConfig)
    TIM_OC5_SetConfig                        0x08003eed   Thumb Code    74  stm32f7xx_hal_tim.o(i.TIM_OC5_SetConfig)
    i.TIM_OC6_SetConfig                      0x08003f44   Section        0  stm32f7xx_hal_tim.o(i.TIM_OC6_SetConfig)
    TIM_OC6_SetConfig                        0x08003f45   Thumb Code    74  stm32f7xx_hal_tim.o(i.TIM_OC6_SetConfig)
    i.TIM_TI1_SetConfig                      0x08003f9c   Section        0  stm32f7xx_hal_tim.o(i.TIM_TI1_SetConfig)
    i.TIM_TI2_SetConfig                      0x0800401c   Section        0  stm32f7xx_hal_tim.o(i.TIM_TI2_SetConfig)
    TIM_TI2_SetConfig                        0x0800401d   Thumb Code    54  stm32f7xx_hal_tim.o(i.TIM_TI2_SetConfig)
    i.Timer4_Init                            0x08004054   Section        0  usmart.o(i.Timer4_Init)
    i.UART5_IRQHandler                       0x080040a8   Section        0  stm32f7xx_it.o(i.UART5_IRQHandler)
    i.UART_AdvFeatureConfig                  0x080040b4   Section        0  stm32f7xx_hal_uart.o(i.UART_AdvFeatureConfig)
    i.UART_CheckIdleState                    0x0800417c   Section        0  stm32f7xx_hal_uart.o(i.UART_CheckIdleState)
    i.UART_DMAAbortOnError                   0x080041c0   Section        0  stm32f7xx_hal_uart.o(i.UART_DMAAbortOnError)
    UART_DMAAbortOnError                     0x080041c1   Thumb Code    20  stm32f7xx_hal_uart.o(i.UART_DMAAbortOnError)
    i.UART_EndRxTransfer                     0x080041d4   Section        0  stm32f7xx_hal_uart.o(i.UART_EndRxTransfer)
    UART_EndRxTransfer                       0x080041d5   Thumb Code    76  stm32f7xx_hal_uart.o(i.UART_EndRxTransfer)
    i.UART_RxISR_16BIT                       0x08004220   Section        0  stm32f7xx_hal_uart.o(i.UART_RxISR_16BIT)
    UART_RxISR_16BIT                         0x08004221   Thumb Code   164  stm32f7xx_hal_uart.o(i.UART_RxISR_16BIT)
    i.UART_RxISR_8BIT                        0x080042c4   Section        0  stm32f7xx_hal_uart.o(i.UART_RxISR_8BIT)
    UART_RxISR_8BIT                          0x080042c5   Thumb Code   164  stm32f7xx_hal_uart.o(i.UART_RxISR_8BIT)
    i.UART_SetConfig                         0x08004368   Section        0  stm32f7xx_hal_uart.o(i.UART_SetConfig)
    i.UART_Start_Receive_IT                  0x08004598   Section        0  stm32f7xx_hal_uart.o(i.UART_Start_Receive_IT)
    i.UART_WaitOnFlagUntilTimeout            0x08004650   Section        0  stm32f7xx_hal_uart.o(i.UART_WaitOnFlagUntilTimeout)
    i.USART1_IRQHandler                      0x0800471c   Section        0  stm32f7xx_it.o(i.USART1_IRQHandler)
    i.USART1_myIRQHandler                    0x08004730   Section        0  serial.o(i.USART1_myIRQHandler)
    i.UsageFault_Handler                     0x08004770   Section        0  stm32f7xx_it.o(i.UsageFault_Handler)
    i.__0printf                              0x08004774   Section        0  printfa.o(i.__0printf)
    i.__ARM_fpclassify                       0x08004794   Section        0  fpclassify.o(i.__ARM_fpclassify)
    i.__NVIC_SetPriority                     0x080047c4   Section        0  stm32f7xx_hal_cortex.o(i.__NVIC_SetPriority)
    __NVIC_SetPriority                       0x080047c5   Thumb Code    34  stm32f7xx_hal_cortex.o(i.__NVIC_SetPriority)
    i.__hardfp_cos                           0x080047e8   Section        0  cos.o(i.__hardfp_cos)
    i.__hardfp_sin                           0x080048b0   Section        0  sin.o(i.__hardfp_sin)
    i.__ieee754_rem_pio2                     0x08004978   Section        0  rred.o(i.__ieee754_rem_pio2)
    i.__kernel_cos                           0x08004db0   Section        0  cos_i.o(i.__kernel_cos)
    i.__kernel_poly                          0x08004f20   Section        0  poly.o(i.__kernel_poly)
    i.__kernel_sin                           0x08005018   Section        0  sin_i.o(i.__kernel_sin)
    i.__mathlib_dbl_infnan                   0x08005148   Section        0  dunder.o(i.__mathlib_dbl_infnan)
    i.__mathlib_dbl_invalid                  0x08005160   Section        0  dunder.o(i.__mathlib_dbl_invalid)
    i.__mathlib_dbl_underflow                0x08005180   Section        0  dunder.o(i.__mathlib_dbl_underflow)
    i.__scatterload_copy                     0x080051a0   Section       14  handlers.o(i.__scatterload_copy)
    i.__scatterload_null                     0x080051ae   Section        2  handlers.o(i.__scatterload_null)
    i.__scatterload_zeroinit                 0x080051b0   Section       14  handlers.o(i.__scatterload_zeroinit)
    i.__set_errno                            0x080051c0   Section        0  errno.o(i.__set_errno)
    i._fp_digits                             0x080051cc   Section        0  printfa.o(i._fp_digits)
    _fp_digits                               0x080051cd   Thumb Code   366  printfa.o(i._fp_digits)
    i._printf_core                           0x08005350   Section        0  printfa.o(i._printf_core)
    _printf_core                             0x08005351   Thumb Code  1744  printfa.o(i._printf_core)
    i._printf_post_padding                   0x08005a2c   Section        0  printfa.o(i._printf_post_padding)
    _printf_post_padding                     0x08005a2d   Thumb Code    36  printfa.o(i._printf_post_padding)
    i._printf_pre_padding                    0x08005a50   Section        0  printfa.o(i._printf_pre_padding)
    _printf_pre_padding                      0x08005a51   Thumb Code    46  printfa.o(i._printf_pre_padding)
    i.delay_ms                               0x08005a80   Section        0  globalclock.o(i.delay_ms)
    i.fabs                                   0x08005ab4   Section        0  fabs.o(i.fabs)
    i.fputc                                  0x08005acc   Section        0  serial.o(i.fputc)
    i.main                                   0x08005ae4   Section        0  main.o(i.main)
    i.motor_pid_data_init                    0x08005b50   Section        0  motor_pid.o(i.motor_pid_data_init)
    motor_pid_data_init                      0x08005b51   Thumb Code    48  motor_pid.o(i.motor_pid_data_init)
    i.pid_change                             0x08005b84   Section        0  motor_pid.o(i.pid_change)
    pid_change                               0x08005b85   Thumb Code   160  motor_pid.o(i.pid_change)
    i.pid_changed                            0x08005c34   Section        0  motor_pid.o(i.pid_changed)
    i.pid_changei                            0x08005c4c   Section        0  motor_pid.o(i.pid_changei)
    i.pid_changep                            0x08005c64   Section        0  motor_pid.o(i.pid_changep)
    i.pid_incremental                        0x08005c7c   Section        0  motor_pid.o(i.pid_incremental)
    i.pid_positional                         0x08005d64   Section        0  motor_pid.o(i.pid_positional)
    i.read_addr                              0x08005e4c   Section        0  usmart.o(i.read_addr)
    i.read_freq                              0x08005e50   Section        0  motor_encoder.o(i.read_freq)
    i.receive_imu901_IRQ                     0x08005e70   Section        0  jy61p.o(i.receive_imu901_IRQ)
    i.set_motor1_pid                         0x08005f28   Section        0  motor_pid.o(i.set_motor1_pid)
    set_motor1_pid                           0x08005f29   Thumb Code    80  motor_pid.o(i.set_motor1_pid)
    i.set_motor_speed                        0x08005f7c   Section        0  motor_power.o(i.set_motor_speed)
    set_motor_speed                          0x08005f7d   Thumb Code   212  motor_power.o(i.set_motor_speed)
    i.usmart_cmd_rec                         0x08006050   Section        0  usmart.o(i.usmart_cmd_rec)
    i.usmart_exe                             0x080060e4   Section        0  usmart.o(i.usmart_exe)
    i.usmart_get_aparm                       0x08006348   Section        0  usmart_str.o(i.usmart_get_aparm)
    i.usmart_get_cmdname                     0x080063ee   Section        0  usmart_str.o(i.usmart_get_cmdname)
    i.usmart_get_fname                       0x0800641c   Section        0  usmart_str.o(i.usmart_get_fname)
    i.usmart_get_fparam                      0x08006590   Section        0  usmart_str.o(i.usmart_get_fparam)
    i.usmart_get_parmpos                     0x08006674   Section        0  usmart_str.o(i.usmart_get_parmpos)
    i.usmart_get_runtime                     0x08006698   Section        0  usmart.o(i.usmart_get_runtime)
    i.usmart_init                            0x080066cc   Section        0  usmart.o(i.usmart_init)
    i.usmart_pow                             0x080066f4   Section        0  usmart_str.o(i.usmart_pow)
    i.usmart_reset_runtime                   0x08006704   Section        0  usmart.o(i.usmart_reset_runtime)
    i.usmart_scan                            0x08006730   Section        0  usmart.o(i.usmart_scan)
    i.usmart_search_nextc                    0x080067e8   Section        0  usmart_str.o(i.usmart_search_nextc)
    i.usmart_str2num                         0x080067f8   Section        0  usmart_str.o(i.usmart_str2num)
    i.usmart_strcmp                          0x080068d0   Section        0  usmart_str.o(i.usmart_strcmp)
    i.usmart_strcopy                         0x080068e8   Section        0  usmart_str.o(i.usmart_strcopy)
    i.usmart_strlen                          0x080068fa   Section        0  usmart_str.o(i.usmart_strlen)
    i.usmart_sys_cmd_exe                     0x0800690c   Section        0  usmart.o(i.usmart_sys_cmd_exe)
    i.write_addr                             0x08006d4c   Section        0  usmart.o(i.write_addr)
    .constdata                               0x08006d50   Section       16  system_stm32f7xx.o(.constdata)
    .constdata                               0x08006d60   Section        8  system_stm32f7xx.o(.constdata)
    .constdata                               0x08006d68   Section       48  cos_i.o(.constdata)
    C                                        0x08006d68   Data          48  cos_i.o(.constdata)
    .constdata                               0x08006d98   Section      200  rred.o(.constdata)
    pio2s                                    0x08006d98   Data          48  rred.o(.constdata)
    twooverpi                                0x08006dc8   Data         152  rred.o(.constdata)
    .constdata                               0x08006e60   Section       40  sin_i.o(.constdata)
    S                                        0x08006e60   Data          40  sin_i.o(.constdata)
    .conststring                             0x08006e88   Section      924  usmart.o(.conststring)
    .conststring                             0x08007224   Section      156  usmart_config.o(.conststring)
    .data                                    0x20000000   Section       12  stm32f7xx_hal.o(.data)
    .data                                    0x2000000c   Section        4  system_stm32f7xx.o(.data)
    .data                                    0x20000010   Section      136  motor_encoder.o(.data)
    ic_edge                                  0x20000010   Data           1  motor_encoder.o(.data)
    direct                                   0x20000011   Data           1  motor_encoder.o(.data)
    flag_first                               0x20000012   Data           1  motor_encoder.o(.data)
    ic_edge                                  0x20000013   Data           1  motor_encoder.o(.data)
    direct                                   0x20000014   Data           1  motor_encoder.o(.data)
    flag_first                               0x20000015   Data           1  motor_encoder.o(.data)
    ic_edge                                  0x20000016   Data           1  motor_encoder.o(.data)
    direct                                   0x20000017   Data           1  motor_encoder.o(.data)
    flag_first                               0x20000018   Data           1  motor_encoder.o(.data)
    ic_edge                                  0x20000019   Data           1  motor_encoder.o(.data)
    direct                                   0x2000001a   Data           1  motor_encoder.o(.data)
    flag_first                               0x2000001b   Data           1  motor_encoder.o(.data)
    cap_val_1                                0x20000020   Data           4  motor_encoder.o(.data)
    cap_val_2                                0x20000024   Data           4  motor_encoder.o(.data)
    sum_speed                                0x20000028   Data           4  motor_encoder.o(.data)
    single_speed                             0x2000002c   Data           4  motor_encoder.o(.data)
    average_speed                            0x20000030   Data           4  motor_encoder.o(.data)
    last_average_speed                       0x20000034   Data           4  motor_encoder.o(.data)
    cap_cnt                                  0x20000038   Data           4  motor_encoder.o(.data)
    cap_val_1                                0x2000003c   Data           4  motor_encoder.o(.data)
    cap_val_2                                0x20000040   Data           4  motor_encoder.o(.data)
    sum_speed                                0x20000044   Data           4  motor_encoder.o(.data)
    single_speed                             0x20000048   Data           4  motor_encoder.o(.data)
    average_speed                            0x2000004c   Data           4  motor_encoder.o(.data)
    last_average_speed                       0x20000050   Data           4  motor_encoder.o(.data)
    cap_cnt                                  0x20000054   Data           4  motor_encoder.o(.data)
    cap_val_1                                0x20000058   Data           4  motor_encoder.o(.data)
    cap_val_2                                0x2000005c   Data           4  motor_encoder.o(.data)
    sum_speed                                0x20000060   Data           4  motor_encoder.o(.data)
    single_speed                             0x20000064   Data           4  motor_encoder.o(.data)
    average_speed                            0x20000068   Data           4  motor_encoder.o(.data)
    last_average_speed                       0x2000006c   Data           4  motor_encoder.o(.data)
    cap_cnt                                  0x20000070   Data           4  motor_encoder.o(.data)
    cap_val_1                                0x20000074   Data           4  motor_encoder.o(.data)
    cap_val_2                                0x20000078   Data           4  motor_encoder.o(.data)
    sum_speed                                0x2000007c   Data           4  motor_encoder.o(.data)
    single_speed                             0x20000080   Data           4  motor_encoder.o(.data)
    average_speed                            0x20000084   Data           4  motor_encoder.o(.data)
    last_average_speed                       0x20000088   Data           4  motor_encoder.o(.data)
    cap_cnt                                  0x2000008c   Data           4  motor_encoder.o(.data)
    cnt_encoder                              0x20000090   Data           4  motor_encoder.o(.data)
    count                                    0x20000094   Data           4  motor_encoder.o(.data)
    .data                                    0x20000098   Section      100  motor_pid.o(.data)
    p_raw                                    0x20000098   Data           2  motor_pid.o(.data)
    i_raw                                    0x2000009a   Data           2  motor_pid.o(.data)
    d_raw                                    0x2000009c   Data           2  motor_pid.o(.data)
    num_raw                                  0x2000009e   Data           2  motor_pid.o(.data)
    .data                                    0x20000100   Section       40  motor_power.o(.data)
    x_speed                                  0x20000104   Data           4  motor_power.o(.data)
    y_speed                                  0x20000108   Data           4  motor_power.o(.data)
    z_speed                                  0x2000010c   Data           4  motor_power.o(.data)
    .data                                    0x20000128   Section       12  globalclock.o(.data)
    fac_us                                   0x20000128   Data           1  globalclock.o(.data)
    fac_ms                                   0x2000012c   Data           4  globalclock.o(.data)
    .data                                    0x20000134   Section       24  jy61p.o(.data)
    .data                                    0x2000014c   Section        4  serial.o(.data)
    .data                                    0x20000150   Section       28  usmart.o(.data)
    .data                                    0x2000016c   Section       40  usmart_config.o(.data)
    .data                                    0x20000194   Section      244  usmart_config.o(.data)
    .data                                    0x20000288   Section        4  stdout.o(.data)
    .data                                    0x2000028c   Section        4  errno.o(.data)
    _errno                                   0x2000028c   Data           4  errno.o(.data)
    .bss                                     0x20000290   Section      380  tim.o(.bss)
    .bss                                     0x2000040c   Section      272  usart.o(.bss)
    .bss                                     0x2000051c   Section      160  motor_pid.o(.bss)
    .bss                                     0x200005c0   Section      184  motor_power.o(.bss)
    .bss                                     0x20000678   Section       88  jy61p.o(.bss)
    .bss                                     0x200006d0   Section      200  serial.o(.bss)
    .bss                                     0x20000798   Section       76  usmart.o(.bss)
    STACK                                    0x200007e8   Section     1024  startup_stm32f750xx.o(STACK)

    Global Symbols

    Symbol Name                              Value     Ov Type        Size  Object(Section)

    BuildAttributes$$THM_ISAv4$E$P$D$K$B$S$7EM$VFPi5$EXTD16$VFPS$VFMA$PE$PLD8$A:L22UL41UL21$X:L11$S22US41US21$IEEE1$IW$USESV6$~STKCKD$USESV7$~SHL$OTIME$ROPI$IEEEX$EBA8$MICROLIB$REQ8$PRES8$EABIv2 0x00000000   Number         0  anon$$obj.o ABSOLUTE
    __ARM_use_no_argv                        0x00000000   Number         0  main.o ABSOLUTE
    _printf_a                                0x00000000   Number         0  stubs.o ABSOLUTE
    _printf_c                                0x00000000   Number         0  stubs.o ABSOLUTE
    _printf_charcount                        0x00000000   Number         0  stubs.o ABSOLUTE
    _printf_d                                0x00000000   Number         0  stubs.o ABSOLUTE
    _printf_e                                0x00000000   Number         0  stubs.o ABSOLUTE
    _printf_f                                0x00000000   Number         0  stubs.o ABSOLUTE
    _printf_flags                            0x00000000   Number         0  stubs.o ABSOLUTE
    _printf_fp_dec                           0x00000000   Number         0  stubs.o ABSOLUTE
    _printf_fp_hex                           0x00000000   Number         0  stubs.o ABSOLUTE
    _printf_g                                0x00000000   Number         0  stubs.o ABSOLUTE
    _printf_i                                0x00000000   Number         0  stubs.o ABSOLUTE
    _printf_int_dec                          0x00000000   Number         0  stubs.o ABSOLUTE
    _printf_l                                0x00000000   Number         0  stubs.o ABSOLUTE
    _printf_lc                               0x00000000   Number         0  stubs.o ABSOLUTE
    _printf_ll                               0x00000000   Number         0  stubs.o ABSOLUTE
    _printf_lld                              0x00000000   Number         0  stubs.o ABSOLUTE
    _printf_lli                              0x00000000   Number         0  stubs.o ABSOLUTE
    _printf_llo                              0x00000000   Number         0  stubs.o ABSOLUTE
    _printf_llu                              0x00000000   Number         0  stubs.o ABSOLUTE
    _printf_llx                              0x00000000   Number         0  stubs.o ABSOLUTE
    _printf_longlong_dec                     0x00000000   Number         0  stubs.o ABSOLUTE
    _printf_longlong_hex                     0x00000000   Number         0  stubs.o ABSOLUTE
    _printf_longlong_oct                     0x00000000   Number         0  stubs.o ABSOLUTE
    _printf_ls                               0x00000000   Number         0  stubs.o ABSOLUTE
    _printf_mbtowc                           0x00000000   Number         0  stubs.o ABSOLUTE
    _printf_n                                0x00000000   Number         0  stubs.o ABSOLUTE
    _printf_o                                0x00000000   Number         0  stubs.o ABSOLUTE
    _printf_p                                0x00000000   Number         0  stubs.o ABSOLUTE
    _printf_percent                          0x00000000   Number         0  stubs.o ABSOLUTE
    _printf_pre_padding                      0x00000000   Number         0  stubs.o ABSOLUTE
    _printf_return_value                     0x00000000   Number         0  stubs.o ABSOLUTE
    _printf_s                                0x00000000   Number         0  stubs.o ABSOLUTE
    _printf_sizespec                         0x00000000   Number         0  stubs.o ABSOLUTE
    _printf_str                              0x00000000   Number         0  stubs.o ABSOLUTE
    _printf_truncate_signed                  0x00000000   Number         0  stubs.o ABSOLUTE
    _printf_truncate_unsigned                0x00000000   Number         0  stubs.o ABSOLUTE
    _printf_u                                0x00000000   Number         0  stubs.o ABSOLUTE
    _printf_wc                               0x00000000   Number         0  stubs.o ABSOLUTE
    _printf_wctomb                           0x00000000   Number         0  stubs.o ABSOLUTE
    _printf_widthprec                        0x00000000   Number         0  stubs.o ABSOLUTE
    _printf_x                                0x00000000   Number         0  stubs.o ABSOLUTE
    __cpp_initialize__aeabi_                  - Undefined Weak Reference
    __cxa_finalize                            - Undefined Weak Reference
    _clock_init                               - Undefined Weak Reference
    _microlib_exit                            - Undefined Weak Reference
    __Vectors_Size                           0x000001c8   Number         0  startup_stm32f750xx.o ABSOLUTE
    __Vectors                                0x08000000   Data           4  startup_stm32f750xx.o(RESET)
    __Vectors_End                            0x080001c8   Data           0  startup_stm32f750xx.o(RESET)
    __main                                   0x080001c9   Thumb Code     0  entry.o(.ARM.Collect$$$$00000000)
    _main_stk                                0x080001c9   Thumb Code     0  entry2.o(.ARM.Collect$$$$00000001)
    _main_scatterload                        0x080001cd   Thumb Code     0  entry5.o(.ARM.Collect$$$$00000004)
    __main_after_scatterload                 0x080001d1   Thumb Code     0  entry5.o(.ARM.Collect$$$$00000004)
    _main_clock                              0x080001d1   Thumb Code     0  entry7b.o(.ARM.Collect$$$$00000008)
    _main_cpp_init                           0x080001d1   Thumb Code     0  entry8b.o(.ARM.Collect$$$$0000000A)
    _main_init                               0x080001d1   Thumb Code     0  entry9a.o(.ARM.Collect$$$$0000000B)
    __rt_final_cpp                           0x080001d9   Thumb Code     0  entry10a.o(.ARM.Collect$$$$0000000D)
    __rt_final_exit                          0x080001d9   Thumb Code     0  entry11a.o(.ARM.Collect$$$$0000000F)
    Reset_Handler                            0x080001dd   Thumb Code     8  startup_stm32f750xx.o(.text)
    ADC_IRQHandler                           0x080001f7   Thumb Code     0  startup_stm32f750xx.o(.text)
    CAN1_RX0_IRQHandler                      0x080001f7   Thumb Code     0  startup_stm32f750xx.o(.text)
    CAN1_RX1_IRQHandler                      0x080001f7   Thumb Code     0  startup_stm32f750xx.o(.text)
    CAN1_SCE_IRQHandler                      0x080001f7   Thumb Code     0  startup_stm32f750xx.o(.text)
    CAN1_TX_IRQHandler                       0x080001f7   Thumb Code     0  startup_stm32f750xx.o(.text)
    CAN2_RX0_IRQHandler                      0x080001f7   Thumb Code     0  startup_stm32f750xx.o(.text)
    CAN2_RX1_IRQHandler                      0x080001f7   Thumb Code     0  startup_stm32f750xx.o(.text)
    CAN2_SCE_IRQHandler                      0x080001f7   Thumb Code     0  startup_stm32f750xx.o(.text)
    CAN2_TX_IRQHandler                       0x080001f7   Thumb Code     0  startup_stm32f750xx.o(.text)
    CEC_IRQHandler                           0x080001f7   Thumb Code     0  startup_stm32f750xx.o(.text)
    CRYP_IRQHandler                          0x080001f7   Thumb Code     0  startup_stm32f750xx.o(.text)
    DCMI_IRQHandler                          0x080001f7   Thumb Code     0  startup_stm32f750xx.o(.text)
    DMA1_Stream0_IRQHandler                  0x080001f7   Thumb Code     0  startup_stm32f750xx.o(.text)
    DMA1_Stream1_IRQHandler                  0x080001f7   Thumb Code     0  startup_stm32f750xx.o(.text)
    DMA1_Stream2_IRQHandler                  0x080001f7   Thumb Code     0  startup_stm32f750xx.o(.text)
    DMA1_Stream3_IRQHandler                  0x080001f7   Thumb Code     0  startup_stm32f750xx.o(.text)
    DMA1_Stream4_IRQHandler                  0x080001f7   Thumb Code     0  startup_stm32f750xx.o(.text)
    DMA1_Stream5_IRQHandler                  0x080001f7   Thumb Code     0  startup_stm32f750xx.o(.text)
    DMA1_Stream6_IRQHandler                  0x080001f7   Thumb Code     0  startup_stm32f750xx.o(.text)
    DMA1_Stream7_IRQHandler                  0x080001f7   Thumb Code     0  startup_stm32f750xx.o(.text)
    DMA2D_IRQHandler                         0x080001f7   Thumb Code     0  startup_stm32f750xx.o(.text)
    DMA2_Stream0_IRQHandler                  0x080001f7   Thumb Code     0  startup_stm32f750xx.o(.text)
    DMA2_Stream1_IRQHandler                  0x080001f7   Thumb Code     0  startup_stm32f750xx.o(.text)
    DMA2_Stream2_IRQHandler                  0x080001f7   Thumb Code     0  startup_stm32f750xx.o(.text)
    DMA2_Stream3_IRQHandler                  0x080001f7   Thumb Code     0  startup_stm32f750xx.o(.text)
    DMA2_Stream4_IRQHandler                  0x080001f7   Thumb Code     0  startup_stm32f750xx.o(.text)
    DMA2_Stream5_IRQHandler                  0x080001f7   Thumb Code     0  startup_stm32f750xx.o(.text)
    DMA2_Stream6_IRQHandler                  0x080001f7   Thumb Code     0  startup_stm32f750xx.o(.text)
    DMA2_Stream7_IRQHandler                  0x080001f7   Thumb Code     0  startup_stm32f750xx.o(.text)
    ETH_IRQHandler                           0x080001f7   Thumb Code     0  startup_stm32f750xx.o(.text)
    ETH_WKUP_IRQHandler                      0x080001f7   Thumb Code     0  startup_stm32f750xx.o(.text)
    EXTI0_IRQHandler                         0x080001f7   Thumb Code     0  startup_stm32f750xx.o(.text)
    EXTI15_10_IRQHandler                     0x080001f7   Thumb Code     0  startup_stm32f750xx.o(.text)
    EXTI1_IRQHandler                         0x080001f7   Thumb Code     0  startup_stm32f750xx.o(.text)
    EXTI2_IRQHandler                         0x080001f7   Thumb Code     0  startup_stm32f750xx.o(.text)
    EXTI3_IRQHandler                         0x080001f7   Thumb Code     0  startup_stm32f750xx.o(.text)
    EXTI4_IRQHandler                         0x080001f7   Thumb Code     0  startup_stm32f750xx.o(.text)
    EXTI9_5_IRQHandler                       0x080001f7   Thumb Code     0  startup_stm32f750xx.o(.text)
    FLASH_IRQHandler                         0x080001f7   Thumb Code     0  startup_stm32f750xx.o(.text)
    FMC_IRQHandler                           0x080001f7   Thumb Code     0  startup_stm32f750xx.o(.text)
    FPU_IRQHandler                           0x080001f7   Thumb Code     0  startup_stm32f750xx.o(.text)
    HASH_RNG_IRQHandler                      0x080001f7   Thumb Code     0  startup_stm32f750xx.o(.text)
    I2C1_ER_IRQHandler                       0x080001f7   Thumb Code     0  startup_stm32f750xx.o(.text)
    I2C1_EV_IRQHandler                       0x080001f7   Thumb Code     0  startup_stm32f750xx.o(.text)
    I2C2_ER_IRQHandler                       0x080001f7   Thumb Code     0  startup_stm32f750xx.o(.text)
    I2C2_EV_IRQHandler                       0x080001f7   Thumb Code     0  startup_stm32f750xx.o(.text)
    I2C3_ER_IRQHandler                       0x080001f7   Thumb Code     0  startup_stm32f750xx.o(.text)
    I2C3_EV_IRQHandler                       0x080001f7   Thumb Code     0  startup_stm32f750xx.o(.text)
    I2C4_ER_IRQHandler                       0x080001f7   Thumb Code     0  startup_stm32f750xx.o(.text)
    I2C4_EV_IRQHandler                       0x080001f7   Thumb Code     0  startup_stm32f750xx.o(.text)
    LPTIM1_IRQHandler                        0x080001f7   Thumb Code     0  startup_stm32f750xx.o(.text)
    LTDC_ER_IRQHandler                       0x080001f7   Thumb Code     0  startup_stm32f750xx.o(.text)
    LTDC_IRQHandler                          0x080001f7   Thumb Code     0  startup_stm32f750xx.o(.text)
    OTG_FS_IRQHandler                        0x080001f7   Thumb Code     0  startup_stm32f750xx.o(.text)
    OTG_FS_WKUP_IRQHandler                   0x080001f7   Thumb Code     0  startup_stm32f750xx.o(.text)
    OTG_HS_EP1_IN_IRQHandler                 0x080001f7   Thumb Code     0  startup_stm32f750xx.o(.text)
    OTG_HS_EP1_OUT_IRQHandler                0x080001f7   Thumb Code     0  startup_stm32f750xx.o(.text)
    OTG_HS_IRQHandler                        0x080001f7   Thumb Code     0  startup_stm32f750xx.o(.text)
    OTG_HS_WKUP_IRQHandler                   0x080001f7   Thumb Code     0  startup_stm32f750xx.o(.text)
    PVD_IRQHandler                           0x080001f7   Thumb Code     0  startup_stm32f750xx.o(.text)
    QUADSPI_IRQHandler                       0x080001f7   Thumb Code     0  startup_stm32f750xx.o(.text)
    RCC_IRQHandler                           0x080001f7   Thumb Code     0  startup_stm32f750xx.o(.text)
    RTC_Alarm_IRQHandler                     0x080001f7   Thumb Code     0  startup_stm32f750xx.o(.text)
    RTC_WKUP_IRQHandler                      0x080001f7   Thumb Code     0  startup_stm32f750xx.o(.text)
    SAI1_IRQHandler                          0x080001f7   Thumb Code     0  startup_stm32f750xx.o(.text)
    SAI2_IRQHandler                          0x080001f7   Thumb Code     0  startup_stm32f750xx.o(.text)
    SDMMC1_IRQHandler                        0x080001f7   Thumb Code     0  startup_stm32f750xx.o(.text)
    SPDIF_RX_IRQHandler                      0x080001f7   Thumb Code     0  startup_stm32f750xx.o(.text)
    SPI1_IRQHandler                          0x080001f7   Thumb Code     0  startup_stm32f750xx.o(.text)
    SPI2_IRQHandler                          0x080001f7   Thumb Code     0  startup_stm32f750xx.o(.text)
    SPI3_IRQHandler                          0x080001f7   Thumb Code     0  startup_stm32f750xx.o(.text)
    SPI4_IRQHandler                          0x080001f7   Thumb Code     0  startup_stm32f750xx.o(.text)
    SPI5_IRQHandler                          0x080001f7   Thumb Code     0  startup_stm32f750xx.o(.text)
    SPI6_IRQHandler                          0x080001f7   Thumb Code     0  startup_stm32f750xx.o(.text)
    TAMP_STAMP_IRQHandler                    0x080001f7   Thumb Code     0  startup_stm32f750xx.o(.text)
    TIM1_BRK_TIM9_IRQHandler                 0x080001f7   Thumb Code     0  startup_stm32f750xx.o(.text)
    TIM1_CC_IRQHandler                       0x080001f7   Thumb Code     0  startup_stm32f750xx.o(.text)
    TIM1_TRG_COM_TIM11_IRQHandler            0x080001f7   Thumb Code     0  startup_stm32f750xx.o(.text)
    TIM1_UP_TIM10_IRQHandler                 0x080001f7   Thumb Code     0  startup_stm32f750xx.o(.text)
    TIM2_IRQHandler                          0x080001f7   Thumb Code     0  startup_stm32f750xx.o(.text)
    TIM7_IRQHandler                          0x080001f7   Thumb Code     0  startup_stm32f750xx.o(.text)
    TIM8_BRK_TIM12_IRQHandler                0x080001f7   Thumb Code     0  startup_stm32f750xx.o(.text)
    TIM8_CC_IRQHandler                       0x080001f7   Thumb Code     0  startup_stm32f750xx.o(.text)
    TIM8_TRG_COM_TIM14_IRQHandler            0x080001f7   Thumb Code     0  startup_stm32f750xx.o(.text)
    TIM8_UP_TIM13_IRQHandler                 0x080001f7   Thumb Code     0  startup_stm32f750xx.o(.text)
    UART4_IRQHandler                         0x080001f7   Thumb Code     0  startup_stm32f750xx.o(.text)
    UART7_IRQHandler                         0x080001f7   Thumb Code     0  startup_stm32f750xx.o(.text)
    UART8_IRQHandler                         0x080001f7   Thumb Code     0  startup_stm32f750xx.o(.text)
    USART2_IRQHandler                        0x080001f7   Thumb Code     0  startup_stm32f750xx.o(.text)
    USART3_IRQHandler                        0x080001f7   Thumb Code     0  startup_stm32f750xx.o(.text)
    USART6_IRQHandler                        0x080001f7   Thumb Code     0  startup_stm32f750xx.o(.text)
    WWDG_IRQHandler                          0x080001f7   Thumb Code     0  startup_stm32f750xx.o(.text)
    __aeabi_uldivmod                         0x08000201   Thumb Code    98  uldiv.o(.text)
    __aeabi_memset                           0x08000263   Thumb Code    14  memseta.o(.text)
    __aeabi_memset4                          0x08000263   Thumb Code     0  memseta.o(.text)
    __aeabi_memset8                          0x08000263   Thumb Code     0  memseta.o(.text)
    __aeabi_memclr                           0x08000271   Thumb Code     4  memseta.o(.text)
    __aeabi_memclr4                          0x08000271   Thumb Code     0  memseta.o(.text)
    __aeabi_memclr8                          0x08000271   Thumb Code     0  memseta.o(.text)
    _memset$wrapper                          0x08000275   Thumb Code    18  memseta.o(.text)
    __aeabi_dadd                             0x08000287   Thumb Code   322  dadd.o(.text)
    __aeabi_dsub                             0x080003c9   Thumb Code     6  dadd.o(.text)
    __aeabi_drsub                            0x080003cf   Thumb Code     6  dadd.o(.text)
    __aeabi_dmul                             0x080003d5   Thumb Code   228  dmul.o(.text)
    __aeabi_i2d                              0x080004b9   Thumb Code    34  dflti.o(.text)
    __aeabi_d2iz                             0x080004db   Thumb Code    62  dfixi.o(.text)
    __aeabi_f2d                              0x08000519   Thumb Code    38  f2d.o(.text)
    __aeabi_cdcmpeq                          0x08000541   Thumb Code     0  cdcmple.o(.text)
    __aeabi_cdcmple                          0x08000541   Thumb Code    48  cdcmple.o(.text)
    __aeabi_cdrcmple                         0x08000571   Thumb Code    48  cdrcmple.o(.text)
    __aeabi_d2f                              0x080005a1   Thumb Code    56  d2f.o(.text)
    __aeabi_uidiv                            0x080005d9   Thumb Code     0  uidiv.o(.text)
    __aeabi_uidivmod                         0x080005d9   Thumb Code    44  uidiv.o(.text)
    __aeabi_llsl                             0x08000605   Thumb Code    30  llshl.o(.text)
    _ll_shift_l                              0x08000605   Thumb Code     0  llshl.o(.text)
    __aeabi_llsr                             0x08000623   Thumb Code    32  llushr.o(.text)
    _ll_ushift_r                             0x08000623   Thumb Code     0  llushr.o(.text)
    __aeabi_lasr                             0x08000643   Thumb Code    36  llsshr.o(.text)
    _ll_sshift_r                             0x08000643   Thumb Code     0  llsshr.o(.text)
    __I$use$fp                               0x08000667   Thumb Code     0  iusefp.o(.text)
    _float_round                             0x08000667   Thumb Code    18  fepilogue.o(.text)
    _float_epilogue                          0x08000679   Thumb Code    92  fepilogue.o(.text)
    _double_round                            0x080006d5   Thumb Code    30  depilogue.o(.text)
    _double_epilogue                         0x080006f3   Thumb Code   156  depilogue.o(.text)
    __aeabi_ddiv                             0x0800078f   Thumb Code   222  ddiv.o(.text)
    __aeabi_d2ulz                            0x0800086d   Thumb Code    48  dfixul.o(.text)
    __scatterload                            0x0800089d   Thumb Code    28  init.o(.text)
    __scatterload_rt2                        0x0800089d   Thumb Code     0  init.o(.text)
    __aeabi_ui2d                             0x080008c1   Thumb Code    26  dfltui.o(.text)
    __decompress                             0x080008db   Thumb Code     0  __dczerorl2.o(.text)
    __decompress1                            0x080008db   Thumb Code    86  __dczerorl2.o(.text)
    BusFault_Handler                         0x08000931   Thumb Code     2  stm32f7xx_it.o(i.BusFault_Handler)
    DebugMon_Handler                         0x08000933   Thumb Code     2  stm32f7xx_it.o(i.DebugMon_Handler)
    Error_Handler                            0x08000935   Thumb Code     4  main.o(i.Error_Handler)
    GlobalClock_Init                         0x08000939   Thumb Code    34  globalclock.o(i.GlobalClock_Init)
    HAL_DMA_Abort                            0x0800096d   Thumb Code   146  stm32f7xx_hal_dma.o(i.HAL_DMA_Abort)
    HAL_DMA_Abort_IT                         0x080009ff   Thumb Code    36  stm32f7xx_hal_dma.o(i.HAL_DMA_Abort_IT)
    HAL_GPIO_Init                            0x08000a25   Thumb Code   530  stm32f7xx_hal_gpio.o(i.HAL_GPIO_Init)
    HAL_GPIO_ReadPin                         0x08000c6d   Thumb Code    10  stm32f7xx_hal_gpio.o(i.HAL_GPIO_ReadPin)
    HAL_GetTick                              0x08000c79   Thumb Code     6  stm32f7xx_hal.o(i.HAL_GetTick)
    HAL_IncTick                              0x08000c85   Thumb Code    12  stm32f7xx_hal.o(i.HAL_IncTick)
    HAL_Init                                 0x08000c95   Thumb Code    22  stm32f7xx_hal.o(i.HAL_Init)
    HAL_InitTick                             0x08000cad   Thumb Code    54  stm32f7xx_hal.o(i.HAL_InitTick)
    HAL_MspInit                              0x08000ced   Thumb Code    42  stm32f7xx_hal_msp.o(i.HAL_MspInit)
    HAL_NVIC_EnableIRQ                       0x08000d1d   Thumb Code    26  stm32f7xx_hal_cortex.o(i.HAL_NVIC_EnableIRQ)
    HAL_NVIC_SetPriority                     0x08000d39   Thumb Code    60  stm32f7xx_hal_cortex.o(i.HAL_NVIC_SetPriority)
    HAL_NVIC_SetPriorityGrouping             0x08000d79   Thumb Code    28  stm32f7xx_hal_cortex.o(i.HAL_NVIC_SetPriorityGrouping)
    HAL_PWREx_EnableOverDrive                0x08000d9d   Thumb Code   100  stm32f7xx_hal_pwr_ex.o(i.HAL_PWREx_EnableOverDrive)
    HAL_RCCEx_PeriphCLKConfig                0x08000e09   Thumb Code  1276  stm32f7xx_hal_rcc_ex.o(i.HAL_RCCEx_PeriphCLKConfig)
    HAL_RCC_ClockConfig                      0x08001305   Thumb Code   284  stm32f7xx_hal_rcc.o(i.HAL_RCC_ClockConfig)
    HAL_RCC_GetPCLK1Freq                     0x08001435   Thumb Code    20  stm32f7xx_hal_rcc.o(i.HAL_RCC_GetPCLK1Freq)
    HAL_RCC_GetPCLK2Freq                     0x08001455   Thumb Code    20  stm32f7xx_hal_rcc.o(i.HAL_RCC_GetPCLK2Freq)
    HAL_RCC_GetSysClockFreq                  0x08001475   Thumb Code    88  stm32f7xx_hal_rcc.o(i.HAL_RCC_GetSysClockFreq)
    HAL_RCC_OscConfig                        0x080014d9   Thumb Code   888  stm32f7xx_hal_rcc.o(i.HAL_RCC_OscConfig)
    HAL_SYSTICK_Config                       0x0800185d   Thumb Code    38  stm32f7xx_hal_cortex.o(i.HAL_SYSTICK_Config)
    HAL_TIMEx_Break2Callback                 0x08001883   Thumb Code     2  stm32f7xx_hal_tim_ex.o(i.HAL_TIMEx_Break2Callback)
    HAL_TIMEx_BreakCallback                  0x08001885   Thumb Code     2  stm32f7xx_hal_tim_ex.o(i.HAL_TIMEx_BreakCallback)
    HAL_TIMEx_CommutCallback                 0x08001887   Thumb Code     2  stm32f7xx_hal_tim_ex.o(i.HAL_TIMEx_CommutCallback)
    HAL_TIMEx_ConfigBreakDeadTime            0x08001889   Thumb Code   150  stm32f7xx_hal_tim_ex.o(i.HAL_TIMEx_ConfigBreakDeadTime)
    HAL_TIMEx_MasterConfigSynchronization    0x08001929   Thumb Code   134  stm32f7xx_hal_tim_ex.o(i.HAL_TIMEx_MasterConfigSynchronization)
    HAL_TIM_Base_Init                        0x080019cd   Thumb Code    98  stm32f7xx_hal_tim.o(i.HAL_TIM_Base_Init)
    HAL_TIM_Base_MspInit                     0x08001a31   Thumb Code    50  tim.o(i.HAL_TIM_Base_MspInit)
    HAL_TIM_Base_Start_IT                    0x08001a6d   Thumb Code   106  stm32f7xx_hal_tim.o(i.HAL_TIM_Base_Start_IT)
    HAL_TIM_IC_CaptureCallback               0x08001af9   Thumb Code   252  motor_encoder.o(i.HAL_TIM_IC_CaptureCallback)
    HAL_TIM_IC_ConfigChannel                 0x08001c19   Thumb Code   290  stm32f7xx_hal_tim.o(i.HAL_TIM_IC_ConfigChannel)
    HAL_TIM_IC_Init                          0x08001d3b   Thumb Code    98  stm32f7xx_hal_tim.o(i.HAL_TIM_IC_Init)
    HAL_TIM_IC_MspInit                       0x08001d9d   Thumb Code   204  tim.o(i.HAL_TIM_IC_MspInit)
    HAL_TIM_IC_Start_IT                      0x08001e7d   Thumb Code   292  stm32f7xx_hal_tim.o(i.HAL_TIM_IC_Start_IT)
    HAL_TIM_IRQHandler                       0x08001fc1   Thumb Code   386  stm32f7xx_hal_tim.o(i.HAL_TIM_IRQHandler)
    HAL_TIM_MspPostInit                      0x08002145   Thumb Code   146  tim.o(i.HAL_TIM_MspPostInit)
    HAL_TIM_OC_DelayElapsedCallback          0x080021ed   Thumb Code     2  stm32f7xx_hal_tim.o(i.HAL_TIM_OC_DelayElapsedCallback)
    HAL_TIM_PWM_ConfigChannel                0x080021ef   Thumb Code   292  stm32f7xx_hal_tim.o(i.HAL_TIM_PWM_ConfigChannel)
    HAL_TIM_PWM_Init                         0x08002313   Thumb Code    98  stm32f7xx_hal_tim.o(i.HAL_TIM_PWM_Init)
    HAL_TIM_PWM_MspInit                      0x08002375   Thumb Code    42  tim.o(i.HAL_TIM_PWM_MspInit)
    HAL_TIM_PWM_PulseFinishedCallback        0x080023a9   Thumb Code     2  stm32f7xx_hal_tim.o(i.HAL_TIM_PWM_PulseFinishedCallback)
    HAL_TIM_PWM_Start                        0x080023ad   Thumb Code   216  stm32f7xx_hal_tim.o(i.HAL_TIM_PWM_Start)
    HAL_TIM_PeriodElapsedCallback            0x080024a5   Thumb Code    34  motor_encoder.o(i.HAL_TIM_PeriodElapsedCallback)
    HAL_TIM_ReadCapturedValue                0x080024d1   Thumb Code    44  stm32f7xx_hal_tim.o(i.HAL_TIM_ReadCapturedValue)
    HAL_TIM_TriggerCallback                  0x080024fd   Thumb Code     2  stm32f7xx_hal_tim.o(i.HAL_TIM_TriggerCallback)
    HAL_UARTEx_RxEventCallback               0x080024ff   Thumb Code     2  stm32f7xx_hal_uart.o(i.HAL_UARTEx_RxEventCallback)
    HAL_UART_ErrorCallback                   0x08002501   Thumb Code     2  stm32f7xx_hal_uart.o(i.HAL_UART_ErrorCallback)
    HAL_UART_GetState                        0x08002503   Thumb Code    12  stm32f7xx_hal_uart.o(i.HAL_UART_GetState)
    HAL_UART_IRQHandler                      0x08002511   Thumb Code   654  stm32f7xx_hal_uart.o(i.HAL_UART_IRQHandler)
    HAL_UART_Init                            0x080027a9   Thumb Code   102  stm32f7xx_hal_uart.o(i.HAL_UART_Init)
    HAL_UART_MspInit                         0x08002811   Thumb Code   268  usart.o(i.HAL_UART_MspInit)
    HAL_UART_Receive_IT                      0x08002935   Thumb Code    60  stm32f7xx_hal_uart.o(i.HAL_UART_Receive_IT)
    HAL_UART_RxCpltCallback                  0x08002971   Thumb Code    90  serial.o(i.HAL_UART_RxCpltCallback)
    HAL_UART_Transmit                        0x080029dd   Thumb Code   162  stm32f7xx_hal_uart.o(i.HAL_UART_Transmit)
    HAL_UART_TxCpltCallback                  0x08002a7f   Thumb Code     2  stm32f7xx_hal_uart.o(i.HAL_UART_TxCpltCallback)
    HardFault_Handler                        0x08002a81   Thumb Code     2  stm32f7xx_it.o(i.HardFault_Handler)
    Jy61p_Enable                             0x08002a85   Thumb Code    10  jy61p.o(i.Jy61p_Enable)
    Jy61p_Init                               0x08002a95   Thumb Code    58  jy61p.o(i.Jy61p_Init)
    Jy61p_PIDout                             0x08002ae1   Thumb Code   156  jy61p.o(i.Jy61p_PIDout)
    MX_GPIO_Init                             0x08002b99   Thumb Code   148  gpio.o(i.MX_GPIO_Init)
    MX_TIM1_Init                             0x08002c39   Thumb Code   212  tim.o(i.MX_TIM1_Init)
    MX_TIM2_Init                             0x08002d15   Thumb Code   156  tim.o(i.MX_TIM2_Init)
    MX_TIM3_Init                             0x08002db5   Thumb Code   118  tim.o(i.MX_TIM3_Init)
    MX_TIM5_Init                             0x08002e35   Thumb Code   118  tim.o(i.MX_TIM5_Init)
    MX_TIM6_Init                             0x08002eb5   Thumb Code    64  tim.o(i.MX_TIM6_Init)
    MX_UART5_Init                            0x08002efd   Thumb Code    52  usart.o(i.MX_UART5_Init)
    MX_USART1_UART_Init                      0x08002f39   Thumb Code    52  usart.o(i.MX_USART1_UART_Init)
    MemManage_Handler                        0x08002f75   Thumb Code     2  stm32f7xx_it.o(i.MemManage_Handler)
    Motor_Init                               0x08002f79   Thumb Code   232  motor_power.o(i.Motor_Init)
    Motor_PID_Init                           0x0800307d   Thumb Code    36  motor_pid.o(i.Motor_PID_Init)
    Motor_Power                              0x080030a5   Thumb Code   724  motor_power.o(i.Motor_Power)
    NMI_Handler                              0x080033b1   Thumb Code     2  stm32f7xx_it.o(i.NMI_Handler)
    PendSV_Handler                           0x080033b3   Thumb Code     2  stm32f7xx_it.o(i.PendSV_Handler)
    SVC_Handler                              0x080033b5   Thumb Code     2  stm32f7xx_it.o(i.SVC_Handler)
    Serial_Init                              0x080033b9   Thumb Code    10  serial.o(i.Serial_Init)
    Set_Chassis_Speed                        0x080033cd   Thumb Code     8  motor_power.o(i.Set_Chassis_Speed)
    SysTick_Handler                          0x080033d9   Thumb Code     4  stm32f7xx_it.o(i.SysTick_Handler)
    SystemClock_Config                       0x080033dd   Thumb Code   150  main.o(i.SystemClock_Config)
    SystemInit                               0x0800347d   Thumb Code    12  system_stm32f7xx.o(i.SystemInit)
    TIM3_IRQHandler                          0x080037f5   Thumb Code     6  stm32f7xx_it.o(i.TIM3_IRQHandler)
    TIM4_IRQHandler                          0x08003835   Thumb Code    44  usmart.o(i.TIM4_IRQHandler)
    TIM5_IRQHandler                          0x08003bd1   Thumb Code     6  stm32f7xx_it.o(i.TIM5_IRQHandler)
    TIM6_DAC_IRQHandler                      0x08003c11   Thumb Code    16  stm32f7xx_it.o(i.TIM6_DAC_IRQHandler)
    TIM6_IRQ                                 0x08003c25   Thumb Code    26  globalclock.o(i.TIM6_IRQ)
    TIM_Base_SetConfig                       0x08003c49   Thumb Code   158  stm32f7xx_hal_tim.o(i.TIM_Base_SetConfig)
    TIM_CCxChannelCmd                        0x08003d15   Thumb Code    26  stm32f7xx_hal_tim.o(i.TIM_CCxChannelCmd)
    TIM_OC2_SetConfig                        0x08003da5   Thumb Code   108  stm32f7xx_hal_tim.o(i.TIM_OC2_SetConfig)
    TIM_TI1_SetConfig                        0x08003f9d   Thumb Code   100  stm32f7xx_hal_tim.o(i.TIM_TI1_SetConfig)
    Timer4_Init                              0x08004055   Thumb Code    72  usmart.o(i.Timer4_Init)
    UART5_IRQHandler                         0x080040a9   Thumb Code     6  stm32f7xx_it.o(i.UART5_IRQHandler)
    UART_AdvFeatureConfig                    0x080040b5   Thumb Code   200  stm32f7xx_hal_uart.o(i.UART_AdvFeatureConfig)
    UART_CheckIdleState                      0x0800417d   Thumb Code    68  stm32f7xx_hal_uart.o(i.UART_CheckIdleState)
    UART_SetConfig                           0x08004369   Thumb Code   516  stm32f7xx_hal_uart.o(i.UART_SetConfig)
    UART_Start_Receive_IT                    0x08004599   Thumb Code   174  stm32f7xx_hal_uart.o(i.UART_Start_Receive_IT)
    UART_WaitOnFlagUntilTimeout              0x08004651   Thumb Code   202  stm32f7xx_hal_uart.o(i.UART_WaitOnFlagUntilTimeout)
    USART1_IRQHandler                        0x0800471d   Thumb Code    16  stm32f7xx_it.o(i.USART1_IRQHandler)
    USART1_myIRQHandler                      0x08004731   Thumb Code    50  serial.o(i.USART1_myIRQHandler)
    UsageFault_Handler                       0x08004771   Thumb Code     2  stm32f7xx_it.o(i.UsageFault_Handler)
    __0printf                                0x08004775   Thumb Code    22  printfa.o(i.__0printf)
    __1printf                                0x08004775   Thumb Code     0  printfa.o(i.__0printf)
    __2printf                                0x08004775   Thumb Code     0  printfa.o(i.__0printf)
    __c89printf                              0x08004775   Thumb Code     0  printfa.o(i.__0printf)
    printf                                   0x08004775   Thumb Code     0  printfa.o(i.__0printf)
    __ARM_fpclassify                         0x08004795   Thumb Code    48  fpclassify.o(i.__ARM_fpclassify)
    __hardfp_cos                             0x080047e9   Thumb Code   180  cos.o(i.__hardfp_cos)
    __hardfp_sin                             0x080048b1   Thumb Code   180  sin.o(i.__hardfp_sin)
    __ieee754_rem_pio2                       0x08004979   Thumb Code   938  rred.o(i.__ieee754_rem_pio2)
    __kernel_cos                             0x08004db1   Thumb Code   322  cos_i.o(i.__kernel_cos)
    __kernel_poly                            0x08004f21   Thumb Code   248  poly.o(i.__kernel_poly)
    __kernel_sin                             0x08005019   Thumb Code   280  sin_i.o(i.__kernel_sin)
    __mathlib_dbl_infnan                     0x08005149   Thumb Code    20  dunder.o(i.__mathlib_dbl_infnan)
    __mathlib_dbl_invalid                    0x08005161   Thumb Code    24  dunder.o(i.__mathlib_dbl_invalid)
    __mathlib_dbl_underflow                  0x08005181   Thumb Code    24  dunder.o(i.__mathlib_dbl_underflow)
    __scatterload_copy                       0x080051a1   Thumb Code    14  handlers.o(i.__scatterload_copy)
    __scatterload_null                       0x080051af   Thumb Code     2  handlers.o(i.__scatterload_null)
    __scatterload_zeroinit                   0x080051b1   Thumb Code    14  handlers.o(i.__scatterload_zeroinit)
    __set_errno                              0x080051c1   Thumb Code     6  errno.o(i.__set_errno)
    delay_ms                                 0x08005a81   Thumb Code    48  globalclock.o(i.delay_ms)
    fabs                                     0x08005ab5   Thumb Code    24  fabs.o(i.fabs)
    fputc                                    0x08005acd   Thumb Code    18  serial.o(i.fputc)
    main                                     0x08005ae5   Thumb Code    98  main.o(i.main)
    pid_changed                              0x08005c35   Thumb Code    20  motor_pid.o(i.pid_changed)
    pid_changei                              0x08005c4d   Thumb Code    20  motor_pid.o(i.pid_changei)
    pid_changep                              0x08005c65   Thumb Code    20  motor_pid.o(i.pid_changep)
    pid_incremental                          0x08005c7d   Thumb Code   222  motor_pid.o(i.pid_incremental)
    pid_positional                           0x08005d65   Thumb Code   222  motor_pid.o(i.pid_positional)
    read_addr                                0x08005e4d   Thumb Code     4  usmart.o(i.read_addr)
    read_freq                                0x08005e51   Thumb Code    30  motor_encoder.o(i.read_freq)
    receive_imu901_IRQ                       0x08005e71   Thumb Code   162  jy61p.o(i.receive_imu901_IRQ)
    usmart_cmd_rec                           0x08006051   Thumb Code   142  usmart.o(i.usmart_cmd_rec)
    usmart_exe                               0x080060e5   Thumb Code   514  usmart.o(i.usmart_exe)
    usmart_get_aparm                         0x08006349   Thumb Code   166  usmart_str.o(i.usmart_get_aparm)
    usmart_get_cmdname                       0x080063ef   Thumb Code    46  usmart_str.o(i.usmart_get_cmdname)
    usmart_get_fname                         0x0800641d   Thumb Code   362  usmart_str.o(i.usmart_get_fname)
    usmart_get_fparam                        0x08006591   Thumb Code   222  usmart_str.o(i.usmart_get_fparam)
    usmart_get_parmpos                       0x08006675   Thumb Code    30  usmart_str.o(i.usmart_get_parmpos)
    usmart_get_runtime                       0x08006699   Thumb Code    42  usmart.o(i.usmart_get_runtime)
    usmart_init                              0x080066cd   Thumb Code    36  usmart.o(i.usmart_init)
    usmart_pow                               0x080066f5   Thumb Code    16  usmart_str.o(i.usmart_pow)
    usmart_reset_runtime                     0x08006705   Thumb Code    34  usmart.o(i.usmart_reset_runtime)
    usmart_scan                              0x08006731   Thumb Code    94  usmart.o(i.usmart_scan)
    usmart_search_nextc                      0x080067e9   Thumb Code    16  usmart_str.o(i.usmart_search_nextc)
    usmart_str2num                           0x080067f9   Thumb Code   216  usmart_str.o(i.usmart_str2num)
    usmart_strcmp                            0x080068d1   Thumb Code    24  usmart_str.o(i.usmart_strcmp)
    usmart_strcopy                           0x080068e9   Thumb Code    18  usmart_str.o(i.usmart_strcopy)
    usmart_strlen                            0x080068fb   Thumb Code    18  usmart_str.o(i.usmart_strlen)
    usmart_sys_cmd_exe                       0x0800690d   Thumb Code   536  usmart.o(i.usmart_sys_cmd_exe)
    write_addr                               0x08006d4d   Thumb Code     4  usmart.o(i.write_addr)
    AHBPrescTable                            0x08006d50   Data          16  system_stm32f7xx.o(.constdata)
    APBPrescTable                            0x08006d60   Data           8  system_stm32f7xx.o(.constdata)
    Region$$Table$$Base                      0x080072c0   Number         0  anon$$obj.o(Region$$Table)
    Region$$Table$$Limit                     0x080072e0   Number         0  anon$$obj.o(Region$$Table)
    uwTickFreq                               0x20000000   Data           1  stm32f7xx_hal.o(.data)
    uwTickPrio                               0x20000004   Data           4  stm32f7xx_hal.o(.data)
    uwTick                                   0x20000008   Data           4  stm32f7xx_hal.o(.data)
    SystemCoreClock                          0x2000000c   Data           4  system_stm32f7xx.o(.data)
    distence                                 0x2000001c   Data           4  motor_encoder.o(.data)
    Iout                                     0x200000a0   Data           4  motor_pid.o(.data)
    Pout                                     0x200000a4   Data           4  motor_pid.o(.data)
    Dout                                     0x200000a8   Data           4  motor_pid.o(.data)
    motor1_pid_paramer                       0x200000ac   Data          20  motor_pid.o(.data)
    motor2_pid_paramer                       0x200000c0   Data          20  motor_pid.o(.data)
    motor3_pid_paramer                       0x200000d4   Data          20  motor_pid.o(.data)
    motor4_pid_paramer                       0x200000e8   Data          20  motor_pid.o(.data)
    time_count                               0x20000100   Data           1  motor_power.o(.data)
    Jy61p_val                                0x20000102   Data           2  motor_power.o(.data)
    x_temp                                   0x20000110   Data           8  motor_power.o(.data)
    y_temp                                   0x20000118   Data           8  motor_power.o(.data)
    z_temp                                   0x20000120   Data           8  motor_power.o(.data)
    TIME_ISR_CNT                             0x20000130   Data           4  globalclock.o(.data)
    Rx_Cnt                                   0x20000134   Data           1  jy61p.o(.data)
    ck_sum                                   0x20000135   Data           1  jy61p.o(.data)
    Jy61p_Rx_buffer                          0x20000136   Data           1  jy61p.o(.data)
    Jy61p_PidParm                            0x20000138   Data          20  jy61p.o(.data)
    aRxBuffer                                0x2000014c   Data           1  serial.o(.data)
    USART_RX_STA                             0x2000014e   Data           2  serial.o(.data)
    sys_cmd_tab                              0x20000150   Data          28  usmart.o(.data)
    usmart_nametab                           0x2000016c   Data          40  usmart_config.o(.data)
    usmart_dev                               0x20000194   Data         244  usmart_config.o(.data)
    __stdout                                 0x20000288   Data           4  stdout.o(.data)
    htim1                                    0x20000290   Data          76  tim.o(.bss)
    htim2                                    0x200002dc   Data          76  tim.o(.bss)
    htim3                                    0x20000328   Data          76  tim.o(.bss)
    htim5                                    0x20000374   Data          76  tim.o(.bss)
    htim6                                    0x200003c0   Data          76  tim.o(.bss)
    huart5                                   0x2000040c   Data         136  usart.o(.bss)
    huart1                                   0x20000494   Data         136  usart.o(.bss)
    motor1_pid_data                          0x2000051c   Data          40  motor_pid.o(.bss)
    motor2_pid_data                          0x20000544   Data          40  motor_pid.o(.bss)
    motor3_pid_data                          0x2000056c   Data          40  motor_pid.o(.bss)
    motor4_pid_data                          0x20000594   Data          40  motor_pid.o(.bss)
    motor1                                   0x200005c0   Data          36  motor_power.o(.bss)
    motor2                                   0x200005e4   Data          36  motor_power.o(.bss)
    motor3                                   0x20000608   Data          36  motor_power.o(.bss)
    motor4                                   0x2000062c   Data          36  motor_power.o(.bss)
    motor_target                             0x20000650   Data          40  motor_power.o(.bss)
    Jy61p_Rx_Pkt                             0x20000678   Data          11  jy61p.o(.bss)
    Jy61pData                                0x20000684   Data          36  jy61p.o(.bss)
    Jy61p_PidData                            0x200006a8   Data          40  jy61p.o(.bss)
    USART_RX_BUF                             0x200006d0   Data         200  serial.o(.bss)
    TIM4_Handler                             0x20000798   Data          76  usmart.o(.bss)
    __initial_sp                             0x20000be8   Data           0  startup_stm32f750xx.o(STACK)



==============================================================================

Memory Map of the image

  Image Entry point : 0x080001c9

  Load Region LR_IROM1 (Base: 0x08000000, Size: 0x00007570, Max: 0x00010000, ABSOLUTE, COMPRESSED[0x00007360])

    Execution Region ER_IROM1 (Exec base: 0x08000000, Load base: 0x08000000, Size: 0x000072e0, Max: 0x00010000, ABSOLUTE)

    Exec Addr    Load Addr    Size         Type   Attr      Idx    E Section Name        Object

    0x08000000   0x08000000   0x000001c8   Data   RO            3    RESET               startup_stm32f750xx.o
    0x080001c8   0x080001c8   0x00000000   Code   RO         4263  * .ARM.Collect$$$$00000000  mc_w.l(entry.o)
    0x080001c8   0x080001c8   0x00000004   Code   RO         4575    .ARM.Collect$$$$00000001  mc_w.l(entry2.o)
    0x080001cc   0x080001cc   0x00000004   Code   RO         4578    .ARM.Collect$$$$00000004  mc_w.l(entry5.o)
    0x080001d0   0x080001d0   0x00000000   Code   RO         4580    .ARM.Collect$$$$00000008  mc_w.l(entry7b.o)
    0x080001d0   0x080001d0   0x00000000   Code   RO         4582    .ARM.Collect$$$$0000000A  mc_w.l(entry8b.o)
    0x080001d0   0x080001d0   0x00000008   Code   RO         4583    .ARM.Collect$$$$0000000B  mc_w.l(entry9a.o)
    0x080001d8   0x080001d8   0x00000000   Code   RO         4585    .ARM.Collect$$$$0000000D  mc_w.l(entry10a.o)
    0x080001d8   0x080001d8   0x00000000   Code   RO         4587    .ARM.Collect$$$$0000000F  mc_w.l(entry11a.o)
    0x080001d8   0x080001d8   0x00000004   Code   RO         4576    .ARM.Collect$$$$00002712  mc_w.l(entry2.o)
    0x080001dc   0x080001dc   0x00000024   Code   RO            4    .text               startup_stm32f750xx.o
    0x08000200   0x08000200   0x00000062   Code   RO         4266    .text               mc_w.l(uldiv.o)
    0x08000262   0x08000262   0x00000024   Code   RO         4268    .text               mc_w.l(memseta.o)
    0x08000286   0x08000286   0x0000014e   Code   RO         4531    .text               mf_w.l(dadd.o)
    0x080003d4   0x080003d4   0x000000e4   Code   RO         4533    .text               mf_w.l(dmul.o)
    0x080004b8   0x080004b8   0x00000022   Code   RO         4535    .text               mf_w.l(dflti.o)
    0x080004da   0x080004da   0x0000003e   Code   RO         4537    .text               mf_w.l(dfixi.o)
    0x08000518   0x08000518   0x00000026   Code   RO         4539    .text               mf_w.l(f2d.o)
    0x0800053e   0x0800053e   0x00000002   PAD
    0x08000540   0x08000540   0x00000030   Code   RO         4541    .text               mf_w.l(cdcmple.o)
    0x08000570   0x08000570   0x00000030   Code   RO         4543    .text               mf_w.l(cdrcmple.o)
    0x080005a0   0x080005a0   0x00000038   Code   RO         4545    .text               mf_w.l(d2f.o)
    0x080005d8   0x080005d8   0x0000002c   Code   RO         4590    .text               mc_w.l(uidiv.o)
    0x08000604   0x08000604   0x0000001e   Code   RO         4592    .text               mc_w.l(llshl.o)
    0x08000622   0x08000622   0x00000020   Code   RO         4594    .text               mc_w.l(llushr.o)
    0x08000642   0x08000642   0x00000024   Code   RO         4596    .text               mc_w.l(llsshr.o)
    0x08000666   0x08000666   0x00000000   Code   RO         4605    .text               mc_w.l(iusefp.o)
    0x08000666   0x08000666   0x0000006e   Code   RO         4606    .text               mf_w.l(fepilogue.o)
    0x080006d4   0x080006d4   0x000000ba   Code   RO         4608    .text               mf_w.l(depilogue.o)
    0x0800078e   0x0800078e   0x000000de   Code   RO         4610    .text               mf_w.l(ddiv.o)
    0x0800086c   0x0800086c   0x00000030   Code   RO         4614    .text               mf_w.l(dfixul.o)
    0x0800089c   0x0800089c   0x00000024   Code   RO         4626    .text               mc_w.l(init.o)
    0x080008c0   0x080008c0   0x0000001a   Code   RO         4628    .text               mf_w.l(dfltui.o)
    0x080008da   0x080008da   0x00000056   Code   RO         4638    .text               mc_w.l(__dczerorl2.o)
    0x08000930   0x08000930   0x00000002   Code   RO         3540    i.BusFault_Handler  stm32f7xx_it.o
    0x08000932   0x08000932   0x00000002   Code   RO         3541    i.DebugMon_Handler  stm32f7xx_it.o
    0x08000934   0x08000934   0x00000004   Code   RO         3284    i.Error_Handler     main.o
    0x08000938   0x08000938   0x00000034   Code   RO         3883    i.GlobalClock_Init  globalclock.o
    0x0800096c   0x0800096c   0x00000092   Code   RO         1656    i.HAL_DMA_Abort     stm32f7xx_hal_dma.o
    0x080009fe   0x080009fe   0x00000024   Code   RO         1657    i.HAL_DMA_Abort_IT  stm32f7xx_hal_dma.o
    0x08000a22   0x08000a22   0x00000002   PAD
    0x08000a24   0x08000a24   0x00000248   Code   RO         1590    i.HAL_GPIO_Init     stm32f7xx_hal_gpio.o
    0x08000c6c   0x08000c6c   0x0000000a   Code   RO         1592    i.HAL_GPIO_ReadPin  stm32f7xx_hal_gpio.o
    0x08000c76   0x08000c76   0x00000002   PAD
    0x08000c78   0x08000c78   0x0000000c   Code   RO         2031    i.HAL_GetTick       stm32f7xx_hal.o
    0x08000c84   0x08000c84   0x00000010   Code   RO         2037    i.HAL_IncTick       stm32f7xx_hal.o
    0x08000c94   0x08000c94   0x00000016   Code   RO         2038    i.HAL_Init          stm32f7xx_hal.o
    0x08000caa   0x08000caa   0x00000002   PAD
    0x08000cac   0x08000cac   0x00000040   Code   RO         2039    i.HAL_InitTick      stm32f7xx_hal.o
    0x08000cec   0x08000cec   0x00000030   Code   RO         3645    i.HAL_MspInit       stm32f7xx_hal_msp.o
    0x08000d1c   0x08000d1c   0x0000001a   Code   RO           18    i.HAL_NVIC_EnableIRQ  stm32f7xx_hal_cortex.o
    0x08000d36   0x08000d36   0x00000002   PAD
    0x08000d38   0x08000d38   0x00000040   Code   RO           24    i.HAL_NVIC_SetPriority  stm32f7xx_hal_cortex.o
    0x08000d78   0x08000d78   0x00000024   Code   RO           25    i.HAL_NVIC_SetPriorityGrouping  stm32f7xx_hal_cortex.o
    0x08000d9c   0x08000d9c   0x0000006c   Code   RO         1930    i.HAL_PWREx_EnableOverDrive  stm32f7xx_hal_pwr_ex.o
    0x08000e08   0x08000e08   0x000004fc   Code   RO         1351    i.HAL_RCCEx_PeriphCLKConfig  stm32f7xx_hal_rcc_ex.o
    0x08001304   0x08001304   0x00000130   Code   RO         1244    i.HAL_RCC_ClockConfig  stm32f7xx_hal_rcc.o
    0x08001434   0x08001434   0x00000020   Code   RO         1251    i.HAL_RCC_GetPCLK1Freq  stm32f7xx_hal_rcc.o
    0x08001454   0x08001454   0x00000020   Code   RO         1252    i.HAL_RCC_GetPCLK2Freq  stm32f7xx_hal_rcc.o
    0x08001474   0x08001474   0x00000064   Code   RO         1253    i.HAL_RCC_GetSysClockFreq  stm32f7xx_hal_rcc.o
    0x080014d8   0x080014d8   0x00000384   Code   RO         1256    i.HAL_RCC_OscConfig  stm32f7xx_hal_rcc.o
    0x0800185c   0x0800185c   0x00000026   Code   RO           29    i.HAL_SYSTICK_Config  stm32f7xx_hal_cortex.o
    0x08001882   0x08001882   0x00000002   Code   RO          964    i.HAL_TIMEx_Break2Callback  stm32f7xx_hal_tim_ex.o
    0x08001884   0x08001884   0x00000002   Code   RO          965    i.HAL_TIMEx_BreakCallback  stm32f7xx_hal_tim_ex.o
    0x08001886   0x08001886   0x00000002   Code   RO          966    i.HAL_TIMEx_CommutCallback  stm32f7xx_hal_tim_ex.o
    0x08001888   0x08001888   0x000000a0   Code   RO          968    i.HAL_TIMEx_ConfigBreakDeadTime  stm32f7xx_hal_tim_ex.o
    0x08001928   0x08001928   0x000000a4   Code   RO          985    i.HAL_TIMEx_MasterConfigSynchronization  stm32f7xx_hal_tim_ex.o
    0x080019cc   0x080019cc   0x00000062   Code   RO          246    i.HAL_TIM_Base_Init  stm32f7xx_hal_tim.o
    0x08001a2e   0x08001a2e   0x00000002   PAD
    0x08001a30   0x08001a30   0x0000003c   Code   RO         3397    i.HAL_TIM_Base_MspInit  tim.o
    0x08001a6c   0x08001a6c   0x0000008c   Code   RO          251    i.HAL_TIM_Base_Start_IT  stm32f7xx_hal_tim.o
    0x08001af8   0x08001af8   0x00000120   Code   RO         3669    i.HAL_TIM_IC_CaptureCallback  motor_encoder.o
    0x08001c18   0x08001c18   0x00000122   Code   RO          282    i.HAL_TIM_IC_ConfigChannel  stm32f7xx_hal_tim.o
    0x08001d3a   0x08001d3a   0x00000062   Code   RO          285    i.HAL_TIM_IC_Init   stm32f7xx_hal_tim.o
    0x08001d9c   0x08001d9c   0x000000e0   Code   RO         3399    i.HAL_TIM_IC_MspInit  tim.o
    0x08001e7c   0x08001e7c   0x00000144   Code   RO          290    i.HAL_TIM_IC_Start_IT  stm32f7xx_hal_tim.o
    0x08001fc0   0x08001fc0   0x00000182   Code   RO          294    i.HAL_TIM_IRQHandler  stm32f7xx_hal_tim.o
    0x08002142   0x08002142   0x00000002   PAD
    0x08002144   0x08002144   0x000000a8   Code   RO         3400    i.HAL_TIM_MspPostInit  tim.o
    0x080021ec   0x080021ec   0x00000002   Code   RO          297    i.HAL_TIM_OC_DelayElapsedCallback  stm32f7xx_hal_tim.o
    0x080021ee   0x080021ee   0x00000124   Code   RO          318    i.HAL_TIM_PWM_ConfigChannel  stm32f7xx_hal_tim.o
    0x08002312   0x08002312   0x00000062   Code   RO          321    i.HAL_TIM_PWM_Init  stm32f7xx_hal_tim.o
    0x08002374   0x08002374   0x00000034   Code   RO         3402    i.HAL_TIM_PWM_MspInit  tim.o
    0x080023a8   0x080023a8   0x00000002   Code   RO          324    i.HAL_TIM_PWM_PulseFinishedCallback  stm32f7xx_hal_tim.o
    0x080023aa   0x080023aa   0x00000002   PAD
    0x080023ac   0x080023ac   0x000000f8   Code   RO          326    i.HAL_TIM_PWM_Start  stm32f7xx_hal_tim.o
    0x080024a4   0x080024a4   0x0000002c   Code   RO         3670    i.HAL_TIM_PeriodElapsedCallback  motor_encoder.o
    0x080024d0   0x080024d0   0x0000002c   Code   RO          334    i.HAL_TIM_ReadCapturedValue  stm32f7xx_hal_tim.o
    0x080024fc   0x080024fc   0x00000002   Code   RO          337    i.HAL_TIM_TriggerCallback  stm32f7xx_hal_tim.o
    0x080024fe   0x080024fe   0x00000002   Code   RO         2809    i.HAL_UARTEx_RxEventCallback  stm32f7xx_hal_uart.o
    0x08002500   0x08002500   0x00000002   Code   RO         2825    i.HAL_UART_ErrorCallback  stm32f7xx_hal_uart.o
    0x08002502   0x08002502   0x0000000c   Code   RO         2827    i.HAL_UART_GetState  stm32f7xx_hal_uart.o
    0x0800250e   0x0800250e   0x00000002   PAD
    0x08002510   0x08002510   0x00000298   Code   RO         2828    i.HAL_UART_IRQHandler  stm32f7xx_hal_uart.o
    0x080027a8   0x080027a8   0x00000066   Code   RO         2829    i.HAL_UART_Init     stm32f7xx_hal_uart.o
    0x0800280e   0x0800280e   0x00000002   PAD
    0x08002810   0x08002810   0x00000124   Code   RO         3493    i.HAL_UART_MspInit  usart.o
    0x08002934   0x08002934   0x0000003c   Code   RO         2834    i.HAL_UART_Receive_IT  stm32f7xx_hal_uart.o
    0x08002970   0x08002970   0x0000006c   Code   RO         3992    i.HAL_UART_RxCpltCallback  serial.o
    0x080029dc   0x080029dc   0x000000a2   Code   RO         2838    i.HAL_UART_Transmit  stm32f7xx_hal_uart.o
    0x08002a7e   0x08002a7e   0x00000002   Code   RO         2841    i.HAL_UART_TxCpltCallback  stm32f7xx_hal_uart.o
    0x08002a80   0x08002a80   0x00000002   Code   RO         3542    i.HardFault_Handler  stm32f7xx_it.o
    0x08002a82   0x08002a82   0x00000002   PAD
    0x08002a84   0x08002a84   0x00000010   Code   RO         3932    i.Jy61p_Enable      jy61p.o
    0x08002a94   0x08002a94   0x0000004c   Code   RO         3933    i.Jy61p_Init        jy61p.o
    0x08002ae0   0x08002ae0   0x000000b8   Code   RO         3934    i.Jy61p_PIDout      jy61p.o
    0x08002b98   0x08002b98   0x000000a0   Code   RO         3372    i.MX_GPIO_Init      gpio.o
    0x08002c38   0x08002c38   0x000000dc   Code   RO         3403    i.MX_TIM1_Init      tim.o
    0x08002d14   0x08002d14   0x000000a0   Code   RO         3404    i.MX_TIM2_Init      tim.o
    0x08002db4   0x08002db4   0x00000080   Code   RO         3405    i.MX_TIM3_Init      tim.o
    0x08002e34   0x08002e34   0x00000080   Code   RO         3406    i.MX_TIM5_Init      tim.o
    0x08002eb4   0x08002eb4   0x00000048   Code   RO         3407    i.MX_TIM6_Init      tim.o
    0x08002efc   0x08002efc   0x0000003c   Code   RO         3494    i.MX_UART5_Init     usart.o
    0x08002f38   0x08002f38   0x0000003c   Code   RO         3495    i.MX_USART1_UART_Init  usart.o
    0x08002f74   0x08002f74   0x00000002   Code   RO         3543    i.MemManage_Handler  stm32f7xx_it.o
    0x08002f76   0x08002f76   0x00000002   PAD
    0x08002f78   0x08002f78   0x00000104   Code   RO         3824    i.Motor_Init        motor_power.o
    0x0800307c   0x0800307c   0x00000028   Code   RO         3742    i.Motor_PID_Init    motor_pid.o
    0x080030a4   0x080030a4   0x0000030c   Code   RO         3825    i.Motor_Power       motor_power.o
    0x080033b0   0x080033b0   0x00000002   Code   RO         3544    i.NMI_Handler       stm32f7xx_it.o
    0x080033b2   0x080033b2   0x00000002   Code   RO         3545    i.PendSV_Handler    stm32f7xx_it.o
    0x080033b4   0x080033b4   0x00000002   Code   RO         3546    i.SVC_Handler       stm32f7xx_it.o
    0x080033b6   0x080033b6   0x00000002   PAD
    0x080033b8   0x080033b8   0x00000014   Code   RO         3993    i.Serial_Init       serial.o
    0x080033cc   0x080033cc   0x0000000c   Code   RO         3827    i.Set_Chassis_Speed  motor_power.o
    0x080033d8   0x080033d8   0x00000004   Code   RO         3547    i.SysTick_Handler   stm32f7xx_it.o
    0x080033dc   0x080033dc   0x000000a0   Code   RO         3285    i.SystemClock_Config  main.o
    0x0800347c   0x0800347c   0x00000010   Code   RO         3247    i.SystemInit        system_stm32f7xx.o
    0x0800348c   0x0800348c   0x000001b4   Code   RO         3671    i.TIM3CaptureChannel1Callback  motor_encoder.o
    0x08003640   0x08003640   0x000001b4   Code   RO         3672    i.TIM3CaptureChannel3Callback  motor_encoder.o
    0x080037f4   0x080037f4   0x0000000c   Code   RO         3548    i.TIM3_IRQHandler   stm32f7xx_it.o
    0x08003800   0x08003800   0x00000034   Code   RO         3673    i.TIM3_IcOverflowCntCallback  motor_encoder.o
    0x08003834   0x08003834   0x00000034   Code   RO         4041    i.TIM4_IRQHandler   usmart.o
    0x08003868   0x08003868   0x000001b4   Code   RO         3674    i.TIM5CaptureChannel1Callback  motor_encoder.o
    0x08003a1c   0x08003a1c   0x000001b4   Code   RO         3675    i.TIM5CaptureChannel3Callback  motor_encoder.o
    0x08003bd0   0x08003bd0   0x0000000c   Code   RO         3549    i.TIM5_IRQHandler   stm32f7xx_it.o
    0x08003bdc   0x08003bdc   0x00000034   Code   RO         3676    i.TIM5_IcOverflowCntCallback  motor_encoder.o
    0x08003c10   0x08003c10   0x00000014   Code   RO         3550    i.TIM6_DAC_IRQHandler  stm32f7xx_it.o
    0x08003c24   0x08003c24   0x00000024   Code   RO         3884    i.TIM6_IRQ          globalclock.o
    0x08003c48   0x08003c48   0x000000cc   Code   RO          339    i.TIM_Base_SetConfig  stm32f7xx_hal_tim.o
    0x08003d14   0x08003d14   0x0000001a   Code   RO          340    i.TIM_CCxChannelCmd  stm32f7xx_hal_tim.o
    0x08003d2e   0x08003d2e   0x00000002   PAD
    0x08003d30   0x08003d30   0x00000074   Code   RO          352    i.TIM_OC1_SetConfig  stm32f7xx_hal_tim.o
    0x08003da4   0x08003da4   0x00000078   Code   RO          353    i.TIM_OC2_SetConfig  stm32f7xx_hal_tim.o
    0x08003e1c   0x08003e1c   0x00000078   Code   RO          354    i.TIM_OC3_SetConfig  stm32f7xx_hal_tim.o
    0x08003e94   0x08003e94   0x00000058   Code   RO          355    i.TIM_OC4_SetConfig  stm32f7xx_hal_tim.o
    0x08003eec   0x08003eec   0x00000058   Code   RO          356    i.TIM_OC5_SetConfig  stm32f7xx_hal_tim.o
    0x08003f44   0x08003f44   0x00000058   Code   RO          357    i.TIM_OC6_SetConfig  stm32f7xx_hal_tim.o
    0x08003f9c   0x08003f9c   0x00000080   Code   RO          360    i.TIM_TI1_SetConfig  stm32f7xx_hal_tim.o
    0x0800401c   0x0800401c   0x00000036   Code   RO          362    i.TIM_TI2_SetConfig  stm32f7xx_hal_tim.o
    0x08004052   0x08004052   0x00000002   PAD
    0x08004054   0x08004054   0x00000054   Code   RO         4042    i.Timer4_Init       usmart.o
    0x080040a8   0x080040a8   0x0000000c   Code   RO         3551    i.UART5_IRQHandler  stm32f7xx_it.o
    0x080040b4   0x080040b4   0x000000c8   Code   RO         2843    i.UART_AdvFeatureConfig  stm32f7xx_hal_uart.o
    0x0800417c   0x0800417c   0x00000044   Code   RO         2844    i.UART_CheckIdleState  stm32f7xx_hal_uart.o
    0x080041c0   0x080041c0   0x00000014   Code   RO         2845    i.UART_DMAAbortOnError  stm32f7xx_hal_uart.o
    0x080041d4   0x080041d4   0x0000004c   Code   RO         2855    i.UART_EndRxTransfer  stm32f7xx_hal_uart.o
    0x08004220   0x08004220   0x000000a4   Code   RO         2857    i.UART_RxISR_16BIT  stm32f7xx_hal_uart.o
    0x080042c4   0x080042c4   0x000000a4   Code   RO         2858    i.UART_RxISR_8BIT   stm32f7xx_hal_uart.o
    0x08004368   0x08004368   0x00000230   Code   RO         2859    i.UART_SetConfig    stm32f7xx_hal_uart.o
    0x08004598   0x08004598   0x000000b8   Code   RO         2861    i.UART_Start_Receive_IT  stm32f7xx_hal_uart.o
    0x08004650   0x08004650   0x000000ca   Code   RO         2864    i.UART_WaitOnFlagUntilTimeout  stm32f7xx_hal_uart.o
    0x0800471a   0x0800471a   0x00000002   PAD
    0x0800471c   0x0800471c   0x00000014   Code   RO         3552    i.USART1_IRQHandler  stm32f7xx_it.o
    0x08004730   0x08004730   0x00000040   Code   RO         3994    i.USART1_myIRQHandler  serial.o
    0x08004770   0x08004770   0x00000002   Code   RO         3553    i.UsageFault_Handler  stm32f7xx_it.o
    0x08004772   0x08004772   0x00000002   PAD
    0x08004774   0x08004774   0x00000020   Code   RO         4503    i.__0printf         mc_w.l(printfa.o)
    0x08004794   0x08004794   0x00000030   Code   RO         4622    i.__ARM_fpclassify  m_wm.l(fpclassify.o)
    0x080047c4   0x080047c4   0x00000022   Code   RO           31    i.__NVIC_SetPriority  stm32f7xx_hal_cortex.o
    0x080047e6   0x080047e6   0x00000002   PAD
    0x080047e8   0x080047e8   0x000000c8   Code   RO         4239    i.__hardfp_cos      m_wm.l(cos.o)
    0x080048b0   0x080048b0   0x000000c8   Code   RO         4251    i.__hardfp_sin      m_wm.l(sin.o)
    0x08004978   0x08004978   0x00000438   Code   RO         4564    i.__ieee754_rem_pio2  m_wm.l(rred.o)
    0x08004db0   0x08004db0   0x00000170   Code   RO         4547    i.__kernel_cos      m_wm.l(cos_i.o)
    0x08004f20   0x08004f20   0x000000f8   Code   RO         4624    i.__kernel_poly     m_wm.l(poly.o)
    0x08005018   0x08005018   0x00000130   Code   RO         4569    i.__kernel_sin      m_wm.l(sin_i.o)
    0x08005148   0x08005148   0x00000014   Code   RO         4551    i.__mathlib_dbl_infnan  m_wm.l(dunder.o)
    0x0800515c   0x0800515c   0x00000004   PAD
    0x08005160   0x08005160   0x00000020   Code   RO         4553    i.__mathlib_dbl_invalid  m_wm.l(dunder.o)
    0x08005180   0x08005180   0x00000020   Code   RO         4556    i.__mathlib_dbl_underflow  m_wm.l(dunder.o)
    0x080051a0   0x080051a0   0x0000000e   Code   RO         4632    i.__scatterload_copy  mc_w.l(handlers.o)
    0x080051ae   0x080051ae   0x00000002   Code   RO         4633    i.__scatterload_null  mc_w.l(handlers.o)
    0x080051b0   0x080051b0   0x0000000e   Code   RO         4634    i.__scatterload_zeroinit  mc_w.l(handlers.o)
    0x080051be   0x080051be   0x00000002   PAD
    0x080051c0   0x080051c0   0x0000000c   Code   RO         4600    i.__set_errno       mc_w.l(errno.o)
    0x080051cc   0x080051cc   0x00000184   Code   RO         4510    i._fp_digits        mc_w.l(printfa.o)
    0x08005350   0x08005350   0x000006dc   Code   RO         4511    i._printf_core      mc_w.l(printfa.o)
    0x08005a2c   0x08005a2c   0x00000024   Code   RO         4512    i._printf_post_padding  mc_w.l(printfa.o)
    0x08005a50   0x08005a50   0x0000002e   Code   RO         4513    i._printf_pre_padding  mc_w.l(printfa.o)
    0x08005a7e   0x08005a7e   0x00000002   PAD
    0x08005a80   0x08005a80   0x00000034   Code   RO         3885    i.delay_ms          globalclock.o
    0x08005ab4   0x08005ab4   0x00000018   Code   RO         4618    i.fabs              m_wm.l(fabs.o)
    0x08005acc   0x08005acc   0x00000018   Code   RO         3995    i.fputc             serial.o
    0x08005ae4   0x08005ae4   0x0000006c   Code   RO         3286    i.main              main.o
    0x08005b50   0x08005b50   0x00000034   Code   RO         3743    i.motor_pid_data_init  motor_pid.o
    0x08005b84   0x08005b84   0x000000b0   Code   RO         3744    i.pid_change        motor_pid.o
    0x08005c34   0x08005c34   0x00000018   Code   RO         3745    i.pid_changed       motor_pid.o
    0x08005c4c   0x08005c4c   0x00000018   Code   RO         3746    i.pid_changei       motor_pid.o
    0x08005c64   0x08005c64   0x00000018   Code   RO         3748    i.pid_changep       motor_pid.o
    0x08005c7c   0x08005c7c   0x000000e8   Code   RO         3749    i.pid_incremental   motor_pid.o
    0x08005d64   0x08005d64   0x000000e8   Code   RO         3750    i.pid_positional    motor_pid.o
    0x08005e4c   0x08005e4c   0x00000004   Code   RO         4043    i.read_addr         usmart.o
    0x08005e50   0x08005e50   0x0000001e   Code   RO         3677    i.read_freq         motor_encoder.o
    0x08005e6e   0x08005e6e   0x00000002   PAD
    0x08005e70   0x08005e70   0x000000b8   Code   RO         3936    i.receive_imu901_IRQ  jy61p.o
    0x08005f28   0x08005f28   0x00000054   Code   RO         3751    i.set_motor1_pid    motor_pid.o
    0x08005f7c   0x08005f7c   0x000000d4   Code   RO         3828    i.set_motor_speed   motor_power.o
    0x08006050   0x08006050   0x00000094   Code   RO         4044    i.usmart_cmd_rec    usmart.o
    0x080060e4   0x080060e4   0x00000264   Code   RO         4045    i.usmart_exe        usmart.o
    0x08006348   0x08006348   0x000000a6   Code   RO         4163    i.usmart_get_aparm  usmart_str.o
    0x080063ee   0x080063ee   0x0000002e   Code   RO         4164    i.usmart_get_cmdname  usmart_str.o
    0x0800641c   0x0800641c   0x00000174   Code   RO         4165    i.usmart_get_fname  usmart_str.o
    0x08006590   0x08006590   0x000000e4   Code   RO         4166    i.usmart_get_fparam  usmart_str.o
    0x08006674   0x08006674   0x00000024   Code   RO         4167    i.usmart_get_parmpos  usmart_str.o
    0x08006698   0x08006698   0x00000034   Code   RO         4046    i.usmart_get_runtime  usmart.o
    0x080066cc   0x080066cc   0x00000028   Code   RO         4047    i.usmart_init       usmart.o
    0x080066f4   0x080066f4   0x00000010   Code   RO         4168    i.usmart_pow        usmart_str.o
    0x08006704   0x08006704   0x0000002c   Code   RO         4048    i.usmart_reset_runtime  usmart.o
    0x08006730   0x08006730   0x000000b8   Code   RO         4049    i.usmart_scan       usmart.o
    0x080067e8   0x080067e8   0x00000010   Code   RO         4169    i.usmart_search_nextc  usmart_str.o
    0x080067f8   0x080067f8   0x000000d8   Code   RO         4170    i.usmart_str2num    usmart_str.o
    0x080068d0   0x080068d0   0x00000018   Code   RO         4171    i.usmart_strcmp     usmart_str.o
    0x080068e8   0x080068e8   0x00000012   Code   RO         4172    i.usmart_strcopy    usmart_str.o
    0x080068fa   0x080068fa   0x00000012   Code   RO         4173    i.usmart_strlen     usmart_str.o
    0x0800690c   0x0800690c   0x00000440   Code   RO         4050    i.usmart_sys_cmd_exe  usmart.o
    0x08006d4c   0x08006d4c   0x00000004   Code   RO         4051    i.write_addr        usmart.o
    0x08006d50   0x08006d50   0x00000010   Data   RO         3248    .constdata          system_stm32f7xx.o
    0x08006d60   0x08006d60   0x00000008   Data   RO         3249    .constdata          system_stm32f7xx.o
    0x08006d68   0x08006d68   0x00000030   Data   RO         4548    .constdata          m_wm.l(cos_i.o)
    0x08006d98   0x08006d98   0x000000c8   Data   RO         4566    .constdata          m_wm.l(rred.o)
    0x08006e60   0x08006e60   0x00000028   Data   RO         4570    .constdata          m_wm.l(sin_i.o)
    0x08006e88   0x08006e88   0x0000039c   Data   RO         4053    .conststring        usmart.o
    0x08007224   0x08007224   0x0000009c   Data   RO         4137    .conststring        usmart_config.o
    0x080072c0   0x080072c0   0x00000020   Data   RO         4630    Region$$Table       anon$$obj.o


    Execution Region RW_IRAM1 (Exec base: 0x20000000, Load base: 0x080072e0, Size: 0x00000be8, Max: 0x00050000, ABSOLUTE, COMPRESSED[0x00000080])

    Exec Addr    Load Addr    Size         Type   Attr      Idx    E Section Name        Object

    0x20000000   COMPRESSED   0x0000000c   Data   RW         2045    .data               stm32f7xx_hal.o
    0x2000000c   COMPRESSED   0x00000004   Data   RW         3250    .data               system_stm32f7xx.o
    0x20000010   COMPRESSED   0x00000088   Data   RW         3678    .data               motor_encoder.o
    0x20000098   COMPRESSED   0x00000064   Data   RW         3753    .data               motor_pid.o
    0x200000fc   COMPRESSED   0x00000004   PAD
    0x20000100   COMPRESSED   0x00000028   Data   RW         3830    .data               motor_power.o
    0x20000128   COMPRESSED   0x0000000c   Data   RW         3887    .data               globalclock.o
    0x20000134   COMPRESSED   0x00000018   Data   RW         3938    .data               jy61p.o
    0x2000014c   COMPRESSED   0x00000004   Data   RW         3997    .data               serial.o
    0x20000150   COMPRESSED   0x0000001c   Data   RW         4054    .data               usmart.o
    0x2000016c   COMPRESSED   0x00000028   Data   RW         4138    .data               usmart_config.o
    0x20000194   COMPRESSED   0x000000f4   Data   RW         4139    .data               usmart_config.o
    0x20000288   COMPRESSED   0x00000004   Data   RW         4589    .data               mc_w.l(stdout.o)
    0x2000028c   COMPRESSED   0x00000004   Data   RW         4601    .data               mc_w.l(errno.o)
    0x20000290        -       0x0000017c   Zero   RW         3408    .bss                tim.o
    0x2000040c        -       0x00000110   Zero   RW         3496    .bss                usart.o
    0x2000051c        -       0x000000a0   Zero   RW         3752    .bss                motor_pid.o
    0x200005bc   COMPRESSED   0x00000004   PAD
    0x200005c0        -       0x000000b8   Zero   RW         3829    .bss                motor_power.o
    0x20000678        -       0x00000058   Zero   RW         3937    .bss                jy61p.o
    0x200006d0        -       0x000000c8   Zero   RW         3996    .bss                serial.o
    0x20000798        -       0x0000004c   Zero   RW         4052    .bss                usmart.o
    0x200007e4   COMPRESSED   0x00000004   PAD
    0x200007e8        -       0x00000400   Zero   RW            1    STACK               startup_stm32f750xx.o


==============================================================================

Image component sizes


      Code (inc. data)   RO Data    RW Data    ZI Data      Debug   Object Name

       140         32          0         12          0       2240   globalclock.o
       160         12          0          0          0        983   gpio.o
       460         74          0         24         88       3443   jy61p.o
       272         20          0          0          0       4514   main.o
      2210        126          0        136          0       7998   motor_encoder.o
       888         60          0        100        160       7235   motor_pid.o
      1264         88          0         40        184       4535   motor_power.o
       216         48          0          4        200       2764   serial.o
        36          8        456          0       1024        824   startup_stm32f750xx.o
       114         20          0         12          0       8325   stm32f7xx_hal.o
       198         12          0          0          0     878247   stm32f7xx_hal_cortex.o
       182          0          0          0          0       2095   stm32f7xx_hal_dma.o
       594         54          0          0          0       2227   stm32f7xx_hal_gpio.o
        48          6          0          0          0        822   stm32f7xx_hal_msp.o
       108          8          0          0          0       1244   stm32f7xx_hal_pwr_ex.o
      1368         68          0          0          0       5112   stm32f7xx_hal_rcc.o
      1276         16          0          0          0       2260   stm32f7xx_hal_rcc_ex.o
      3056        250          0          0          0      19134   stm32f7xx_hal_tim.o
       330         40          0          0          0       3956   stm32f7xx_hal_tim_ex.o
      2644         84          0          0          0      14861   stm32f7xx_hal_uart.o
        96         26          0          0          0       6423   stm32f7xx_it.o
        16          4         24          4          0       1091   system_stm32f7xx.o
      1212        102          0          0        380       6631   tim.o
       412         40          0          0        272       2477   usart.o
      2312        810        924         28         76       7739   usmart.o
         0          0        156        284          0       1476   usmart_config.o
      1156         22          0          0          0       9199   usmart_str.o

    ----------------------------------------------------------------------
     20804       2030       1592        648       2392    1007855   Object Totals
         0          0         32          0          0          0   (incl. Generated)
        36          0          0          4          8          0   (incl. Padding)

    ----------------------------------------------------------------------

      Code (inc. data)   RO Data    RW Data    ZI Data      Debug   Library Member Name

       200         20          0          0          0        164   cos.o
       368         46         48          0          0        200   cos_i.o
        84         16          0          0          0        372   dunder.o
        24          0          0          0          0        124   fabs.o
        48          0          0          0          0        124   fpclassify.o
       248          0          0          0          0        152   poly.o
      1080        142        200          0          0        188   rred.o
       200         20          0          0          0        164   sin.o
       304         24         40          0          0        208   sin_i.o
        86          0          0          0          0          0   __dczerorl2.o
         0          0          0          0          0          0   entry.o
         0          0          0          0          0          0   entry10a.o
         0          0          0          0          0          0   entry11a.o
         8          4          0          0          0          0   entry2.o
         4          0          0          0          0          0   entry5.o
         0          0          0          0          0          0   entry7b.o
         0          0          0          0          0          0   entry8b.o
         8          4          0          0          0          0   entry9a.o
        12          6          0          4          0         68   errno.o
        30          0          0          0          0          0   handlers.o
        36          8          0          0          0         68   init.o
         0          0          0          0          0          0   iusefp.o
        30          0          0          0          0         68   llshl.o
        36          0          0          0          0         68   llsshr.o
        32          0          0          0          0         68   llushr.o
        36          0          0          0          0        108   memseta.o
      2258         90          0          0          0        452   printfa.o
         0          0          0          4          0          0   stdout.o
        44          0          0          0          0         80   uidiv.o
        98          0          0          0          0         92   uldiv.o
        48          0          0          0          0         68   cdcmple.o
        48          0          0          0          0         68   cdrcmple.o
        56          0          0          0          0         88   d2f.o
       334          0          0          0          0        148   dadd.o
       222          0          0          0          0        100   ddiv.o
       186          0          0          0          0        176   depilogue.o
        62          0          0          0          0         80   dfixi.o
        48          0          0          0          0         68   dfixul.o
        34          0          0          0          0         76   dflti.o
        26          0          0          0          0         76   dfltui.o
       228          0          0          0          0         96   dmul.o
        38          0          0          0          0         68   f2d.o
       110          0          0          0          0        168   fepilogue.o

    ----------------------------------------------------------------------
      6724        380        288          8          0       4048   Library Totals
        10          0          0          0          0          0   (incl. Padding)

    ----------------------------------------------------------------------

      Code (inc. data)   RO Data    RW Data    ZI Data      Debug   Library Name

      2556        268        288          0          0       1696   m_wm.l
      2718        112          0          8          0       1072   mc_w.l
      1440          0          0          0          0       1280   mf_w.l

    ----------------------------------------------------------------------
      6724        380        288          8          0       4048   Library Totals

    ----------------------------------------------------------------------

==============================================================================


      Code (inc. data)   RO Data    RW Data    ZI Data      Debug   

     27528       2410       1880        656       2392     995791   Grand Totals
     27528       2410       1880        128       2392     995791   ELF Image Totals (compressed)
     27528       2410       1880        128          0          0   ROM Totals

==============================================================================

    Total RO  Size (Code + RO Data)                29408 (  28.72kB)
    Total RW  Size (RW Data + ZI Data)              3048 (   2.98kB)
    Total ROM Size (Code + RO Data + RW Data)      29536 (  28.84kB)

==============================================================================

