Component: ARM Compiler 5.06 update 5 (build 528) Tool: armlink [4d35e2]

==============================================================================

Section Cross References

    startup_stm32f750xx.o(RESET) refers to startup_stm32f750xx.o(STACK) for __initial_sp
    startup_stm32f750xx.o(RESET) refers to startup_stm32f750xx.o(.text) for Reset_Handler
    startup_stm32f750xx.o(RESET) refers to stm32f7xx_it.o(i.NMI_Handler) for NMI_Handler
    startup_stm32f750xx.o(RESET) refers to stm32f7xx_it.o(i.HardFault_Handler) for HardFault_Handler
    startup_stm32f750xx.o(RESET) refers to stm32f7xx_it.o(i.MemManage_Handler) for MemManage_Handler
    startup_stm32f750xx.o(RESET) refers to stm32f7xx_it.o(i.BusFault_Handler) for BusFault_Handler
    startup_stm32f750xx.o(RESET) refers to stm32f7xx_it.o(i.UsageFault_Handler) for UsageFault_Handler
    startup_stm32f750xx.o(RESET) refers to stm32f7xx_it.o(i.SVC_Handler) for SVC_Handler
    startup_stm32f750xx.o(RESET) refers to stm32f7xx_it.o(i.DebugMon_Handler) for DebugMon_Handler
    startup_stm32f750xx.o(RESET) refers to stm32f7xx_it.o(i.PendSV_Handler) for PendSV_Handler
    startup_stm32f750xx.o(RESET) refers to stm32f7xx_it.o(i.SysTick_Handler) for SysTick_Handler
    startup_stm32f750xx.o(RESET) refers to stm32f7xx_it.o(i.TIM3_IRQHandler) for TIM3_IRQHandler
    startup_stm32f750xx.o(RESET) refers to usmart.o(i.TIM4_IRQHandler) for TIM4_IRQHandler
    startup_stm32f750xx.o(RESET) refers to stm32f7xx_it.o(i.USART1_IRQHandler) for USART1_IRQHandler
    startup_stm32f750xx.o(RESET) refers to stm32f7xx_it.o(i.TIM5_IRQHandler) for TIM5_IRQHandler
    startup_stm32f750xx.o(RESET) refers to stm32f7xx_it.o(i.UART5_IRQHandler) for UART5_IRQHandler
    startup_stm32f750xx.o(RESET) refers to stm32f7xx_it.o(i.TIM6_DAC_IRQHandler) for TIM6_DAC_IRQHandler
    startup_stm32f750xx.o(.text) refers to system_stm32f7xx.o(i.SystemInit) for SystemInit
    startup_stm32f750xx.o(.text) refers to entry.o(.ARM.Collect$$$$00000000) for __main
    stm32f7xx_hal_cortex.o(i.HAL_NVIC_SetPriority) refers to stm32f7xx_hal_cortex.o(i.__NVIC_SetPriority) for __NVIC_SetPriority
    stm32f7xx_hal_cortex.o(i.HAL_SYSTICK_Config) refers to stm32f7xx_hal_cortex.o(i.__NVIC_SetPriority) for __NVIC_SetPriority
    stm32f7xx_hal_cortex.o(i.HAL_SYSTICK_IRQHandler) refers to stm32f7xx_hal_cortex.o(i.HAL_SYSTICK_Callback) for HAL_SYSTICK_Callback
    stm32f7xx_hal_tim.o(i.HAL_TIM_Base_DeInit) refers to tim.o(i.HAL_TIM_Base_MspDeInit) for HAL_TIM_Base_MspDeInit
    stm32f7xx_hal_tim.o(i.HAL_TIM_Base_Init) refers to tim.o(i.HAL_TIM_Base_MspInit) for HAL_TIM_Base_MspInit
    stm32f7xx_hal_tim.o(i.HAL_TIM_Base_Init) refers to stm32f7xx_hal_tim.o(i.TIM_Base_SetConfig) for TIM_Base_SetConfig
    stm32f7xx_hal_tim.o(i.HAL_TIM_Base_Start_DMA) refers to stm32f7xx_hal_dma.o(i.HAL_DMA_Start_IT) for HAL_DMA_Start_IT
    stm32f7xx_hal_tim.o(i.HAL_TIM_Base_Start_DMA) refers to stm32f7xx_hal_tim.o(i.TIM_DMAPeriodElapsedCplt) for TIM_DMAPeriodElapsedCplt
    stm32f7xx_hal_tim.o(i.HAL_TIM_Base_Start_DMA) refers to stm32f7xx_hal_tim.o(i.TIM_DMAPeriodElapsedHalfCplt) for TIM_DMAPeriodElapsedHalfCplt
    stm32f7xx_hal_tim.o(i.HAL_TIM_Base_Start_DMA) refers to stm32f7xx_hal_tim.o(i.TIM_DMAError) for TIM_DMAError
    stm32f7xx_hal_tim.o(i.HAL_TIM_Base_Stop_DMA) refers to stm32f7xx_hal_dma.o(i.HAL_DMA_Abort_IT) for HAL_DMA_Abort_IT
    stm32f7xx_hal_tim.o(i.HAL_TIM_ConfigClockSource) refers to stm32f7xx_hal_tim.o(i.TIM_ETR_SetConfig) for TIM_ETR_SetConfig
    stm32f7xx_hal_tim.o(i.HAL_TIM_ConfigClockSource) refers to stm32f7xx_hal_tim.o(i.TIM_TI1_ConfigInputStage) for TIM_TI1_ConfigInputStage
    stm32f7xx_hal_tim.o(i.HAL_TIM_ConfigClockSource) refers to stm32f7xx_hal_tim.o(i.TIM_TI2_ConfigInputStage) for TIM_TI2_ConfigInputStage
    stm32f7xx_hal_tim.o(i.HAL_TIM_ConfigClockSource) refers to stm32f7xx_hal_tim.o(i.TIM_ITRx_SetConfig) for TIM_ITRx_SetConfig
    stm32f7xx_hal_tim.o(i.HAL_TIM_ConfigOCrefClear) refers to stm32f7xx_hal_tim.o(i.TIM_ETR_SetConfig) for TIM_ETR_SetConfig
    stm32f7xx_hal_tim.o(i.HAL_TIM_DMABurst_MultiReadStart) refers to stm32f7xx_hal_dma.o(i.HAL_DMA_Start_IT) for HAL_DMA_Start_IT
    stm32f7xx_hal_tim.o(i.HAL_TIM_DMABurst_MultiReadStart) refers to stm32f7xx_hal_tim.o(i.TIM_DMAError) for TIM_DMAError
    stm32f7xx_hal_tim.o(i.HAL_TIM_DMABurst_MultiReadStart) refers to stm32f7xx_hal_tim.o(i.TIM_DMACaptureCplt) for TIM_DMACaptureCplt
    stm32f7xx_hal_tim.o(i.HAL_TIM_DMABurst_MultiReadStart) refers to stm32f7xx_hal_tim.o(i.TIM_DMACaptureHalfCplt) for TIM_DMACaptureHalfCplt
    stm32f7xx_hal_tim.o(i.HAL_TIM_DMABurst_MultiReadStart) refers to stm32f7xx_hal_tim.o(i.TIM_DMAPeriodElapsedCplt) for TIM_DMAPeriodElapsedCplt
    stm32f7xx_hal_tim.o(i.HAL_TIM_DMABurst_MultiReadStart) refers to stm32f7xx_hal_tim.o(i.TIM_DMAPeriodElapsedHalfCplt) for TIM_DMAPeriodElapsedHalfCplt
[...]
    i.__mathlib_dbl_underflow                0x08004cd8   Section        0  dunder.o(i.__mathlib_dbl_underflow)
    i.__scatterload_copy                     0x08004cf8   Section       14  handlers.o(i.__scatterload_copy)
    i.__scatterload_null                     0x08004d06   Section        2  handlers.o(i.__scatterload_null)
    i.__scatterload_zeroinit                 0x08004d08   Section       14  handlers.o(i.__scatterload_zeroinit)
    i.__set_errno                            0x08004d18   Section        0  errno.o(i.__set_errno)
    i._fp_digits                             0x08004d24   Section        0  printfa.o(i._fp_digits)
    _fp_digits                               0x08004d25   Thumb Code   366  printfa.o(i._fp_digits)
    i._printf_core                           0x08004ea8   Section        0  printfa.o(i._printf_core)
    _printf_core                             0x08004ea9   Thumb Code  1744  printfa.o(i._printf_core)
    i._printf_post_padding                   0x08005584   Section        0  printfa.o(i._printf_post_padding)
    _printf_post_padding                     0x08005585   Thumb Code    36  printfa.o(i._printf_post_padding)
    i._printf_pre_padding                    0x080055a8   Section        0  printfa.o(i._printf_pre_padding)
    _printf_pre_padding                      0x080055a9   Thumb Code    46  printfa.o(i._printf_pre_padding)
    i.chassis_synthetic_control              0x080055d8   Section        0  wheel.o(i.chassis_synthetic_control)
    i.delay_init                             0x0800591c   Section        0  time_delay.o(i.delay_init)
    i.delay_ms                               0x08005944   Section        0  time_delay.o(i.delay_ms)
    i.fabs                                   0x08005978   Section        0  fabs.o(i.fabs)
    i.fputc                                  0x08005990   Section        0  serial.o(i.fputc)
    i.imu_calibration                        0x080059a8   Section        0  imu_task.o(i.imu_calibration)
    i.imu_pid                                0x08005a18   Section        0  imu_task.o(i.imu_pid)
    i.imu_pid_data_init                      0x08005ac8   Section        0  imu_task.o(i.imu_pid_data_init)
    i.main                                   0x08005b00   Section        0  main.o(i.main)
    i.motor1_Enable                          0x08005be8   Section        0  wheel_config.o(i.motor1_Enable)
    i.motor2_Enable                          0x08005c34   Section        0  wheel_config.o(i.motor2_Enable)
    i.motor3_Enable                          0x08005c80   Section        0  wheel_config.o(i.motor3_Enable)
    i.motor4_Enable                          0x08005ccc   Section        0  wheel_config.o(i.motor4_Enable)
    i.motor_pid_data_init                    0x08005d14   Section        0  wheel_task.o(i.motor_pid_data_init)
    i.move_by_encoder                        0x08005d4c   Section        0  wheel.o(i.move_by_encoder)
    i.pid_change                             0x0800600c   Section        0  wheel_task.o(i.pid_change)
    i.pid_incremental                        0x080060cc   Section        0  pid.o(i.pid_incremental)
    i.pid_positional                         0x080061c0   Section        0  pid.o(i.pid_positional)
    i.read_addr                              0x080062a0   Section        0  usmart.o(i.read_addr)
    i.read_freq                              0x080062a4   Section        0  wheel_task.o(i.read_freq)
    i.receive_imu901_IRQ                     0x080062c4   Section        0  imu.o(i.receive_imu901_IRQ)
    i.receive_imu901_Init                    0x080062f4   Section        0  imu.o(i.receive_imu901_Init)
    i.set_chassis_speed                      0x0800630c   Section        0  wheel.o(i.set_chassis_speed)
    i.set_imu_status                         0x08006318   Section        0  imu_task.o(i.set_imu_status)
    i.set_motor                              0x0800631c   Section        0  wheel_config.o(i.set_motor)
    i.set_motor1_pid                         0x08006330   Section        0  wheel_task.o(i.set_motor1_pid)
    i.set_motor1val                          0x0800633c   Section        0  wheel_config.o(i.set_motor1val)
    i.set_motor_speed                        0x08006348   Section        0  wheel_pwm.o(i.set_motor_speed)
    i.unpacked_imu901                        0x0800641c   Section        0  imu.o(i.unpacked_imu901)
    i.usmart_cmd_rec                         0x080064a8   Section        0  usmart.o(i.usmart_cmd_rec)
    i.usmart_exe                             0x0800653c   Section        0  usmart.o(i.usmart_exe)
    i.usmart_get_aparm                       0x080067a0   Section        0  usmart_str.o(i.usmart_get_aparm)
    i.usmart_get_cmdname                     0x08006846   Section        0  usmart_str.o(i.usmart_get_cmdname)
    i.usmart_get_fname                       0x08006874   Section        0  usmart_str.o(i.usmart_get_fname)
    i.usmart_get_fparam                      0x080069e8   Section        0  usmart_str.o(i.usmart_get_fparam)
    i.usmart_get_parmpos                     0x08006acc   Section        0  usmart_str.o(i.usmart_get_parmpos)
    i.usmart_get_runtime                     0x08006af0   Section        0  usmart.o(i.usmart_get_runtime)
    i.usmart_init                            0x08006b24   Section        0  usmart.o(i.usmart_init)
    i.usmart_pow                             0x08006b4c   Section        0  usmart_str.o(i.usmart_pow)
    i.usmart_reset_runtime                   0x08006b5c   Section        0  usmart.o(i.usmart_reset_runtime)
    i.usmart_scan                            0x08006b88   Section        0  usmart.o(i.usmart_scan)
    i.usmart_search_nextc                    0x08006c40   Section        0  usmart_str.o(i.usmart_search_nextc)
    i.usmart_str2num                         0x08006c50   Section        0  usmart_str.o(i.usmart_str2num)
    i.usmart_strcmp                          0x08006d28   Section        0  usmart_str.o(i.usmart_strcmp)
    i.usmart_strcopy                         0x08006d40   Section        0  usmart_str.o(i.usmart_strcopy)
    i.usmart_strlen                          0x08006d52   Section        0  usmart_str.o(i.usmart_strlen)
    i.usmart_sys_cmd_exe                     0x08006d64   Section        0  usmart.o(i.usmart_sys_cmd_exe)
    i.write_addr                             0x080071a4   Section        0  usmart.o(i.write_addr)
    .constdata                               0x080071a8   Section       16  system_stm32f7xx.o(.constdata)
    .constdata                               0x080071b8   Section        8  system_stm32f7xx.o(.constdata)
    .constdata                               0x080071c0   Section       48  cos_i.o(.constdata)
    C                                        0x080071c0   Data          48  cos_i.o(.constdata)
    .constdata                               0x080071f0   Section      200  rred.o(.constdata)
    pio2s                                    0x080071f0   Data          48  rred.o(.constdata)
    twooverpi                                0x08007220   Data         152  rred.o(.constdata)
    .constdata                               0x080072b8   Section       40  sin_i.o(.constdata)
    S                                        0x080072b8   Data          40  sin_i.o(.constdata)
    .conststring                             0x080072e0   Section      920  usmart.o(.conststring)
    .conststring                             0x08007678   Section      397  usmart_config.o(.conststring)
    .data                                    0x20000000   Section       12  stm32f7xx_hal.o(.data)
    .data                                    0x2000000c   Section        4  system_stm32f7xx.o(.data)
    .data                                    0x20000010   Section        1  main.o(.data)
    .data                                    0x20000014   Section       12  pid.o(.data)
    .data                                    0x20000020   Section        4  serial.o(.data)
    .data                                    0x20000024   Section        4  imu.o(.data)
    rxState                                  0x20000024   Data           1  imu.o(.data)
    cksum                                    0x20000025   Data           1  imu.o(.data)
    dataIndex                                0x20000026   Data           1  imu.o(.data)
    .data                                    0x20000028   Section       20  imu_task.o(.data)
    .data                                    0x20000040   Section       24  wheel.o(.data)
    cnt                                      0x20000050   Data           8  wheel.o(.data)
    .data                                    0x20000058   Section      136  wheel_encode.o(.data)
    ic_edge                                  0x20000058   Data           1  wheel_encode.o(.data)
    direct                                   0x20000059   Data           1  wheel_encode.o(.data)
    flag_first                               0x2000005a   Data           1  wheel_encode.o(.data)
    ic_edge                                  0x2000005b   Data           1  wheel_encode.o(.data)
    direct                                   0x2000005c   Data           1  wheel_encode.o(.data)
    flag_first                               0x2000005d   Data           1  wheel_encode.o(.data)
    ic_edge                                  0x2000005e   Data           1  wheel_encode.o(.data)
    direct                                   0x2000005f   Data           1  wheel_encode.o(.data)
    flag_first                               0x20000060   Data           1  wheel_encode.o(.data)
    ic_edge                                  0x20000061   Data           1  wheel_encode.o(.data)
    direct                                   0x20000062   Data           1  wheel_encode.o(.data)
    flag_first                               0x20000063   Data           1  wheel_encode.o(.data)
    cap_val_1                                0x20000068   Data           4  wheel_encode.o(.data)
    cap_val_2                                0x2000006c   Data           4  wheel_encode.o(.data)
    sum_speed                                0x20000070   Data           4  wheel_encode.o(.data)
    single_speed                             0x20000074   Data           4  wheel_encode.o(.data)
    average_speed                            0x20000078   Data           4  wheel_encode.o(.data)
    last_average_speed                       0x2000007c   Data           4  wheel_encode.o(.data)
    cap_cnt                                  0x20000080   Data           4  wheel_encode.o(.data)
    cap_val_1                                0x20000084   Data           4  wheel_encode.o(.data)
    cap_val_2                                0x20000088   Data           4  wheel_encode.o(.data)
    sum_speed                                0x2000008c   Data           4  wheel_encode.o(.data)
    single_speed                             0x20000090   Data           4  wheel_encode.o(.data)
    average_speed                            0x20000094   Data           4  wheel_encode.o(.data)
    last_average_speed                       0x20000098   Data           4  wheel_encode.o(.data)
    cap_cnt                                  0x2000009c   Data           4  wheel_encode.o(.data)
    cap_val_1                                0x200000a0   Data           4  wheel_encode.o(.data)
    cap_val_2                                0x200000a4   Data           4  wheel_encode.o(.data)
    sum_speed                                0x200000a8   Data           4  wheel_encode.o(.data)
    single_speed                             0x200000ac   Data           4  wheel_encode.o(.data)
    average_speed                            0x200000b0   Data           4  wheel_encode.o(.data)
    last_average_speed                       0x200000b4   Data           4  wheel_encode.o(.data)
    cap_cnt                                  0x200000b8   Data           4  wheel_encode.o(.data)
    cap_val_1                                0x200000bc   Data           4  wheel_encode.o(.data)
    cap_val_2                                0x200000c0   Data           4  wheel_encode.o(.data)
    sum_speed                                0x200000c4   Data           4  wheel_encode.o(.data)
    single_speed                             0x200000c8   Data           4  wheel_encode.o(.data)
    average_speed                            0x200000cc   Data           4  wheel_encode.o(.data)
    last_average_speed                       0x200000d0   Data           4  wheel_encode.o(.data)
    cap_cnt                                  0x200000d4   Data           4  wheel_encode.o(.data)
    cnt_encoder                              0x200000d8   Data           4  wheel_encode.o(.data)
    count                                    0x200000dc   Data           4  wheel_encode.o(.data)
    .data                                    0x200000e0   Section       80  wheel_task.o(.data)
    .data                                    0x20000130   Section       24  time_cnt.o(.data)
    Microsecond_Cnt                          0x20000130   Data           2  time_cnt.o(.data)
    cnt                                      0x20000138   Data           4  time_cnt.o(.data)
    .data                                    0x20000148   Section        8  time_delay.o(.data)
    fac_us                                   0x20000148   Data           1  time_delay.o(.data)
    fac_ms                                   0x2000014c   Data           4  time_delay.o(.data)
    .data                                    0x20000150   Section       28  usmart.o(.data)
    .data                                    0x2000016c   Section       72  usmart_config.o(.data)
    .data                                    0x200001b4   Section      244  usmart_config.o(.data)
    .data                                    0x200002a8   Section        4  stdout.o(.data)
    .data                                    0x200002ac   Section        4  errno.o(.data)
    _errno                                   0x200002ac   Data           4  errno.o(.data)
    .bss                                     0x200002b0   Section      380  tim.o(.bss)
    .bss                                     0x2000042c   Section      272  usart.o(.bss)
    .bss                                     0x2000053c   Section      200  serial.o(.bss)
    .bss                                     0x20000604   Section       39  imu.o(.bss)
    .bss                                     0x2000062c   Section       64  imu_task.o(.bss)
    .bss                                     0x20000670   Section       56  wheel.o(.bss)
    .bss                                     0x200006a8   Section       36  wheel_config.o(.bss)
    .bss                                     0x200006cc   Section       36  wheel_config.o(.bss)
    .bss                                     0x200006f0   Section       36  wheel_config.o(.bss)
    .bss                                     0x20000714   Section       36  wheel_config.o(.bss)
    .bss                                     0x20000738   Section      256  wheel_task.o(.bss)
    .bss                                     0x20000838   Section       76  usmart.o(.bss)
    STACK                                    0x20000888   Section     1024  startup_stm32f750xx.o(STACK)

    Global Symbols

    Symbol Name                              Value     Ov Type        Size  Object(Section)

    BuildAttributes$$THM_ISAv4$E$P$D$K$B$S$7EM$VFPi5$EXTD16$VFPS$VFMA$PE$PLD8$A:L22UL41UL21$X:L11$S22US41US21$IEEE1$IW$USESV6$~STKCKD$USESV7$~SHL$OTIME$ROPI$IEEEX$EBA8$MICROLIB$REQ8$PRES8$EABIv2 0x00000000   Number         0  anon$$obj.o ABSOLUTE
    __ARM_use_no_argv                        0x00000000   Number         0  main.o ABSOLUTE
    _printf_a                                0x00000000   Number         0  stubs.o ABSOLUTE
    _printf_c                                0x00000000   Number         0  stubs.o ABSOLUTE
    _printf_charcount                        0x00000000   Number         0  stubs.o ABSOLUTE
    _printf_d                                0x00000000   Number         0  stubs.o ABSOLUTE
    _printf_e                                0x00000000   Number         0  stubs.o ABSOLUTE
    _printf_f                                0x00000000   Number         0  stubs.o ABSOLUTE
    _printf_flags                            0x00000000   Number         0  stubs.o ABSOLUTE
    _printf_fp_dec                           0x00000000   Number         0  stubs.o ABSOLUTE
    _printf_fp_hex                           0x00000000   Number         0  stubs.o ABSOLUTE
    _printf_g                                0x00000000   Number         0  stubs.o ABSOLUTE
    _printf_i                                0x00000000   Number         0  stubs.o ABSOLUTE
    _printf_int_dec                          0x00000000   Number         0  stubs.o ABSOLUTE
    _printf_l                                0x00000000   Number         0  stubs.o ABSOLUTE
    _printf_lc                               0x00000000   Number         0  stubs.o ABSOLUTE
    _printf_ll                               0x00000000   Number         0  stubs.o ABSOLUTE
    _printf_lld                              0x00000000   Number         0  stubs.o ABSOLUTE
    _printf_lli                              0x00000000   Number         0  stubs.o ABSOLUTE
    _printf_llo                              0x00000000   Number         0  stubs.o ABSOLUTE
    _printf_llu                              0x00000000   Number         0  stubs.o ABSOLUTE
    _printf_llx                              0x00000000   Number         0  stubs.o ABSOLUTE
    _printf_longlong_dec                     0x00000000   Number         0  stubs.o ABSOLUTE
    _printf_longlong_hex                     0x00000000   Number         0  stubs.o ABSOLUTE
    _printf_longlong_oct                     0x00000000   Number         0  stubs.o ABSOLUTE
    _printf_ls                               0x00000000   Number         0  stubs.o ABSOLUTE
    _printf_mbtowc                           0x00000000   Number         0  stubs.o ABSOLUTE
    _printf_n                                0x00000000   Number         0  stubs.o ABSOLUTE
    _printf_o                                0x00000000   Number         0  stubs.o ABSOLUTE
    _printf_p                                0x00000000   Number         0  stubs.o ABSOLUTE
    _printf_percent                          0x00000000   Number         0  stubs.o ABSOLUTE
    _printf_pre_padding                      0x00000000   Number         0  stubs.o ABSOLUTE
    _printf_return_value                     0x00000000   Number         0  stubs.o ABSOLUTE
    _printf_s                                0x00000000   Number         0  stubs.o ABSOLUTE
    _printf_sizespec                         0x00000000   Number         0  stubs.o ABSOLUTE
    _printf_str                              0x00000000   Number         0  stubs.o ABSOLUTE
    _printf_truncate_signed                  0x00000000   Number         0  stubs.o ABSOLUTE
    _printf_truncate_unsigned                0x00000000   Number         0  stubs.o ABSOLUTE
    _printf_u                                0x00000000   Number         0  stubs.o ABSOLUTE
    _printf_wc                               0x00000000   Number         0  stubs.o ABSOLUTE
    _printf_wctomb                           0x00000000   Number         0  stubs.o ABSOLUTE
    _printf_widthprec                        0x00000000   Number         0  stubs.o ABSOLUTE
    _printf_x                                0x00000000   Number         0  stubs.o ABSOLUTE
    __cpp_initialize__aeabi_                  - Undefined Weak Reference
    __cxa_finalize                            - Undefined Weak Reference
    _clock_init                               - Undefined Weak Reference
    _microlib_exit                            - Undefined Weak Reference
    __Vectors_Size                           0x000001c8   Number         0  startup_stm32f750xx.o ABSOLUTE
    __Vectors                                0x08000000   Data           4  startup_stm32f750xx.o(RESET)
    __Vectors_End                            0x080001c8   Data           0  startup_stm32f750xx.o(RESET)
    __main                                   0x080001c9   Thumb Code     0  entry.o(.ARM.Collect$$$$00000000)
    _main_stk                                0x080001c9   Thumb Code     0  entry2.o(.ARM.Collect$$$$00000001)
    _main_scatterload                        0x080001cd   Thumb Code     0  entry5.o(.ARM.Collect$$$$00000004)
    __main_after_scatterload                 0x080001d1   Thumb Code     0  entry5.o(.ARM.Collect$$$$00000004)
    _main_clock                              0x080001d1   Thumb Code     0  entry7b.o(.ARM.Collect$$$$00000008)
    _main_cpp_init                           0x080001d1   Thumb Code     0  entry8b.o(.ARM.Collect$$$$0000000A)
    _main_init                               0x080001d1   Thumb Code     0  entry9a.o(.ARM.Collect$$$$0000000B)
    __rt_final_cpp                           0x080001d9   Thumb Code     0  entry10a.o(.ARM.Collect$$$$0000000D)
    __rt_final_exit                          0x080001d9   Thumb Code     0  entry11a.o(.ARM.Collect$$$$0000000F)
    Reset_Handler                            0x080001dd   Thumb Code     8  startup_stm32f750xx.o(.text)
    ADC_IRQHandler                           0x080001f7   Thumb Code     0  startup_stm32f750xx.o(.text)
    CAN1_RX0_IRQHandler                      0x080001f7   Thumb Code     0  startup_stm32f750xx.o(.text)
    CAN1_RX1_IRQHandler                      0x080001f7   Thumb Code     0  startup_stm32f750xx.o(.text)
    CAN1_SCE_IRQHandler                      0x080001f7   Thumb Code     0  startup_stm32f750xx.o(.text)
    CAN1_TX_IRQHandler                       0x080001f7   Thumb Code     0  startup_stm32f750xx.o(.text)
    CAN2_RX0_IRQHandler                      0x080001f7   Thumb Code     0  startup_stm32f750xx.o(.text)
    CAN2_RX1_IRQHandler                      0x080001f7   Thumb Code     0  startup_stm32f750xx.o(.text)
    CAN2_SCE_IRQHandler                      0x080001f7   Thumb Code     0  startup_stm32f750xx.o(.text)
    CAN2_TX_IRQHandler                       0x080001f7   Thumb Code     0  startup_stm32f750xx.o(.text)
    CEC_IRQHandler                           0x080001f7   Thumb Code     0  startup_stm32f750xx.o(.text)
    CRYP_IRQHandler                          0x080001f7   Thumb Code     0  startup_stm32f750xx.o(.text)
    DCMI_IRQHandler                          0x080001f7   Thumb Code     0  startup_stm32f750xx.o(.text)
    DMA1_Stream0_IRQHandler                  0x080001f7   Thumb Code     0  startup_stm32f750xx.o(.text)
    DMA1_Stream1_IRQHandler                  0x080001f7   Thumb Code     0  startup_stm32f750xx.o(.text)
    DMA1_Stream2_IRQHandler                  0x080001f7   Thumb Code     0  startup_stm32f750xx.o(.text)
    DMA1_Stream3_IRQHandler                  0x080001f7   Thumb Code     0  startup_stm32f750xx.o(.text)
    DMA1_Stream4_IRQHandler                  0x080001f7   Thumb Code     0  startup_stm32f750xx.o(.text)
    DMA1_Stream5_IRQHandler                  0x080001f7   Thumb Code     0  startup_stm32f750xx.o(.text)
    DMA1_Stream6_IRQHandler                  0x080001f7   Thumb Code     0  startup_stm32f750xx.o(.text)
    DMA1_Stream7_IRQHandler                  0x080001f7   Thumb Code     0  startup_stm32f750xx.o(.text)
    DMA2D_IRQHandler                         0x080001f7   Thumb Code     0  startup_stm32f750xx.o(.text)
    DMA2_Stream0_IRQHandler                  0x080001f7   Thumb Code     0  startup_stm32f750xx.o(.text)
    DMA2_Stream1_IRQHandler                  0x080001f7   Thumb Code     0  startup_stm32f750xx.o(.text)
    DMA2_Stream2_IRQHandler                  0x080001f7   Thumb Code     0  startup_stm32f750xx.o(.text)
    DMA2_Stream3_IRQHandler                  0x080001f7   Thumb Code     0  startup_stm32f750xx.o(.text)
    DMA2_Stream4_IRQHandler                  0x080001f7   Thumb Code     0  startup_stm32f750xx.o(.text)
    DMA2_Stream5_IRQHandler                  0x080001f7   Thumb Code     0  startup_stm32f750xx.o(.text)
    DMA2_Stream6_IRQHandler                  0x080001f7   Thumb Code     0  startup_stm32f750xx.o(.text)
    DMA2_Stream7_IRQHandler                  0x080001f7   Thumb Code     0  startup_stm32f750xx.o(.text)
    ETH_IRQHandler                           0x080001f7   Thumb Code     0  startup_stm32f750xx.o(.text)
    ETH_WKUP_IRQHandler                      0x080001f7   Thumb Code     0  startup_stm32f750xx.o(.text)
    EXTI0_IRQHandler                         0x080001f7   Thumb Code     0  startup_stm32f750xx.o(.text)
    EXTI15_10_IRQHandler                     0x080001f7   Thumb Code     0  startup_stm32f750xx.o(.text)
    EXTI1_IRQHandler                         0x080001f7   Thumb Code     0  startup_stm32f750xx.o(.text)
    EXTI2_IRQHandler                         0x080001f7   Thumb Code     0  startup_stm32f750xx.o(.text)
    EXTI3_IRQHandler                         0x080001f7   Thumb Code     0  startup_stm32f750xx.o(.text)
    EXTI4_IRQHandler                         0x080001f7   Thumb Code     0  startup_stm32f750xx.o(.text)
    EXTI9_5_IRQHandler                       0x080001f7   Thumb Code     0  startup_stm32f750xx.o(.text)
    FLASH_IRQHandler                         0x080001f7   Thumb Code     0  startup_stm32f750xx.o(.text)
    FMC_IRQHandler                           0x080001f7   Thumb Code     0  startup_stm32f750xx.o(.text)
    FPU_IRQHandler                           0x080001f7   Thumb Code     0  startup_stm32f750xx.o(.text)
    HASH_RNG_IRQHandler                      0x080001f7   Thumb Code     0  startup_stm32f750xx.o(.text)
    I2C1_ER_IRQHandler                       0x080001f7   Thumb Code     0  startup_stm32f750xx.o(.text)
    I2C1_EV_IRQHandler                       0x080001f7   Thumb Code     0  startup_stm32f750xx.o(.text)
    I2C2_ER_IRQHandler                       0x080001f7   Thumb Code     0  startup_stm32f750xx.o(.text)
    I2C2_EV_IRQHandler                       0x080001f7   Thumb Code     0  startup_stm32f750xx.o(.text)
    I2C3_ER_IRQHandler                       0x080001f7   Thumb Code     0  startup_stm32f750xx.o(.text)
    I2C3_EV_IRQHandler                       0x080001f7   Thumb Code     0  startup_stm32f750xx.o(.text)
    I2C4_ER_IRQHandler                       0x080001f7   Thumb Code     0  startup_stm32f750xx.o(.text)
    I2C4_EV_IRQHandler                       0x080001f7   Thumb Code     0  startup_stm32f750xx.o(.text)
    LPTIM1_IRQHandler                        0x080001f7   Thumb Code     0  startup_stm32f750xx.o(.text)
    LTDC_ER_IRQHandler                       0x080001f7   Thumb Code     0  startup_stm32f750xx.o(.text)
    LTDC_IRQHandler                          0x080001f7   Thumb Code     0  startup_stm32f750xx.o(.text)
    OTG_FS_IRQHandler                        0x080001f7   Thumb Code     0  startup_stm32f750xx.o(.text)
    OTG_FS_WKUP_IRQHandler                   0x080001f7   Thumb Code     0  startup_stm32f750xx.o(.text)
    OTG_HS_EP1_IN_IRQHandler                 0x080001f7   Thumb Code     0  startup_stm32f750xx.o(.text)
    OTG_HS_EP1_OUT_IRQHandler                0x080001f7   Thumb Code     0  startup_stm32f750xx.o(.text)
    OTG_HS_IRQHandler                        0x080001f7   Thumb Code     0  startup_stm32f750xx.o(.text)
    OTG_HS_WKUP_IRQHandler                   0x080001f7   Thumb Code     0  startup_stm32f750xx.o(.text)
    PVD_IRQHandler                           0x080001f7   Thumb Code     0  startup_stm32f750xx.o(.text)
    QUADSPI_IRQHandler                       0x080001f7   Thumb Code     0  startup_stm32f750xx.o(.text)
    RCC_IRQHandler                           0x080001f7   Thumb Code     0  startup_stm32f750xx.o(.text)
    RTC_Alarm_IRQHandler                     0x080001f7   Thumb Code     0  startup_stm32f750xx.o(.text)
    RTC_WKUP_IRQHandler                      0x080001f7   Thumb Code     0  startup_stm32f750xx.o(.text)
    SAI1_IRQHandler                          0x080001f7   Thumb Code     0  startup_stm32f750xx.o(.text)
    SAI2_IRQHandler                          0x080001f7   Thumb Code     0  startup_stm32f750xx.o(.text)
    SDMMC1_IRQHandler                        0x080001f7   Thumb Code     0  startup_stm32f750xx.o(.text)
    SPDIF_RX_IRQHandler                      0x080001f7   Thumb Code     0  startup_stm32f750xx.o(.text)
    SPI1_IRQHandler                          0x080001f7   Thumb Code     0  startup_stm32f750xx.o(.text)
    SPI2_IRQHandler                          0x080001f7   Thumb Code     0  startup_stm32f750xx.o(.text)
    SPI3_IRQHandler                          0x080001f7   Thumb Code     0  startup_stm32f750xx.o(.text)
    SPI4_IRQHandler                          0x080001f7   Thumb Code     0  startup_stm32f750xx.o(.text)
    SPI5_IRQHandler                          0x080001f7   Thumb Code     0  startup_stm32f750xx.o(.text)
    SPI6_IRQHandler                          0x080001f7   Thumb Code     0  startup_stm32f750xx.o(.text)
    TAMP_STAMP_IRQHandler                    0x080001f7   Thumb Code     0  startup_stm32f750xx.o(.text)
    TIM1_BRK_TIM9_IRQHandler                 0x080001f7   Thumb Code     0  startup_stm32f750xx.o(.text)
    TIM1_CC_IRQHandler                       0x080001f7   Thumb Code     0  startup_stm32f750xx.o(.text)
    TIM1_TRG_COM_TIM11_IRQHandler            0x080001f7   Thumb Code     0  startup_stm32f750xx.o(.text)
    TIM1_UP_TIM10_IRQHandler                 0x080001f7   Thumb Code     0  startup_stm32f750xx.o(.text)
    TIM2_IRQHandler                          0x080001f7   Thumb Code     0  startup_stm32f750xx.o(.text)
    TIM7_IRQHandler                          0x080001f7   Thumb Code     0  startup_stm32f750xx.o(.text)
    TIM8_BRK_TIM12_IRQHandler                0x080001f7   Thumb Code     0  startup_stm32f750xx.o(.text)
    TIM8_CC_IRQHandler                       0x080001f7   Thumb Code     0  startup_stm32f750xx.o(.text)
    TIM8_TRG_COM_TIM14_IRQHandler            0x080001f7   Thumb Code     0  startup_stm32f750xx.o(.text)
    TIM8_UP_TIM13_IRQHandler                 0x080001f7   Thumb Code     0  startup_stm32f750xx.o(.text)
    UART4_IRQHandler                         0x080001f7   Thumb Code     0  startup_stm32f750xx.o(.text)
    UART7_IRQHandler                         0x080001f7   Thumb Code     0  startup_stm32f750xx.o(.text)
    UART8_IRQHandler                         0x080001f7   Thumb Code     0  startup_stm32f750xx.o(.text)
    USART2_IRQHandler                        0x080001f7   Thumb Code     0  startup_stm32f750xx.o(.text)
    USART3_IRQHandler                        0x080001f7   Thumb Code     0  startup_stm32f750xx.o(.text)
    USART6_IRQHandler                        0x080001f7   Thumb Code     0  startup_stm32f750xx.o(.text)
    WWDG_IRQHandler                          0x080001f7   Thumb Code     0  startup_stm32f750xx.o(.text)
    __aeabi_uldivmod                         0x08000201   Thumb Code    98  uldiv.o(.text)
    __aeabi_memset                           0x08000263   Thumb Code    14  memseta.o(.text)
    __aeabi_memset4                          0x08000263   Thumb Code     0  memseta.o(.text)
    __aeabi_memset8                          0x08000263   Thumb Code     0  memseta.o(.text)
    __aeabi_memclr                           0x08000271   Thumb Code     4  memseta.o(.text)
    __aeabi_memclr4                          0x08000271   Thumb Code     0  memseta.o(.text)
    __aeabi_memclr8                          0x08000271   Thumb Code     0  memseta.o(.text)
    _memset$wrapper                          0x08000275   Thumb Code    18  memseta.o(.text)
    __aeabi_dadd                             0x08000287   Thumb Code   322  dadd.o(.text)
    __aeabi_dsub                             0x080003c9   Thumb Code     6  dadd.o(.text)
    __aeabi_drsub                            0x080003cf   Thumb Code     6  dadd.o(.text)
    __aeabi_dmul                             0x080003d5   Thumb Code   228  dmul.o(.text)
    __aeabi_i2d                              0x080004b9   Thumb Code    34  dflti.o(.text)
    __aeabi_ui2d                             0x080004db   Thumb Code    26  dfltui.o(.text)
    __aeabi_d2iz                             0x080004f5   Thumb Code    62  dfixi.o(.text)
    __aeabi_f2d                              0x08000533   Thumb Code    38  f2d.o(.text)
    __aeabi_cdcmpeq                          0x08000559   Thumb Code     0  cdcmple.o(.text)
    __aeabi_cdcmple                          0x08000559   Thumb Code    48  cdcmple.o(.text)
    __aeabi_cdrcmple                         0x08000589   Thumb Code    48  cdrcmple.o(.text)
    __aeabi_d2f                              0x080005b9   Thumb Code    56  d2f.o(.text)
    __aeabi_uidiv                            0x080005f1   Thumb Code     0  uidiv.o(.text)
    __aeabi_uidivmod                         0x080005f1   Thumb Code    44  uidiv.o(.text)
    __aeabi_llsl                             0x0800061d   Thumb Code    30  llshl.o(.text)
    _ll_shift_l                              0x0800061d   Thumb Code     0  llshl.o(.text)
    __aeabi_llsr                             0x0800063b   Thumb Code    32  llushr.o(.text)
    _ll_ushift_r                             0x0800063b   Thumb Code     0  llushr.o(.text)
    __aeabi_lasr                             0x0800065b   Thumb Code    36  llsshr.o(.text)
    _ll_sshift_r                             0x0800065b   Thumb Code     0  llsshr.o(.text)
    __I$use$fp                               0x0800067f   Thumb Code     0  iusefp.o(.text)
    _float_round                             0x0800067f   Thumb Code    18  fepilogue.o(.text)
    _float_epilogue                          0x08000691   Thumb Code    92  fepilogue.o(.text)
    _double_round                            0x080006ed   Thumb Code    30  depilogue.o(.text)
    _double_epilogue                         0x0800070b   Thumb Code   156  depilogue.o(.text)
    __aeabi_ddiv                             0x080007a7   Thumb Code   222  ddiv.o(.text)
    __aeabi_d2ulz                            0x08000885   Thumb Code    48  dfixul.o(.text)
    __scatterload                            0x080008b5   Thumb Code    28  init.o(.text)
    __scatterload_rt2                        0x080008b5   Thumb Code     0  init.o(.text)
    __decompress                             0x080008d9   Thumb Code     0  __dczerorl2.o(.text)
    __decompress1                            0x080008d9   Thumb Code    86  __dczerorl2.o(.text)
    BusFault_Handler                         0x0800092f   Thumb Code     2  stm32f7xx_it.o(i.BusFault_Handler)
    DebugMon_Handler                         0x08000931   Thumb Code     2  stm32f7xx_it.o(i.DebugMon_Handler)
    Error_Handler                            0x08000933   Thumb Code     4  main.o(i.Error_Handler)
    Get_Time_Period                          0x08000939   Thumb Code    62  time_cnt.o(i.Get_Time_Period)
    Get_imu901                               0x08000981   Thumb Code    48  imu.o(i.Get_imu901)
    HAL_DMA_Abort                            0x080009bd   Thumb Code   146  stm32f7xx_hal_dma.o(i.HAL_DMA_Abort)
    HAL_DMA_Abort_IT                         0x08000a4f   Thumb Code    36  stm32f7xx_hal_dma.o(i.HAL_DMA_Abort_IT)
    HAL_Delay                                0x08000a75   Thumb Code    32  stm32f7xx_hal.o(i.HAL_Delay)
    HAL_GPIO_Init                            0x08000a99   Thumb Code   530  stm32f7xx_hal_gpio.o(i.HAL_GPIO_Init)
    HAL_GPIO_ReadPin                         0x08000ce1   Thumb Code    10  stm32f7xx_hal_gpio.o(i.HAL_GPIO_ReadPin)
    HAL_GetTick                              0x08000ced   Thumb Code     6  stm32f7xx_hal.o(i.HAL_GetTick)
    HAL_IncTick                              0x08000cf9   Thumb Code    12  stm32f7xx_hal.o(i.HAL_IncTick)
    HAL_Init                                 0x08000d09   Thumb Code    22  stm32f7xx_hal.o(i.HAL_Init)
    HAL_InitTick                             0x08000d21   Thumb Code    54  stm32f7xx_hal.o(i.HAL_InitTick)
    HAL_MspInit                              0x08000d61   Thumb Code    42  stm32f7xx_hal_msp.o(i.HAL_MspInit)
    HAL_NVIC_EnableIRQ                       0x08000d91   Thumb Code    26  stm32f7xx_hal_cortex.o(i.HAL_NVIC_EnableIRQ)
    HAL_NVIC_SetPriority                     0x08000dad   Thumb Code    60  stm32f7xx_hal_cortex.o(i.HAL_NVIC_SetPriority)
    HAL_NVIC_SetPriorityGrouping             0x08000ded   Thumb Code    28  stm32f7xx_hal_cortex.o(i.HAL_NVIC_SetPriorityGrouping)
    HAL_PWREx_EnableOverDrive                0x08000e11   Thumb Code   100  stm32f7xx_hal_pwr_ex.o(i.HAL_PWREx_EnableOverDrive)
    HAL_RCCEx_PeriphCLKConfig                0x08000e7d   Thumb Code  1276  stm32f7xx_hal_rcc_ex.o(i.HAL_RCCEx_PeriphCLKConfig)
    HAL_RCC_ClockConfig                      0x08001379   Thumb Code   284  stm32f7xx_hal_rcc.o(i.HAL_RCC_ClockConfig)
    HAL_RCC_GetPCLK1Freq                     0x080014a9   Thumb Code    20  stm32f7xx_hal_rcc.o(i.HAL_RCC_GetPCLK1Freq)
    HAL_RCC_GetPCLK2Freq                     0x080014c9   Thumb Code    20  stm32f7xx_hal_rcc.o(i.HAL_RCC_GetPCLK2Freq)
    HAL_RCC_GetSysClockFreq                  0x080014e9   Thumb Code    88  stm32f7xx_hal_rcc.o(i.HAL_RCC_GetSysClockFreq)
    HAL_RCC_OscConfig                        0x0800154d   Thumb Code   888  stm32f7xx_hal_rcc.o(i.HAL_RCC_OscConfig)
    HAL_SYSTICK_Config                       0x080018d1   Thumb Code    38  stm32f7xx_hal_cortex.o(i.HAL_SYSTICK_Config)
    HAL_TIMEx_Break2Callback                 0x080018f7   Thumb Code     2  stm32f7xx_hal_tim_ex.o(i.HAL_TIMEx_Break2Callback)
    HAL_TIMEx_BreakCallback                  0x080018f9   Thumb Code     2  stm32f7xx_hal_tim_ex.o(i.HAL_TIMEx_BreakCallback)
    HAL_TIMEx_CommutCallback                 0x080018fb   Thumb Code     2  stm32f7xx_hal_tim_ex.o(i.HAL_TIMEx_CommutCallback)
    HAL_TIMEx_ConfigBreakDeadTime            0x080018fd   Thumb Code   150  stm32f7xx_hal_tim_ex.o(i.HAL_TIMEx_ConfigBreakDeadTime)
    HAL_TIMEx_MasterConfigSynchronization    0x0800199d   Thumb Code   134  stm32f7xx_hal_tim_ex.o(i.HAL_TIMEx_MasterConfigSynchronization)
    HAL_TIM_Base_Init                        0x08001a41   Thumb Code    98  stm32f7xx_hal_tim.o(i.HAL_TIM_Base_Init)
    HAL_TIM_Base_MspInit                     0x08001aa5   Thumb Code    50  tim.o(i.HAL_TIM_Base_MspInit)
    HAL_TIM_Base_Start_IT                    0x08001ae1   Thumb Code   106  stm32f7xx_hal_tim.o(i.HAL_TIM_Base_Start_IT)
    HAL_TIM_IC_CaptureCallback               0x08001b6d   Thumb Code   254  wheel_encode.o(i.HAL_TIM_IC_CaptureCallback)
    HAL_TIM_IC_ConfigChannel                 0x08001c91   Thumb Code   290  stm32f7xx_hal_tim.o(i.HAL_TIM_IC_ConfigChannel)
    HAL_TIM_IC_Init                          0x08001db3   Thumb Code    98  stm32f7xx_hal_tim.o(i.HAL_TIM_IC_Init)
    HAL_TIM_IC_MspInit                       0x08001e15   Thumb Code   204  tim.o(i.HAL_TIM_IC_MspInit)
    HAL_TIM_IC_Start_IT                      0x08001ef5   Thumb Code   292  stm32f7xx_hal_tim.o(i.HAL_TIM_IC_Start_IT)
    HAL_TIM_IRQHandler                       0x08002039   Thumb Code   386  stm32f7xx_hal_tim.o(i.HAL_TIM_IRQHandler)
    HAL_TIM_MspPostInit                      0x080021bd   Thumb Code   146  tim.o(i.HAL_TIM_MspPostInit)
    HAL_TIM_OC_DelayElapsedCallback          0x08002265   Thumb Code     2  stm32f7xx_hal_tim.o(i.HAL_TIM_OC_DelayElapsedCallback)
    HAL_TIM_PWM_ConfigChannel                0x08002267   Thumb Code   292  stm32f7xx_hal_tim.o(i.HAL_TIM_PWM_ConfigChannel)
    HAL_TIM_PWM_Init                         0x0800238b   Thumb Code    98  stm32f7xx_hal_tim.o(i.HAL_TIM_PWM_Init)
    HAL_TIM_PWM_MspInit                      0x080023ed   Thumb Code    42  tim.o(i.HAL_TIM_PWM_MspInit)
    HAL_TIM_PWM_PulseFinishedCallback        0x08002421   Thumb Code     2  stm32f7xx_hal_tim.o(i.HAL_TIM_PWM_PulseFinishedCallback)
    HAL_TIM_PWM_Start                        0x08002425   Thumb Code   216  stm32f7xx_hal_tim.o(i.HAL_TIM_PWM_Start)
    HAL_TIM_PeriodElapsedCallback            0x0800251d   Thumb Code    34  wheel_encode.o(i.HAL_TIM_PeriodElapsedCallback)
    HAL_TIM_ReadCapturedValue                0x08002549   Thumb Code    44  stm32f7xx_hal_tim.o(i.HAL_TIM_ReadCapturedValue)
    HAL_TIM_TriggerCallback                  0x08002575   Thumb Code     2  stm32f7xx_hal_tim.o(i.HAL_TIM_TriggerCallback)
    HAL_UARTEx_RxEventCallback               0x08002577   Thumb Code     2  stm32f7xx_hal_uart.o(i.HAL_UARTEx_RxEventCallback)
    HAL_UART_ErrorCallback                   0x08002579   Thumb Code     2  stm32f7xx_hal_uart.o(i.HAL_UART_ErrorCallback)
    HAL_UART_GetState                        0x0800257b   Thumb Code    12  stm32f7xx_hal_uart.o(i.HAL_UART_GetState)
    HAL_UART_IRQHandler                      0x08002589   Thumb Code   654  stm32f7xx_hal_uart.o(i.HAL_UART_IRQHandler)
    HAL_UART_Init                            0x08002821   Thumb Code   102  stm32f7xx_hal_uart.o(i.HAL_UART_Init)
    HAL_UART_MspInit                         0x08002889   Thumb Code   268  usart.o(i.HAL_UART_MspInit)
    HAL_UART_Receive_IT                      0x080029ad   Thumb Code    60  stm32f7xx_hal_uart.o(i.HAL_UART_Receive_IT)
    HAL_UART_RxCpltCallback                  0x080029e9   Thumb Code    90  serial.o(i.HAL_UART_RxCpltCallback)
    HAL_UART_Transmit                        0x08002a59   Thumb Code   162  stm32f7xx_hal_uart.o(i.HAL_UART_Transmit)
    HAL_UART_TxCpltCallback                  0x08002afb   Thumb Code     2  stm32f7xx_hal_uart.o(i.HAL_UART_TxCpltCallback)
    HardFault_Handler                        0x08002afd   Thumb Code     2  stm32f7xx_it.o(i.HardFault_Handler)
    MX_GPIO_Init                             0x08002b01   Thumb Code   148  gpio.o(i.MX_GPIO_Init)
    MX_TIM1_Init                             0x08002ba1   Thumb Code   212  tim.o(i.MX_TIM1_Init)
    MX_TIM2_Init                             0x08002c7d   Thumb Code   156  tim.o(i.MX_TIM2_Init)
    MX_TIM3_Init                             0x08002d1d   Thumb Code   116  tim.o(i.MX_TIM3_Init)
    MX_TIM5_Init                             0x08002d99   Thumb Code   116  tim.o(i.MX_TIM5_Init)
    MX_TIM6_Init                             0x08002e15   Thumb Code    64  tim.o(i.MX_TIM6_Init)
    MX_UART5_Init                            0x08002e5d   Thumb Code    52  usart.o(i.MX_UART5_Init)
    MX_USART1_UART_Init                      0x08002e99   Thumb Code    52  usart.o(i.MX_USART1_UART_Init)
    MemManage_Handler                        0x08002ed5   Thumb Code     2  stm32f7xx_it.o(i.MemManage_Handler)
    NMI_Handler                              0x08002ed7   Thumb Code     2  stm32f7xx_it.o(i.NMI_Handler)
    PendSV_Handler                           0x08002ed9   Thumb Code     2  stm32f7xx_it.o(i.PendSV_Handler)
    SVC_Handler                              0x08002edb   Thumb Code     2  stm32f7xx_it.o(i.SVC_Handler)
    SysTick_Handler                          0x08002edd   Thumb Code     4  stm32f7xx_it.o(i.SysTick_Handler)
    SystemClock_Config                       0x08002ee1   Thumb Code   150  main.o(i.SystemClock_Config)
    SystemInit                               0x08002f81   Thumb Code    12  system_stm32f7xx.o(i.SystemInit)
    TIM3CaptureChannel1Callback              0x08002f91   Thumb Code   420  wheel_encode.o(i.TIM3CaptureChannel1Callback)
    TIM3CaptureChannel3Callback              0x08003145   Thumb Code   420  wheel_encode.o(i.TIM3CaptureChannel3Callback)
    TIM3_IRQHandler                          0x080032f9   Thumb Code     6  stm32f7xx_it.o(i.TIM3_IRQHandler)
    TIM3_IcOverflowCntCallback               0x08003305   Thumb Code    44  wheel_encode.o(i.TIM3_IcOverflowCntCallback)
    TIM4_IRQHandler                          0x08003339   Thumb Code    44  usmart.o(i.TIM4_IRQHandler)
    TIM5CaptureChannel1Callback              0x0800336d   Thumb Code   420  wheel_encode.o(i.TIM5CaptureChannel1Callback)
    TIM5CaptureChannel3Callback              0x08003521   Thumb Code   420  wheel_encode.o(i.TIM5CaptureChannel3Callback)
    TIM5_IRQHandler                          0x080036d5   Thumb Code     6  stm32f7xx_it.o(i.TIM5_IRQHandler)
    TIM5_IcOverflowCntCallback               0x080036e1   Thumb Code    44  wheel_encode.o(i.TIM5_IcOverflowCntCallback)
    TIM6_DAC_IRQHandler                      0x08003715   Thumb Code    16  stm32f7xx_it.o(i.TIM6_DAC_IRQHandler)
    TIM_Base_SetConfig                       0x08003729   Thumb Code   158  stm32f7xx_hal_tim.o(i.TIM_Base_SetConfig)
    TIM_CCxChannelCmd                        0x080037f5   Thumb Code    26  stm32f7xx_hal_tim.o(i.TIM_CCxChannelCmd)
    TIM_IRQ                                  0x08003811   Thumb Code   110  time_cnt.o(i.TIM_IRQ)
    TIM_OC2_SetConfig                        0x080038fd   Thumb Code   108  stm32f7xx_hal_tim.o(i.TIM_OC2_SetConfig)
    TIM_TI1_SetConfig                        0x08003af5   Thumb Code   100  stm32f7xx_hal_tim.o(i.TIM_TI1_SetConfig)
    Timer4_Init                              0x08003bad   Thumb Code    72  usmart.o(i.Timer4_Init)
    UART5_IRQHandler                         0x08003c01   Thumb Code     6  stm32f7xx_it.o(i.UART5_IRQHandler)
    UART_AdvFeatureConfig                    0x08003c0d   Thumb Code   200  stm32f7xx_hal_uart.o(i.UART_AdvFeatureConfig)
    UART_CheckIdleState                      0x08003cd5   Thumb Code    68  stm32f7xx_hal_uart.o(i.UART_CheckIdleState)
    UART_SetConfig                           0x08003ec1   Thumb Code   516  stm32f7xx_hal_uart.o(i.UART_SetConfig)
    UART_Start_Receive_IT                    0x080040f1   Thumb Code   174  stm32f7xx_hal_uart.o(i.UART_Start_Receive_IT)
    UART_WaitOnFlagUntilTimeout              0x080041a9   Thumb Code   202  stm32f7xx_hal_uart.o(i.UART_WaitOnFlagUntilTimeout)
    USART1_IRQHandler                        0x08004275   Thumb Code    16  stm32f7xx_it.o(i.USART1_IRQHandler)
    USART1_myIRQHandler                      0x08004289   Thumb Code    50  serial.o(i.USART1_myIRQHandler)
    UsageFault_Handler                       0x080042c9   Thumb Code     2  stm32f7xx_it.o(i.UsageFault_Handler)
    __0printf                                0x080042cd   Thumb Code    22  printfa.o(i.__0printf)
    __1printf                                0x080042cd   Thumb Code     0  printfa.o(i.__0printf)
    __2printf                                0x080042cd   Thumb Code     0  printfa.o(i.__0printf)
    __c89printf                              0x080042cd   Thumb Code     0  printfa.o(i.__0printf)
    printf                                   0x080042cd   Thumb Code     0  printfa.o(i.__0printf)
    __ARM_fpclassify                         0x080042ed   Thumb Code    48  fpclassify.o(i.__ARM_fpclassify)
    __hardfp_cos                             0x08004341   Thumb Code   180  cos.o(i.__hardfp_cos)
    __hardfp_sin                             0x08004409   Thumb Code   180  sin.o(i.__hardfp_sin)
    __ieee754_rem_pio2                       0x080044d1   Thumb Code   938  rred.o(i.__ieee754_rem_pio2)
    __kernel_cos                             0x08004909   Thumb Code   322  cos_i.o(i.__kernel_cos)
    __kernel_poly                            0x08004a79   Thumb Code   248  poly.o(i.__kernel_poly)
    __kernel_sin                             0x08004b71   Thumb Code   280  sin_i.o(i.__kernel_sin)
    __mathlib_dbl_infnan                     0x08004ca1   Thumb Code    20  dunder.o(i.__mathlib_dbl_infnan)
    __mathlib_dbl_invalid                    0x08004cb9   Thumb Code    24  dunder.o(i.__mathlib_dbl_invalid)
    __mathlib_dbl_underflow                  0x08004cd9   Thumb Code    24  dunder.o(i.__mathlib_dbl_underflow)
    __scatterload_copy                       0x08004cf9   Thumb Code    14  handlers.o(i.__scatterload_copy)
    __scatterload_null                       0x08004d07   Thumb Code     2  handlers.o(i.__scatterload_null)
    __scatterload_zeroinit                   0x08004d09   Thumb Code    14  handlers.o(i.__scatterload_zeroinit)
    __set_errno                              0x08004d19   Thumb Code     6  errno.o(i.__set_errno)
    chassis_synthetic_control                0x080055d9   Thumb Code   748  wheel.o(i.chassis_synthetic_control)
    delay_init                               0x0800591d   Thumb Code    26  time_delay.o(i.delay_init)
    delay_ms                                 0x08005945   Thumb Code    48  time_delay.o(i.delay_ms)
    fabs                                     0x08005979   Thumb Code    24  fabs.o(i.fabs)
    fputc                                    0x08005991   Thumb Code    20  serial.o(i.fputc)
    imu_calibration                          0x080059a9   Thumb Code    94  imu_task.o(i.imu_calibration)
    imu_pid                                  0x08005a19   Thumb Code   146  imu_task.o(i.imu_pid)
    imu_pid_data_init                        0x08005ac9   Thumb Code    52  imu_task.o(i.imu_pid_data_init)
    main                                     0x08005b01   Thumb Code   172  main.o(i.main)
    motor1_Enable                            0x08005be9   Thumb Code    62  wheel_config.o(i.motor1_Enable)
    motor2_Enable                            0x08005c35   Thumb Code    62  wheel_config.o(i.motor2_Enable)
    motor3_Enable                            0x08005c81   Thumb Code    64  wheel_config.o(i.motor3_Enable)
    motor4_Enable                            0x08005ccd   Thumb Code    60  wheel_config.o(i.motor4_Enable)
    motor_pid_data_init                      0x08005d15   Thumb Code    52  wheel_task.o(i.motor_pid_data_init)
    move_by_encoder                          0x08005d4d   Thumb Code   654  wheel.o(i.move_by_encoder)
    pid_change                               0x0800600d   Thumb Code   158  wheel_task.o(i.pid_change)
    pid_incremental                          0x080060cd   Thumb Code   236  pid.o(i.pid_incremental)
    pid_positional                           0x080061c1   Thumb Code   224  pid.o(i.pid_positional)
    read_addr                                0x080062a1   Thumb Code     4  usmart.o(i.read_addr)
    read_freq                                0x080062a5   Thumb Code    30  wheel_task.o(i.read_freq)
    receive_imu901_IRQ                       0x080062c5   Thumb Code    38  imu.o(i.receive_imu901_IRQ)
    receive_imu901_Init                      0x080062f5   Thumb Code    14  imu.o(i.receive_imu901_Init)
    set_chassis_speed                        0x0800630d   Thumb Code     8  wheel.o(i.set_chassis_speed)
    set_imu_status                           0x08006319   Thumb Code     4  imu_task.o(i.set_imu_status)
    set_motor                                0x0800631d   Thumb Code    14  wheel_config.o(i.set_motor)
    set_motor1_pid                           0x08006331   Thumb Code     8  wheel_task.o(i.set_motor1_pid)
    set_motor1val                            0x0800633d   Thumb Code     8  wheel_config.o(i.set_motor1val)
    set_motor_speed                          0x08006349   Thumb Code   212  wheel_pwm.o(i.set_motor_speed)
    unpacked_imu901                          0x0800641d   Thumb Code   132  imu.o(i.unpacked_imu901)
    usmart_cmd_rec                           0x080064a9   Thumb Code   142  usmart.o(i.usmart_cmd_rec)
    usmart_exe                               0x0800653d   Thumb Code   514  usmart.o(i.usmart_exe)
    usmart_get_aparm                         0x080067a1   Thumb Code   166  usmart_str.o(i.usmart_get_aparm)
    usmart_get_cmdname                       0x08006847   Thumb Code    46  usmart_str.o(i.usmart_get_cmdname)
    usmart_get_fname                         0x08006875   Thumb Code   362  usmart_str.o(i.usmart_get_fname)
    usmart_get_fparam                        0x080069e9   Thumb Code   222  usmart_str.o(i.usmart_get_fparam)
    usmart_get_parmpos                       0x08006acd   Thumb Code    30  usmart_str.o(i.usmart_get_parmpos)
    usmart_get_runtime                       0x08006af1   Thumb Code    42  usmart.o(i.usmart_get_runtime)
    usmart_init                              0x08006b25   Thumb Code    36  usmart.o(i.usmart_init)
    usmart_pow                               0x08006b4d   Thumb Code    16  usmart_str.o(i.usmart_pow)
    usmart_reset_runtime                     0x08006b5d   Thumb Code    34  usmart.o(i.usmart_reset_runtime)
    usmart_scan                              0x08006b89   Thumb Code    94  usmart.o(i.usmart_scan)
    usmart_search_nextc                      0x08006c41   Thumb Code    16  usmart_str.o(i.usmart_search_nextc)
    usmart_str2num                           0x08006c51   Thumb Code   216  usmart_str.o(i.usmart_str2num)
    usmart_strcmp                            0x08006d29   Thumb Code    24  usmart_str.o(i.usmart_strcmp)
    usmart_strcopy                           0x08006d41   Thumb Code    18  usmart_str.o(i.usmart_strcopy)
    usmart_strlen                            0x08006d53   Thumb Code    18  usmart_str.o(i.usmart_strlen)
    usmart_sys_cmd_exe                       0x08006d65   Thumb Code   536  usmart.o(i.usmart_sys_cmd_exe)
    write_addr                               0x080071a5   Thumb Code     4  usmart.o(i.write_addr)
    AHBPrescTable                            0x080071a8   Data          16  system_stm32f7xx.o(.constdata)
    APBPrescTable                            0x080071b8   Data           8  system_stm32f7xx.o(.constdata)
    Region$$Table$$Base                      0x08007808   Number         0  anon$$obj.o(Region$$Table)
    Region$$Table$$Limit                     0x08007828   Number         0  anon$$obj.o(Region$$Table)
    uwTickFreq                               0x20000000   Data           1  stm32f7xx_hal.o(.data)
    uwTickPrio                               0x20000004   Data           4  stm32f7xx_hal.o(.data)
    uwTick                                   0x20000008   Data           4  stm32f7xx_hal.o(.data)
    SystemCoreClock                          0x2000000c   Data           4  system_stm32f7xx.o(.data)
    Buffer                                   0x20000010   Data           1  main.o(.data)
    Iout                                     0x20000014   Data           4  pid.o(.data)
    Pout                                     0x20000018   Data           4  pid.o(.data)
    Dout                                     0x2000001c   Data           4  pid.o(.data)
    aRxBuffer                                0x20000020   Data           1  serial.o(.data)
    USART_RX_STA                             0x20000022   Data           2  serial.o(.data)
    IMU901_Rx_buffer                         0x20000027   Data           1  imu.o(.data)
    imu_pid_paramer                          0x20000028   Data          20  imu_task.o(.data)
    time_count                               0x20000040   Data           2  wheel.o(.data)
    time                                     0x20000044   Data           4  wheel.o(.data)
    val_imu                                  0x20000048   Data           4  wheel.o(.data)
    encoder                                  0x20000064   Data           4  wheel_encode.o(.data)
    motor1_pid_paramer                       0x200000e0   Data          20  wheel_task.o(.data)
    motor2_pid_paramer                       0x200000f4   Data          20  wheel_task.o(.data)
    motor3_pid_paramer                       0x20000108   Data          20  wheel_task.o(.data)
    motor4_pid_paramer                       0x2000011c   Data          20  wheel_task.o(.data)
    waittime                                 0x20000134   Data           4  time_cnt.o(.data)
    TIME_ISR_CNT                             0x2000013c   Data           4  time_cnt.o(.data)
    Time_Sys                                 0x20000140   Data           8  time_cnt.o(.data)
    sys_cmd_tab                              0x20000150   Data          28  usmart.o(.data)
    usmart_nametab                           0x2000016c   Data          72  usmart_config.o(.data)
    usmart_dev                               0x200001b4   Data         244  usmart_config.o(.data)
    __stdout                                 0x200002a8   Data           4  stdout.o(.data)
    htim1                                    0x200002b0   Data          76  tim.o(.bss)
    htim2                                    0x200002fc   Data          76  tim.o(.bss)
    htim3                                    0x20000348   Data          76  tim.o(.bss)
    htim5                                    0x20000394   Data          76  tim.o(.bss)
    htim6                                    0x200003e0   Data          76  tim.o(.bss)
    huart5                                   0x2000042c   Data         136  usart.o(.bss)
    huart1                                   0x200004b4   Data         136  usart.o(.bss)
    USART_RX_BUF                             0x2000053c   Data         200  serial.o(.bss)
    attitude                                 0x20000604   Data          28  imu.o(.bss)
    rxPacket_imu901                          0x20000620   Data          11  imu.o(.bss)
    imu_pid_data                             0x2000062c   Data          64  imu_task.o(.bss)
    chassis_param                            0x20000670   Data          16  wheel.o(.bss)
    motor_target                             0x20000680   Data          40  wheel.o(.bss)
    motor1                                   0x200006a8   Data          36  wheel_config.o(.bss)
    motor2                                   0x200006cc   Data          36  wheel_config.o(.bss)
    motor3                                   0x200006f0   Data          36  wheel_config.o(.bss)
    motor4                                   0x20000714   Data          36  wheel_config.o(.bss)
    motor1_pid_data                          0x20000738   Data          64  wheel_task.o(.bss)
    motor2_pid_data                          0x20000778   Data          64  wheel_task.o(.bss)
    motor3_pid_data                          0x200007b8   Data          64  wheel_task.o(.bss)
    motor4_pid_data                          0x200007f8   Data          64  wheel_task.o(.bss)
    TIM4_Handler                             0x20000838   Data          76  usmart.o(.bss)
    __initial_sp                             0x20000c88   Data           0  startup_stm32f750xx.o(STACK)



==============================================================================

Memory Map of the image

  Image Entry point : 0x080001c9

  Load Region LR_IROM1 (Base: 0x08000000, Size: 0x00007ad8, Max: 0x00010000, ABSOLUTE, COMPRESSED[0x000078c4])

    Execution Region ER_IROM1 (Exec base: 0x08000000, Load base: 0x08000000, Size: 0x00007828, Max: 0x00010000, ABSOLUTE)

    Exec Addr    Load Addr    Size         Type   Attr      Idx    E Section Name        Object

    0x08000000   0x08000000   0x000001c8   Data   RO            3    RESET               startup_stm32f750xx.o
    0x080001c8   0x080001c8   0x00000000   Code   RO         4481  * .ARM.Collect$$$$00000000  mc_w.l(entry.o)
    0x080001c8   0x080001c8   0x00000004   Code   RO         4797    .ARM.Collect$$$$00000001  mc_w.l(entry2.o)
    0x080001cc   0x080001cc   0x00000004   Code   RO         4800    .ARM.Collect$$$$00000004  mc_w.l(entry5.o)
    0x080001d0   0x080001d0   0x00000000   Code   RO         4802    .ARM.Collect$$$$00000008  mc_w.l(entry7b.o)
    0x080001d0   0x080001d0   0x00000000   Code   RO         4804    .ARM.Collect$$$$0000000A  mc_w.l(entry8b.o)
    0x080001d0   0x080001d0   0x00000008   Code   RO         4805    .ARM.Collect$$$$0000000B  mc_w.l(entry9a.o)
    0x080001d8   0x080001d8   0x00000000   Code   RO         4807    .ARM.Collect$$$$0000000D  mc_w.l(entry10a.o)
    0x080001d8   0x080001d8   0x00000000   Code   RO         4809    .ARM.Collect$$$$0000000F  mc_w.l(entry11a.o)
    0x080001d8   0x080001d8   0x00000004   Code   RO         4798    .ARM.Collect$$$$00002712  mc_w.l(entry2.o)
    0x080001dc   0x080001dc   0x00000024   Code   RO            4    .text               startup_stm32f750xx.o
    0x08000200   0x08000200   0x00000062   Code   RO         4484    .text               mc_w.l(uldiv.o)
    0x08000262   0x08000262   0x00000024   Code   RO         4486    .text               mc_w.l(memseta.o)
    0x08000286   0x08000286   0x0000014e   Code   RO         4749    .text               mf_w.l(dadd.o)
    0x080003d4   0x080003d4   0x000000e4   Code   RO         4751    .text               mf_w.l(dmul.o)
    0x080004b8   0x080004b8   0x00000022   Code   RO         4755    .text               mf_w.l(dflti.o)
    0x080004da   0x080004da   0x0000001a   Code   RO         4757    .text               mf_w.l(dfltui.o)
    0x080004f4   0x080004f4   0x0000003e   Code   RO         4759    .text               mf_w.l(dfixi.o)
    0x08000532   0x08000532   0x00000026   Code   RO         4761    .text               mf_w.l(f2d.o)
    0x08000558   0x08000558   0x00000030   Code   RO         4763    .text               mf_w.l(cdcmple.o)
    0x08000588   0x08000588   0x00000030   Code   RO         4765    .text               mf_w.l(cdrcmple.o)
    0x080005b8   0x080005b8   0x00000038   Code   RO         4767    .text               mf_w.l(d2f.o)
    0x080005f0   0x080005f0   0x0000002c   Code   RO         4812    .text               mc_w.l(uidiv.o)
    0x0800061c   0x0800061c   0x0000001e   Code   RO         4814    .text               mc_w.l(llshl.o)
    0x0800063a   0x0800063a   0x00000020   Code   RO         4816    .text               mc_w.l(llushr.o)
    0x0800065a   0x0800065a   0x00000024   Code   RO         4818    .text               mc_w.l(llsshr.o)
    0x0800067e   0x0800067e   0x00000000   Code   RO         4827    .text               mc_w.l(iusefp.o)
    0x0800067e   0x0800067e   0x0000006e   Code   RO         4828    .text               mf_w.l(fepilogue.o)
    0x080006ec   0x080006ec   0x000000ba   Code   RO         4830    .text               mf_w.l(depilogue.o)
    0x080007a6   0x080007a6   0x000000de   Code   RO         4832    .text               mf_w.l(ddiv.o)
    0x08000884   0x08000884   0x00000030   Code   RO         4834    .text               mf_w.l(dfixul.o)
    0x080008b4   0x080008b4   0x00000024   Code   RO         4846    .text               mc_w.l(init.o)
    0x080008d8   0x080008d8   0x00000056   Code   RO         4856    .text               mc_w.l(__dczerorl2.o)
    0x0800092e   0x0800092e   0x00000002   Code   RO         3556    i.BusFault_Handler  stm32f7xx_it.o
    0x08000930   0x08000930   0x00000002   Code   RO         3557    i.DebugMon_Handler  stm32f7xx_it.o
    0x08000932   0x08000932   0x00000004   Code   RO         3284    i.Error_Handler     main.o
    0x08000936   0x08000936   0x00000002   PAD
    0x08000938   0x08000938   0x00000048   Code   RO         4182    i.Get_Time_Period   time_cnt.o
    0x08000980   0x08000980   0x0000003c   Code   RO         3764    i.Get_imu901        imu.o
    0x080009bc   0x080009bc   0x00000092   Code   RO         1656    i.HAL_DMA_Abort     stm32f7xx_hal_dma.o
    0x08000a4e   0x08000a4e   0x00000024   Code   RO         1657    i.HAL_DMA_Abort_IT  stm32f7xx_hal_dma.o
    0x08000a72   0x08000a72   0x00000002   PAD
    0x08000a74   0x08000a74   0x00000024   Code   RO         2023    i.HAL_Delay         stm32f7xx_hal.o
    0x08000a98   0x08000a98   0x00000248   Code   RO         1590    i.HAL_GPIO_Init     stm32f7xx_hal_gpio.o
    0x08000ce0   0x08000ce0   0x0000000a   Code   RO         1592    i.HAL_GPIO_ReadPin  stm32f7xx_hal_gpio.o
    0x08000cea   0x08000cea   0x00000002   PAD
    0x08000cec   0x08000cec   0x0000000c   Code   RO         2031    i.HAL_GetTick       stm32f7xx_hal.o
    0x08000cf8   0x08000cf8   0x00000010   Code   RO         2037    i.HAL_IncTick       stm32f7xx_hal.o
    0x08000d08   0x08000d08   0x00000016   Code   RO         2038    i.HAL_Init          stm32f7xx_hal.o
    0x08000d1e   0x08000d1e   0x00000002   PAD
    0x08000d20   0x08000d20   0x00000040   Code   RO         2039    i.HAL_InitTick      stm32f7xx_hal.o
    0x08000d60   0x08000d60   0x00000030   Code   RO         3661    i.HAL_MspInit       stm32f7xx_hal_msp.o
    0x08000d90   0x08000d90   0x0000001a   Code   RO           18    i.HAL_NVIC_EnableIRQ  stm32f7xx_hal_cortex.o
    0x08000daa   0x08000daa   0x00000002   PAD
    0x08000dac   0x08000dac   0x00000040   Code   RO           24    i.HAL_NVIC_SetPriority  stm32f7xx_hal_cortex.o
    0x08000dec   0x08000dec   0x00000024   Code   RO           25    i.HAL_NVIC_SetPriorityGrouping  stm32f7xx_hal_cortex.o
    0x08000e10   0x08000e10   0x0000006c   Code   RO         1930    i.HAL_PWREx_EnableOverDrive  stm32f7xx_hal_pwr_ex.o
    0x08000e7c   0x08000e7c   0x000004fc   Code   RO         1351    i.HAL_RCCEx_PeriphCLKConfig  stm32f7xx_hal_rcc_ex.o
    0x08001378   0x08001378   0x00000130   Code   RO         1244    i.HAL_RCC_ClockConfig  stm32f7xx_hal_rcc.o
    0x080014a8   0x080014a8   0x00000020   Code   RO         1251    i.HAL_RCC_GetPCLK1Freq  stm32f7xx_hal_rcc.o
    0x080014c8   0x080014c8   0x00000020   Code   RO         1252    i.HAL_RCC_GetPCLK2Freq  stm32f7xx_hal_rcc.o
    0x080014e8   0x080014e8   0x00000064   Code   RO         1253    i.HAL_RCC_GetSysClockFreq  stm32f7xx_hal_rcc.o
    0x0800154c   0x0800154c   0x00000384   Code   RO         1256    i.HAL_RCC_OscConfig  stm32f7xx_hal_rcc.o
    0x080018d0   0x080018d0   0x00000026   Code   RO           29    i.HAL_SYSTICK_Config  stm32f7xx_hal_cortex.o
    0x080018f6   0x080018f6   0x00000002   Code   RO          964    i.HAL_TIMEx_Break2Callback  stm32f7xx_hal_tim_ex.o
    0x080018f8   0x080018f8   0x00000002   Code   RO          965    i.HAL_TIMEx_BreakCallback  stm32f7xx_hal_tim_ex.o
    0x080018fa   0x080018fa   0x00000002   Code   RO          966    i.HAL_TIMEx_CommutCallback  stm32f7xx_hal_tim_ex.o
    0x080018fc   0x080018fc   0x000000a0   Code   RO          968    i.HAL_TIMEx_ConfigBreakDeadTime  stm32f7xx_hal_tim_ex.o
    0x0800199c   0x0800199c   0x000000a4   Code   RO          985    i.HAL_TIMEx_MasterConfigSynchronization  stm32f7xx_hal_tim_ex.o
    0x08001a40   0x08001a40   0x00000062   Code   RO          246    i.HAL_TIM_Base_Init  stm32f7xx_hal_tim.o
    0x08001aa2   0x08001aa2   0x00000002   PAD
    0x08001aa4   0x08001aa4   0x0000003c   Code   RO         3413    i.HAL_TIM_Base_MspInit  tim.o
    0x08001ae0   0x08001ae0   0x0000008c   Code   RO          251    i.HAL_TIM_Base_Start_IT  stm32f7xx_hal_tim.o
    0x08001b6c   0x08001b6c   0x00000124   Code   RO         4031    i.HAL_TIM_IC_CaptureCallback  wheel_encode.o
    0x08001c90   0x08001c90   0x00000122   Code   RO          282    i.HAL_TIM_IC_ConfigChannel  stm32f7xx_hal_tim.o
    0x08001db2   0x08001db2   0x00000062   Code   RO          285    i.HAL_TIM_IC_Init   stm32f7xx_hal_tim.o
    0x08001e14   0x08001e14   0x000000e0   Code   RO         3415    i.HAL_TIM_IC_MspInit  tim.o
    0x08001ef4   0x08001ef4   0x00000144   Code   RO          290    i.HAL_TIM_IC_Start_IT  stm32f7xx_hal_tim.o
    0x08002038   0x08002038   0x00000182   Code   RO          294    i.HAL_TIM_IRQHandler  stm32f7xx_hal_tim.o
    0x080021ba   0x080021ba   0x00000002   PAD
    0x080021bc   0x080021bc   0x000000a8   Code   RO         3416    i.HAL_TIM_MspPostInit  tim.o
    0x08002264   0x08002264   0x00000002   Code   RO          297    i.HAL_TIM_OC_DelayElapsedCallback  stm32f7xx_hal_tim.o
    0x08002266   0x08002266   0x00000124   Code   RO          318    i.HAL_TIM_PWM_ConfigChannel  stm32f7xx_hal_tim.o
    0x0800238a   0x0800238a   0x00000062   Code   RO          321    i.HAL_TIM_PWM_Init  stm32f7xx_hal_tim.o
    0x080023ec   0x080023ec   0x00000034   Code   RO         3418    i.HAL_TIM_PWM_MspInit  tim.o
    0x08002420   0x08002420   0x00000002   Code   RO          324    i.HAL_TIM_PWM_PulseFinishedCallback  stm32f7xx_hal_tim.o
    0x08002422   0x08002422   0x00000002   PAD
    0x08002424   0x08002424   0x000000f8   Code   RO          326    i.HAL_TIM_PWM_Start  stm32f7xx_hal_tim.o
    0x0800251c   0x0800251c   0x0000002c   Code   RO         4032    i.HAL_TIM_PeriodElapsedCallback  wheel_encode.o
    0x08002548   0x08002548   0x0000002c   Code   RO          334    i.HAL_TIM_ReadCapturedValue  stm32f7xx_hal_tim.o
    0x08002574   0x08002574   0x00000002   Code   RO          337    i.HAL_TIM_TriggerCallback  stm32f7xx_hal_tim.o
    0x08002576   0x08002576   0x00000002   Code   RO         2809    i.HAL_UARTEx_RxEventCallback  stm32f7xx_hal_uart.o
    0x08002578   0x08002578   0x00000002   Code   RO         2825    i.HAL_UART_ErrorCallback  stm32f7xx_hal_uart.o
    0x0800257a   0x0800257a   0x0000000c   Code   RO         2827    i.HAL_UART_GetState  stm32f7xx_hal_uart.o
    0x08002586   0x08002586   0x00000002   PAD
    0x08002588   0x08002588   0x00000298   Code   RO         2828    i.HAL_UART_IRQHandler  stm32f7xx_hal_uart.o
    0x08002820   0x08002820   0x00000066   Code   RO         2829    i.HAL_UART_Init     stm32f7xx_hal_uart.o
    0x08002886   0x08002886   0x00000002   PAD
    0x08002888   0x08002888   0x00000124   Code   RO         3509    i.HAL_UART_MspInit  usart.o
    0x080029ac   0x080029ac   0x0000003c   Code   RO         2834    i.HAL_UART_Receive_IT  stm32f7xx_hal_uart.o
    0x080029e8   0x080029e8   0x00000070   Code   RO         3721    i.HAL_UART_RxCpltCallback  serial.o
    0x08002a58   0x08002a58   0x000000a2   Code   RO         2838    i.HAL_UART_Transmit  stm32f7xx_hal_uart.o
    0x08002afa   0x08002afa   0x00000002   Code   RO         2841    i.HAL_UART_TxCpltCallback  stm32f7xx_hal_uart.o
    0x08002afc   0x08002afc   0x00000002   Code   RO         3558    i.HardFault_Handler  stm32f7xx_it.o
    0x08002afe   0x08002afe   0x00000002   PAD
    0x08002b00   0x08002b00   0x000000a0   Code   RO         3388    i.MX_GPIO_Init      gpio.o
    0x08002ba0   0x08002ba0   0x000000dc   Code   RO         3419    i.MX_TIM1_Init      tim.o
    0x08002c7c   0x08002c7c   0x000000a0   Code   RO         3420    i.MX_TIM2_Init      tim.o
    0x08002d1c   0x08002d1c   0x0000007c   Code   RO         3421    i.MX_TIM3_Init      tim.o
    0x08002d98   0x08002d98   0x0000007c   Code   RO         3422    i.MX_TIM5_Init      tim.o
    0x08002e14   0x08002e14   0x00000048   Code   RO         3423    i.MX_TIM6_Init      tim.o
    0x08002e5c   0x08002e5c   0x0000003c   Code   RO         3510    i.MX_UART5_Init     usart.o
    0x08002e98   0x08002e98   0x0000003c   Code   RO         3511    i.MX_USART1_UART_Init  usart.o
    0x08002ed4   0x08002ed4   0x00000002   Code   RO         3559    i.MemManage_Handler  stm32f7xx_it.o
    0x08002ed6   0x08002ed6   0x00000002   Code   RO         3560    i.NMI_Handler       stm32f7xx_it.o
    0x08002ed8   0x08002ed8   0x00000002   Code   RO         3561    i.PendSV_Handler    stm32f7xx_it.o
    0x08002eda   0x08002eda   0x00000002   Code   RO         3562    i.SVC_Handler       stm32f7xx_it.o
    0x08002edc   0x08002edc   0x00000004   Code   RO         3563    i.SysTick_Handler   stm32f7xx_it.o
    0x08002ee0   0x08002ee0   0x000000a0   Code   RO         3285    i.SystemClock_Config  main.o
    0x08002f80   0x08002f80   0x00000010   Code   RO         3247    i.SystemInit        system_stm32f7xx.o
    0x08002f90   0x08002f90   0x000001b4   Code   RO         4033    i.TIM3CaptureChannel1Callback  wheel_encode.o
    0x08003144   0x08003144   0x000001b4   Code   RO         4034    i.TIM3CaptureChannel3Callback  wheel_encode.o
    0x080032f8   0x080032f8   0x0000000c   Code   RO         3564    i.TIM3_IRQHandler   stm32f7xx_it.o
    0x08003304   0x08003304   0x00000034   Code   RO         4035    i.TIM3_IcOverflowCntCallback  wheel_encode.o
    0x08003338   0x08003338   0x00000034   Code   RO         4259    i.TIM4_IRQHandler   usmart.o
    0x0800336c   0x0800336c   0x000001b4   Code   RO         4036    i.TIM5CaptureChannel1Callback  wheel_encode.o
    0x08003520   0x08003520   0x000001b4   Code   RO         4037    i.TIM5CaptureChannel3Callback  wheel_encode.o
    0x080036d4   0x080036d4   0x0000000c   Code   RO         3565    i.TIM5_IRQHandler   stm32f7xx_it.o
    0x080036e0   0x080036e0   0x00000034   Code   RO         4038    i.TIM5_IcOverflowCntCallback  wheel_encode.o
    0x08003714   0x08003714   0x00000014   Code   RO         3566    i.TIM6_DAC_IRQHandler  stm32f7xx_it.o
    0x08003728   0x08003728   0x000000cc   Code   RO          339    i.TIM_Base_SetConfig  stm32f7xx_hal_tim.o
    0x080037f4   0x080037f4   0x0000001a   Code   RO          340    i.TIM_CCxChannelCmd  stm32f7xx_hal_tim.o
    0x0800380e   0x0800380e   0x00000002   PAD
    0x08003810   0x08003810   0x00000078   Code   RO         4183    i.TIM_IRQ           time_cnt.o
    0x08003888   0x08003888   0x00000074   Code   RO          352    i.TIM_OC1_SetConfig  stm32f7xx_hal_tim.o
    0x080038fc   0x080038fc   0x00000078   Code   RO          353    i.TIM_OC2_SetConfig  stm32f7xx_hal_tim.o
    0x08003974   0x08003974   0x00000078   Code   RO          354    i.TIM_OC3_SetConfig  stm32f7xx_hal_tim.o
    0x080039ec   0x080039ec   0x00000058   Code   RO          355    i.TIM_OC4_SetConfig  stm32f7xx_hal_tim.o
    0x08003a44   0x08003a44   0x00000058   Code   RO          356    i.TIM_OC5_SetConfig  stm32f7xx_hal_tim.o
    0x08003a9c   0x08003a9c   0x00000058   Code   RO          357    i.TIM_OC6_SetConfig  stm32f7xx_hal_tim.o
    0x08003af4   0x08003af4   0x00000080   Code   RO          360    i.TIM_TI1_SetConfig  stm32f7xx_hal_tim.o
    0x08003b74   0x08003b74   0x00000036   Code   RO          362    i.TIM_TI2_SetConfig  stm32f7xx_hal_tim.o
    0x08003baa   0x08003baa   0x00000002   PAD
    0x08003bac   0x08003bac   0x00000054   Code   RO         4260    i.Timer4_Init       usmart.o
    0x08003c00   0x08003c00   0x0000000c   Code   RO         3567    i.UART5_IRQHandler  stm32f7xx_it.o
    0x08003c0c   0x08003c0c   0x000000c8   Code   RO         2843    i.UART_AdvFeatureConfig  stm32f7xx_hal_uart.o
    0x08003cd4   0x08003cd4   0x00000044   Code   RO         2844    i.UART_CheckIdleState  stm32f7xx_hal_uart.o
    0x08003d18   0x08003d18   0x00000014   Code   RO         2845    i.UART_DMAAbortOnError  stm32f7xx_hal_uart.o
    0x08003d2c   0x08003d2c   0x0000004c   Code   RO         2855    i.UART_EndRxTransfer  stm32f7xx_hal_uart.o
    0x08003d78   0x08003d78   0x000000a4   Code   RO         2857    i.UART_RxISR_16BIT  stm32f7xx_hal_uart.o
    0x08003e1c   0x08003e1c   0x000000a4   Code   RO         2858    i.UART_RxISR_8BIT   stm32f7xx_hal_uart.o
    0x08003ec0   0x08003ec0   0x00000230   Code   RO         2859    i.UART_SetConfig    stm32f7xx_hal_uart.o
    0x080040f0   0x080040f0   0x000000b8   Code   RO         2861    i.UART_Start_Receive_IT  stm32f7xx_hal_uart.o
    0x080041a8   0x080041a8   0x000000ca   Code   RO         2864    i.UART_WaitOnFlagUntilTimeout  stm32f7xx_hal_uart.o
    0x08004272   0x08004272   0x00000002   PAD
    0x08004274   0x08004274   0x00000014   Code   RO         3568    i.USART1_IRQHandler  stm32f7xx_it.o
    0x08004288   0x08004288   0x00000040   Code   RO         3722    i.USART1_myIRQHandler  serial.o
    0x080042c8   0x080042c8   0x00000002   Code   RO         3569    i.UsageFault_Handler  stm32f7xx_it.o
    0x080042ca   0x080042ca   0x00000002   PAD
    0x080042cc   0x080042cc   0x00000020   Code   RO         4721    i.__0printf         mc_w.l(printfa.o)
    0x080042ec   0x080042ec   0x00000030   Code   RO         4842    i.__ARM_fpclassify  m_wm.l(fpclassify.o)
    0x0800431c   0x0800431c   0x00000022   Code   RO           31    i.__NVIC_SetPriority  stm32f7xx_hal_cortex.o
    0x0800433e   0x0800433e   0x00000002   PAD
    0x08004340   0x08004340   0x000000c8   Code   RO         4457    i.__hardfp_cos      m_wm.l(cos.o)
    0x08004408   0x08004408   0x000000c8   Code   RO         4469    i.__hardfp_sin      m_wm.l(sin.o)
    0x080044d0   0x080044d0   0x00000438   Code   RO         4786    i.__ieee754_rem_pio2  m_wm.l(rred.o)
    0x08004908   0x08004908   0x00000170   Code   RO         4769    i.__kernel_cos      m_wm.l(cos_i.o)
    0x08004a78   0x08004a78   0x000000f8   Code   RO         4844    i.__kernel_poly     m_wm.l(poly.o)
    0x08004b70   0x08004b70   0x00000130   Code   RO         4791    i.__kernel_sin      m_wm.l(sin_i.o)
    0x08004ca0   0x08004ca0   0x00000014   Code   RO         4773    i.__mathlib_dbl_infnan  m_wm.l(dunder.o)
    0x08004cb4   0x08004cb4   0x00000004   PAD
    0x08004cb8   0x08004cb8   0x00000020   Code   RO         4775    i.__mathlib_dbl_invalid  m_wm.l(dunder.o)
    0x08004cd8   0x08004cd8   0x00000020   Code   RO         4778    i.__mathlib_dbl_underflow  m_wm.l(dunder.o)
    0x08004cf8   0x08004cf8   0x0000000e   Code   RO         4850    i.__scatterload_copy  mc_w.l(handlers.o)
    0x08004d06   0x08004d06   0x00000002   Code   RO         4851    i.__scatterload_null  mc_w.l(handlers.o)
    0x08004d08   0x08004d08   0x0000000e   Code   RO         4852    i.__scatterload_zeroinit  mc_w.l(handlers.o)
    0x08004d16   0x08004d16   0x00000002   PAD
    0x08004d18   0x08004d18   0x0000000c   Code   RO         4822    i.__set_errno       mc_w.l(errno.o)
    0x08004d24   0x08004d24   0x00000184   Code   RO         4728    i._fp_digits        mc_w.l(printfa.o)
    0x08004ea8   0x08004ea8   0x000006dc   Code   RO         4729    i._printf_core      mc_w.l(printfa.o)
    0x08005584   0x08005584   0x00000024   Code   RO         4730    i._printf_post_padding  mc_w.l(printfa.o)
    0x080055a8   0x080055a8   0x0000002e   Code   RO         4731    i._printf_pre_padding  mc_w.l(printfa.o)
    0x080055d6   0x080055d6   0x00000002   PAD
    0x080055d8   0x080055d8   0x00000344   Code   RO         3878    i.chassis_synthetic_control  wheel.o
    0x0800591c   0x0800591c   0x00000028   Code   RO         4218    i.delay_init        time_delay.o
    0x08005944   0x08005944   0x00000034   Code   RO         4219    i.delay_ms          time_delay.o
    0x08005978   0x08005978   0x00000018   Code   RO         4838    i.fabs              m_wm.l(fabs.o)
    0x08005990   0x08005990   0x00000018   Code   RO         3723    i.fputc             serial.o
    0x080059a8   0x080059a8   0x00000070   Code   RO         3814    i.imu_calibration   imu_task.o
    0x08005a18   0x08005a18   0x000000b0   Code   RO         3815    i.imu_pid           imu_task.o
    0x08005ac8   0x08005ac8   0x00000038   Code   RO         3816    i.imu_pid_data_init  imu_task.o
    0x08005b00   0x08005b00   0x000000e8   Code   RO         3286    i.main              main.o
    0x08005be8   0x08005be8   0x0000004c   Code   RO         3946    i.motor1_Enable     wheel_config.o
    0x08005c34   0x08005c34   0x0000004c   Code   RO         3947    i.motor2_Enable     wheel_config.o
    0x08005c80   0x08005c80   0x0000004c   Code   RO         3948    i.motor3_Enable     wheel_config.o
    0x08005ccc   0x08005ccc   0x00000048   Code   RO         3949    i.motor4_Enable     wheel_config.o
    0x08005d14   0x08005d14   0x00000038   Code   RO         4128    i.motor_pid_data_init  wheel_task.o
    0x08005d4c   0x08005d4c   0x000002c0   Code   RO         3879    i.move_by_encoder   wheel.o
    0x0800600c   0x0800600c   0x000000c0   Code   RO         4129    i.pid_change        wheel_task.o
    0x080060cc   0x080060cc   0x000000f4   Code   RO         3685    i.pid_incremental   pid.o
    0x080061c0   0x080061c0   0x000000e0   Code   RO         3686    i.pid_positional    pid.o
    0x080062a0   0x080062a0   0x00000004   Code   RO         4261    i.read_addr         usmart.o
    0x080062a4   0x080062a4   0x0000001e   Code   RO         4130    i.read_freq         wheel_task.o
    0x080062c2   0x080062c2   0x00000002   PAD
    0x080062c4   0x080062c4   0x00000030   Code   RO         3765    i.receive_imu901_IRQ  imu.o
    0x080062f4   0x080062f4   0x00000018   Code   RO         3766    i.receive_imu901_Init  imu.o
    0x0800630c   0x0800630c   0x0000000c   Code   RO         3880    i.set_chassis_speed  wheel.o
    0x08006318   0x08006318   0x00000004   Code   RO         3818    i.set_imu_status    imu_task.o
    0x0800631c   0x0800631c   0x00000014   Code   RO         3950    i.set_motor         wheel_config.o
    0x08006330   0x08006330   0x0000000c   Code   RO         4131    i.set_motor1_pid    wheel_task.o
    0x0800633c   0x0800633c   0x0000000c   Code   RO         3951    i.set_motor1val     wheel_config.o
    0x08006348   0x08006348   0x000000d4   Code   RO         4103    i.set_motor_speed   wheel_pwm.o
    0x0800641c   0x0800641c   0x0000008c   Code   RO         3767    i.unpacked_imu901   imu.o
    0x080064a8   0x080064a8   0x00000094   Code   RO         4262    i.usmart_cmd_rec    usmart.o
    0x0800653c   0x0800653c   0x00000264   Code   RO         4263    i.usmart_exe        usmart.o
    0x080067a0   0x080067a0   0x000000a6   Code   RO         4381    i.usmart_get_aparm  usmart_str.o
    0x08006846   0x08006846   0x0000002e   Code   RO         4382    i.usmart_get_cmdname  usmart_str.o
    0x08006874   0x08006874   0x00000174   Code   RO         4383    i.usmart_get_fname  usmart_str.o
    0x080069e8   0x080069e8   0x000000e4   Code   RO         4384    i.usmart_get_fparam  usmart_str.o
    0x08006acc   0x08006acc   0x00000024   Code   RO         4385    i.usmart_get_parmpos  usmart_str.o
    0x08006af0   0x08006af0   0x00000034   Code   RO         4264    i.usmart_get_runtime  usmart.o
    0x08006b24   0x08006b24   0x00000028   Code   RO         4265    i.usmart_init       usmart.o
    0x08006b4c   0x08006b4c   0x00000010   Code   RO         4386    i.usmart_pow        usmart_str.o
    0x08006b5c   0x08006b5c   0x0000002c   Code   RO         4266    i.usmart_reset_runtime  usmart.o
    0x08006b88   0x08006b88   0x000000b8   Code   RO         4267    i.usmart_scan       usmart.o
    0x08006c40   0x08006c40   0x00000010   Code   RO         4387    i.usmart_search_nextc  usmart_str.o
    0x08006c50   0x08006c50   0x000000d8   Code   RO         4388    i.usmart_str2num    usmart_str.o
    0x08006d28   0x08006d28   0x00000018   Code   RO         4389    i.usmart_strcmp     usmart_str.o
    0x08006d40   0x08006d40   0x00000012   Code   RO         4390    i.usmart_strcopy    usmart_str.o
    0x08006d52   0x08006d52   0x00000012   Code   RO         4391    i.usmart_strlen     usmart_str.o
    0x08006d64   0x08006d64   0x00000440   Code   RO         4268    i.usmart_sys_cmd_exe  usmart.o
    0x080071a4   0x080071a4   0x00000004   Code   RO         4269    i.write_addr        usmart.o
    0x080071a8   0x080071a8   0x00000010   Data   RO         3248    .constdata          system_stm32f7xx.o
    0x080071b8   0x080071b8   0x00000008   Data   RO         3249    .constdata          system_stm32f7xx.o
    0x080071c0   0x080071c0   0x00000030   Data   RO         4770    .constdata          m_wm.l(cos_i.o)
    0x080071f0   0x080071f0   0x000000c8   Data   RO         4788    .constdata          m_wm.l(rred.o)
    0x080072b8   0x080072b8   0x00000028   Data   RO         4792    .constdata          m_wm.l(sin_i.o)
    0x080072e0   0x080072e0   0x00000398   Data   RO         4271    .conststring        usmart.o
    0x08007678   0x08007678   0x0000018d   Data   RO         4355    .conststring        usmart_config.o
    0x08007805   0x08007805   0x00000003   PAD
    0x08007808   0x08007808   0x00000020   Data   RO         4848    Region$$Table       anon$$obj.o


    Execution Region RW_IRAM1 (Exec base: 0x20000000, Load base: 0x08007828, Size: 0x00000c88, Max: 0x00050000, ABSOLUTE, COMPRESSED[0x0000009c])

    Exec Addr    Load Addr    Size         Type   Attr      Idx    E Section Name        Object

    0x20000000   COMPRESSED   0x0000000c   Data   RW         2045    .data               stm32f7xx_hal.o
    0x2000000c   COMPRESSED   0x00000004   Data   RW         3250    .data               system_stm32f7xx.o
    0x20000010   COMPRESSED   0x00000001   Data   RW         3288    .data               main.o
    0x20000011   COMPRESSED   0x00000003   PAD
    0x20000014   COMPRESSED   0x0000000c   Data   RW         3687    .data               pid.o
    0x20000020   COMPRESSED   0x00000004   Data   RW         3725    .data               serial.o
    0x20000024   COMPRESSED   0x00000004   Data   RW         3769    .data               imu.o
    0x20000028   COMPRESSED   0x00000014   Data   RW         3821    .data               imu_task.o
    0x2000003c   COMPRESSED   0x00000004   PAD
    0x20000040   COMPRESSED   0x00000018   Data   RW         3882    .data               wheel.o
    0x20000058   COMPRESSED   0x00000088   Data   RW         4039    .data               wheel_encode.o
    0x200000e0   COMPRESSED   0x00000050   Data   RW         4133    .data               wheel_task.o
    0x20000130   COMPRESSED   0x00000018   Data   RW         4184    .data               time_cnt.o
    0x20000148   COMPRESSED   0x00000008   Data   RW         4221    .data               time_delay.o
    0x20000150   COMPRESSED   0x0000001c   Data   RW         4272    .data               usmart.o
    0x2000016c   COMPRESSED   0x00000048   Data   RW         4356    .data               usmart_config.o
    0x200001b4   COMPRESSED   0x000000f4   Data   RW         4357    .data               usmart_config.o
    0x200002a8   COMPRESSED   0x00000004   Data   RW         4811    .data               mc_w.l(stdout.o)
    0x200002ac   COMPRESSED   0x00000004   Data   RW         4823    .data               mc_w.l(errno.o)
    0x200002b0        -       0x0000017c   Zero   RW         3424    .bss                tim.o
    0x2000042c        -       0x00000110   Zero   RW         3512    .bss                usart.o
    0x2000053c        -       0x000000c8   Zero   RW         3724    .bss                serial.o
    0x20000604        -       0x00000027   Zero   RW         3768    .bss                imu.o
    0x2000062b   COMPRESSED   0x00000001   PAD
    0x2000062c        -       0x00000040   Zero   RW         3820    .bss                imu_task.o
    0x2000066c   COMPRESSED   0x00000004   PAD
    0x20000670        -       0x00000038   Zero   RW         3881    .bss                wheel.o
    0x200006a8        -       0x00000024   Zero   RW         3952    .bss                wheel_config.o
    0x200006cc        -       0x00000024   Zero   RW         3953    .bss                wheel_config.o
    0x200006f0        -       0x00000024   Zero   RW         3954    .bss                wheel_config.o
    0x20000714        -       0x00000024   Zero   RW         3955    .bss                wheel_config.o
    0x20000738        -       0x00000100   Zero   RW         4132    .bss                wheel_task.o
    0x20000838        -       0x0000004c   Zero   RW         4270    .bss                usmart.o
    0x20000884   COMPRESSED   0x00000004   PAD
    0x20000888        -       0x00000400   Zero   RW            1    STACK               startup_stm32f750xx.o


==============================================================================

Image component sizes


      Code (inc. data)   RO Data    RW Data    ZI Data      Debug   Object Name

       160         12          0          0          0        987   gpio.o
       272         46          0          4         39       3762   imu.o
       348         52          0         20         64       3794   imu_task.o
       396         70          0          1          0       5277   main.o
       468          8          0         12          0       3012   pid.o
       200         40          0          4        200       2350   serial.o
        36          8        456          0       1024        828   startup_stm32f750xx.o
       150         24          0         12          0       8969   stm32f7xx_hal.o
       198         12          0          0          0     878287   stm32f7xx_hal_cortex.o
       182          0          0          0          0       2107   stm32f7xx_hal_dma.o
       594         54          0          0          0       2239   stm32f7xx_hal_gpio.o
        48          6          0          0          0        830   stm32f7xx_hal_msp.o
       108          8          0          0          0       1248   stm32f7xx_hal_pwr_ex.o
      1368         68          0          0          0       5128   stm32f7xx_hal_rcc.o
      1276         16          0          0          0       2268   stm32f7xx_hal_rcc_ex.o
      3056        250          0          0          0      19218   stm32f7xx_hal_tim.o
       330         40          0          0          0       3976   stm32f7xx_hal_tim_ex.o
      2644         84          0          0          0      14905   stm32f7xx_hal_uart.o
        96         26          0          0          0       6463   stm32f7xx_it.o
        16          4         24          4          0       1103   system_stm32f7xx.o
      1204         98          0          0        380       6627   tim.o
       192         20          0         24          0       2201   time_cnt.o
        92         18          0          8          0       1284   time_delay.o
       412         40          0          0        272       2493   usart.o
      2312        810        920         28         76       7779   usmart.o
         0          0        397        316          0       1540   usmart_config.o
      1156         22          0          0          0       9227   usmart_str.o
      1552        142          0         24         56       4754   wheel.o
       332         62          0          0        144       4681   wheel_config.o
      2184        128          0        136          0       7085   wheel_encode.o
       212          0          0          0          0       1026   wheel_pwm.o
       290         42          0         80        256       3443   wheel_task.o

    ----------------------------------------------------------------------
     21918       2210       1832        680       2520    1018891   Object Totals
         0          0         32          0          0          0   (incl. Generated)
        34          0          3          7          9          0   (incl. Padding)

    ----------------------------------------------------------------------

      Code (inc. data)   RO Data    RW Data    ZI Data      Debug   Library Member Name

       200         20          0          0          0        164   cos.o
       368         46         48          0          0        200   cos_i.o
        84         16          0          0          0        372   dunder.o
        24          0          0          0          0        124   fabs.o
        48          0          0          0          0        124   fpclassify.o
       248          0          0          0          0        152   poly.o
      1080        142        200          0          0        188   rred.o
       200         20          0          0          0        164   sin.o
       304         24         40          0          0        208   sin_i.o
        86          0          0          0          0          0   __dczerorl2.o
         0          0          0          0          0          0   entry.o
         0          0          0          0          0          0   entry10a.o
         0          0          0          0          0          0   entry11a.o
         8          4          0          0          0          0   entry2.o
         4          0          0          0          0          0   entry5.o
         0          0          0          0          0          0   entry7b.o
         0          0          0          0          0          0   entry8b.o
         8          4          0          0          0          0   entry9a.o
        12          6          0          4          0         68   errno.o
        30          0          0          0          0          0   handlers.o
        36          8          0          0          0         68   init.o
         0          0          0          0          0          0   iusefp.o
        30          0          0          0          0         68   llshl.o
        36          0          0          0          0         68   llsshr.o
        32          0          0          0          0         68   llushr.o
        36          0          0          0          0        108   memseta.o
      2258         90          0          0          0        452   printfa.o
         0          0          0          4          0          0   stdout.o
        44          0          0          0          0         80   uidiv.o
        98          0          0          0          0         92   uldiv.o
        48          0          0          0          0         68   cdcmple.o
        48          0          0          0          0         68   cdrcmple.o
        56          0          0          0          0         88   d2f.o
       334          0          0          0          0        148   dadd.o
       222          0          0          0          0        100   ddiv.o
       186          0          0          0          0        176   depilogue.o
        62          0          0          0          0         80   dfixi.o
        48          0          0          0          0         68   dfixul.o
        34          0          0          0          0         76   dflti.o
        26          0          0          0          0         76   dfltui.o
       228          0          0          0          0         96   dmul.o
        38          0          0          0          0         68   f2d.o
       110          0          0          0          0        168   fepilogue.o

    ----------------------------------------------------------------------
      6722        380        288          8          0       4048   Library Totals
         8          0          0          0          0          0   (incl. Padding)

    ----------------------------------------------------------------------

      Code (inc. data)   RO Data    RW Data    ZI Data      Debug   Library Name

      2556        268        288          0          0       1696   m_wm.l
      2718        112          0          8          0       1072   mc_w.l
      1440          0          0          0          0       1280   mf_w.l

    ----------------------------------------------------------------------
      6722        380        288          8          0       4048   Library Totals

    ----------------------------------------------------------------------

==============================================================================


      Code (inc. data)   RO Data    RW Data    ZI Data      Debug   

     28640       2590       2120        688       2520    1006127   Grand Totals
     28640       2590       2120        156       2520    1006127   ELF Image Totals (compressed)
     28640       2590       2120        156          0          0   ROM Totals

==============================================================================

    Total RO  Size (Code + RO Data)                30760 (  30.04kB)
    Total RW  Size (RW Data + ZI Data)              3208 (   3.13kB)
    Total ROM Size (Code + RO Data + RW Data)      30916 (  30.19kB)

==============================================================================

